Archive member included to satisfy reference by file (symbol)

/usr/lib/gcc/arm-none-eabi/10.3.1/thumb/v6-m/nofp/libgcc.a(_dvmd_tls.o)
                              CMakeFiles/mono_modulation.dir/home/luka/pico/pico-sdk/src/rp2_common/pico_divider/divider.S.obj (__aeabi_idiv0)
/usr/lib/gcc/arm-none-eabi/10.3.1/../../../arm-none-eabi/lib/thumb/v6-m/nofp/libg.a(lib_a-atexit.o)
                              /usr/lib/gcc/arm-none-eabi/10.3.1/../../../arm-none-eabi/lib/thumb/v6-m/nofp/crt0.o (atexit)
/usr/lib/gcc/arm-none-eabi/10.3.1/../../../arm-none-eabi/lib/thumb/v6-m/nofp/libg.a(lib_a-calloc.o)
                              CMakeFiles/mono_modulation.dir/home/luka/pico/pico-sdk/src/rp2_common/pico_malloc/pico_malloc.c.obj (calloc)
/usr/lib/gcc/arm-none-eabi/10.3.1/../../../arm-none-eabi/lib/thumb/v6-m/nofp/libg.a(lib_a-callocr.o)
                              /usr/lib/gcc/arm-none-eabi/10.3.1/../../../arm-none-eabi/lib/thumb/v6-m/nofp/libg.a(lib_a-calloc.o) (_calloc_r)
/usr/lib/gcc/arm-none-eabi/10.3.1/../../../arm-none-eabi/lib/thumb/v6-m/nofp/libg.a(lib_a-fini.o)
                              /usr/lib/gcc/arm-none-eabi/10.3.1/../../../arm-none-eabi/lib/thumb/v6-m/nofp/crt0.o (__libc_fini_array)
/usr/lib/gcc/arm-none-eabi/10.3.1/../../../arm-none-eabi/lib/thumb/v6-m/nofp/libg.a(lib_a-impure.o)
                              /usr/lib/gcc/arm-none-eabi/10.3.1/../../../arm-none-eabi/lib/thumb/v6-m/nofp/libg.a(lib_a-calloc.o) (_impure_ptr)
/usr/lib/gcc/arm-none-eabi/10.3.1/../../../arm-none-eabi/lib/thumb/v6-m/nofp/libg.a(lib_a-init.o)
                              /usr/lib/gcc/arm-none-eabi/10.3.1/../../../arm-none-eabi/lib/thumb/v6-m/nofp/crt0.o (__libc_init_array)
/usr/lib/gcc/arm-none-eabi/10.3.1/../../../arm-none-eabi/lib/thumb/v6-m/nofp/libg.a(lib_a-malloc.o)
                              CMakeFiles/mono_modulation.dir/home/luka/pico/pico-sdk/src/rp2_common/pico_malloc/pico_malloc.c.obj (malloc)
/usr/lib/gcc/arm-none-eabi/10.3.1/../../../arm-none-eabi/lib/thumb/v6-m/nofp/libg.a(lib_a-mallocr.o)
                              /usr/lib/gcc/arm-none-eabi/10.3.1/../../../arm-none-eabi/lib/thumb/v6-m/nofp/libg.a(lib_a-callocr.o) (_malloc_r)
/usr/lib/gcc/arm-none-eabi/10.3.1/../../../arm-none-eabi/lib/thumb/v6-m/nofp/libg.a(lib_a-mlock.o)
                              /usr/lib/gcc/arm-none-eabi/10.3.1/../../../arm-none-eabi/lib/thumb/v6-m/nofp/libg.a(lib_a-mallocr.o) (__malloc_lock)
/usr/lib/gcc/arm-none-eabi/10.3.1/../../../arm-none-eabi/lib/thumb/v6-m/nofp/libg.a(lib_a-realloc.o)
                              CMakeFiles/mono_modulation.dir/home/luka/pico/pico-sdk/src/rp2_common/pico_malloc/pico_malloc.c.obj (realloc)
/usr/lib/gcc/arm-none-eabi/10.3.1/../../../arm-none-eabi/lib/thumb/v6-m/nofp/libg.a(lib_a-reallocr.o)
                              /usr/lib/gcc/arm-none-eabi/10.3.1/../../../arm-none-eabi/lib/thumb/v6-m/nofp/libg.a(lib_a-realloc.o) (_realloc_r)
/usr/lib/gcc/arm-none-eabi/10.3.1/../../../arm-none-eabi/lib/thumb/v6-m/nofp/libg.a(lib_a-sbrkr.o)
                              /usr/lib/gcc/arm-none-eabi/10.3.1/../../../arm-none-eabi/lib/thumb/v6-m/nofp/libg.a(lib_a-mallocr.o) (_sbrk_r)
/usr/lib/gcc/arm-none-eabi/10.3.1/../../../arm-none-eabi/lib/thumb/v6-m/nofp/libg.a(lib_a-strlen-stub.o)
                              CMakeFiles/mono_modulation.dir/home/luka/pico/pico-sdk/src/rp2_common/pico_stdio/stdio.c.obj (strlen)
/usr/lib/gcc/arm-none-eabi/10.3.1/../../../arm-none-eabi/lib/thumb/v6-m/nofp/libg.a(lib_a-__atexit.o)
                              /usr/lib/gcc/arm-none-eabi/10.3.1/../../../arm-none-eabi/lib/thumb/v6-m/nofp/libg.a(lib_a-atexit.o) (__register_exitproc)
/usr/lib/gcc/arm-none-eabi/10.3.1/../../../arm-none-eabi/lib/thumb/v6-m/nofp/libg.a(lib_a-freer.o)
                              /usr/lib/gcc/arm-none-eabi/10.3.1/../../../arm-none-eabi/lib/thumb/v6-m/nofp/libg.a(lib_a-malloc.o) (_free_r)
/usr/lib/gcc/arm-none-eabi/10.3.1/../../../arm-none-eabi/lib/thumb/v6-m/nofp/libg.a(lib_a-memmove.o)
                              /usr/lib/gcc/arm-none-eabi/10.3.1/../../../arm-none-eabi/lib/thumb/v6-m/nofp/libg.a(lib_a-reallocr.o) (memmove)
/usr/lib/gcc/arm-none-eabi/10.3.1/../../../arm-none-eabi/lib/thumb/v6-m/nofp/libg.a(lib_a-reent.o)
                              /usr/lib/gcc/arm-none-eabi/10.3.1/../../../arm-none-eabi/lib/thumb/v6-m/nofp/libg.a(lib_a-sbrkr.o) (errno)

Discarded input sections

 .text          0x0000000000000000        0x0 /usr/lib/gcc/arm-none-eabi/10.3.1/thumb/v6-m/nofp/crti.o
 .data          0x0000000000000000        0x0 /usr/lib/gcc/arm-none-eabi/10.3.1/thumb/v6-m/nofp/crti.o
 .bss           0x0000000000000000        0x0 /usr/lib/gcc/arm-none-eabi/10.3.1/thumb/v6-m/nofp/crti.o
 .data          0x0000000000000000        0x4 /usr/lib/gcc/arm-none-eabi/10.3.1/thumb/v6-m/nofp/crtbegin.o
 .rodata        0x0000000000000000       0x24 /usr/lib/gcc/arm-none-eabi/10.3.1/thumb/v6-m/nofp/crtbegin.o
[...]
Memory Configuration

Name             Origin             Length             Attributes
FLASH            0x0000000010000000 0x0000000000200000 xr
RAM              0x0000000020000000 0x0000000000040000 xrw
SCRATCH_X        0x0000000020040000 0x0000000000001000 xrw
SCRATCH_Y        0x0000000020041000 0x0000000000001000 xrw
*default*        0x0000000000000000 0xffffffffffffffff

Linker script and memory map

LOAD /usr/lib/gcc/arm-none-eabi/10.3.1/thumb/v6-m/nofp/crti.o
LOAD /usr/lib/gcc/arm-none-eabi/10.3.1/thumb/v6-m/nofp/crtbegin.o
LOAD /usr/lib/gcc/arm-none-eabi/10.3.1/../../../arm-none-eabi/lib/thumb/v6-m/nofp/crt0.o

.flash_begin    0x0000000010000000        0x0
                0x0000000010000000                __flash_binary_start = .

.boot2          0x0000000010000000      0x100
                0x0000000010000000                __boot2_start__ = .
 *(.boot2)
 .boot2         0x0000000010000000      0x100 /tmp/ccfMmnri.o
                0x0000000010000100                __boot2_end__ = .
                0x0000000000000001                ASSERT (((__boot2_end__ - __boot2_start__) == 0x100), ERROR: Pico second stage bootloader must be 256 bytes in size)

.text           0x0000000010000100     0x42a0
                0x0000000010000100                __logical_binary_start = .
 *(.vectors)
 .vectors       0x0000000010000100       0xd4 CMakeFiles/mono_modulation.dir/home/luka/pico/pico-sdk/src/rp2_common/pico_standard_link/crt0.S.obj
                0x0000000010000100                __vectors
                0x0000000010000100                __VECTOR_TABLE
                0x00000000100001c0                isr_invalid
                0x00000000100001c0                __default_isrs_start
                0x00000000100001c2                isr_nmi
                0x00000000100001c4                isr_hardfault
                0x00000000100001c6                isr_svcall
                0x00000000100001c8                isr_pendsv
                0x00000000100001ca                isr_systick
                0x00000000100001cc                isr_irq30
                0x00000000100001cc                __unhandled_user_irq
                0x00000000100001cc                isr_irq13
                0x00000000100001cc                isr_irq27
                0x00000000100001cc                isr_irq31
                0x00000000100001cc                isr_irq5
                0x00000000100001cc                isr_irq11
                0x00000000100001cc                isr_irq23
                0x00000000100001cc                isr_irq18
                0x00000000100001cc                isr_irq28
                0x00000000100001cc                isr_irq19
                0x00000000100001cc                isr_irq0
                0x00000000100001cc                isr_irq6
                0x00000000100001cc                isr_irq22
                0x00000000100001cc                isr_irq17
                0x00000000100001cc                isr_irq14
                0x00000000100001cc                isr_irq2
                0x00000000100001cc                isr_irq10
                0x00000000100001cc                isr_irq8
                0x00000000100001cc                isr_irq24
                0x00000000100001cc                isr_irq1
                0x00000000100001cc                isr_irq7
                0x00000000100001cc                isr_irq21
                0x00000000100001cc                isr_irq20
                0x00000000100001cc                isr_irq15
                0x00000000100001cc                isr_irq25
                0x00000000100001cc                isr_irq4
                0x00000000100001cc                isr_irq16
                0x00000000100001cc                isr_irq29
                0x00000000100001cc                isr_irq26
                0x00000000100001cc                __default_isrs_end
                0x00000000100001cc                isr_irq3
                0x00000000100001cc                isr_irq12
                0x00000000100001cc                isr_irq9
                0x00000000100001d2                unhandled_user_irq_num_in_r0
 *(.binary_info_header)
 .binary_info_header
                0x00000000100001d4       0x14 CMakeFiles/mono_modulation.dir/home/luka/pico/pico-sdk/src/rp2_common/pico_standard_link/crt0.S.obj
                0x00000000100001e8                __binary_info_header_end = .
 *(.reset)
 .reset         0x00000000100001e8       0xa0 CMakeFiles/mono_modulation.dir/home/luka/pico/pico-sdk/src/rp2_common/pico_standard_link/crt0.S.obj
                0x00000000100001e8                _entry_point
 .reset         0x0000000010000288       0x30 CMakeFiles/mono_modulation.dir/home/luka/pico/pico-sdk/src/rp2_common/pico_standard_link/binary_info.c.obj
 *(.init)
 .init          0x00000000100002b8        0x4 /usr/lib/gcc/arm-none-eabi/10.3.1/thumb/v6-m/nofp/crti.o
                0x00000000100002b8                _init
 *(EXCLUDE_FILE(*libm.a: *libc.a:*lib_a-mem*.o *libgcc.a:) .text*)
 .text          0x00000000100002bc       0x98 /usr/lib/gcc/arm-none-eabi/10.3.1/thumb/v6-m/nofp/crtbegin.o
 .text.realtime
                0x0000000010000354        0x4 CMakeFiles/mono_modulation.dir/test.c.obj
                0x0000000010000354                realtime
 .text.main     0x0000000010000358       0x34 CMakeFiles/mono_modulation.dir/test.c.obj
                0x0000000010000358                main
 .text.running_on_fpga
                0x000000001000038c       0x14 CMakeFiles/mono_modulation.dir/home/luka/pico/pico-sdk/src/rp2_common/pico_platform/platform.c.obj
                0x000000001000038c                running_on_fpga
 .text.hw_claim_lock
                0x00000000100003a0       0x18 CMakeFiles/mono_modulation.dir/home/luka/pico/pico-sdk/src/rp2_common/hardware_claim/claim.c.obj
                0x00000000100003a0                hw_claim_lock
 .text.hw_claim_unlock
                0x00000000100003b8       0x14 CMakeFiles/mono_modulation.dir/home/luka/pico/pico-sdk/src/rp2_common/hardware_claim/claim.c.obj
                0x00000000100003b8                hw_claim_unlock
 .text.hw_claim_or_assert
                0x00000000100003cc       0x32 CMakeFiles/mono_modulation.dir/home/luka/pico/pico-sdk/src/rp2_common/hardware_claim/claim.c.obj
                0x00000000100003cc                hw_claim_or_assert
 *fill*         0x00000000100003fe        0x2 
 .text.spin_locks_reset
                0x0000000010000400       0x20 CMakeFiles/mono_modulation.dir/home/luka/pico/pico-sdk/src/rp2_common/hardware_sync/sync.c.obj
                0x0000000010000400                spin_locks_reset
 .text.next_striped_spin_lock_num
                0x0000000010000420       0x1c CMakeFiles/mono_modulation.dir/home/luka/pico/pico-sdk/src/rp2_common/hardware_sync/sync.c.obj
                0x0000000010000420                next_striped_spin_lock_num
 .text.set_raw_irq_handler_and_unlock
                0x000000001000043c       0x28 CMakeFiles/mono_modulation.dir/home/luka/pico/pico-sdk/src/rp2_common/hardware_irq/irq.c.obj
 .text.make_branch
                0x0000000010000464       0x48 CMakeFiles/mono_modulation.dir/home/luka/pico/pico-sdk/src/rp2_common/hardware_irq/irq.c.obj
 .text.insert_branch_and_link
                0x00000000100004ac       0x40 CMakeFiles/mono_modulation.dir/home/luka/pico/pico-sdk/src/rp2_common/hardware_irq/irq.c.obj
 .text.irq_is_enabled
                0x00000000100004ec       0x18 CMakeFiles/mono_modulation.dir/home/luka/pico/pico-sdk/src/rp2_common/hardware_irq/irq.c.obj
                0x00000000100004ec                irq_is_enabled
 .text.irq_set_mask_enabled
                0x0000000010000504       0x20 CMakeFiles/mono_modulation.dir/home/luka/pico/pico-sdk/src/rp2_common/hardware_irq/irq.c.obj
                0x0000000010000504                irq_set_mask_enabled
 .text.irq_set_enabled
                0x0000000010000524        0xe CMakeFiles/mono_modulation.dir/home/luka/pico/pico-sdk/src/rp2_common/hardware_irq/irq.c.obj
                0x0000000010000524                irq_set_enabled
 *fill*         0x0000000010000532        0x2 
 .text.irq_get_vtable_handler
                0x0000000010000534       0x10 CMakeFiles/mono_modulation.dir/home/luka/pico/pico-sdk/src/rp2_common/hardware_irq/irq.c.obj
                0x0000000010000534                irq_get_vtable_handler
 .text.irq_set_exclusive_handler
                0x0000000010000544       0x54 CMakeFiles/mono_modulation.dir/home/luka/pico/pico-sdk/src/rp2_common/hardware_irq/irq.c.obj
                0x0000000010000544                irq_set_exclusive_handler
 .text.irq_remove_handler
                0x0000000010000598      0x1ac CMakeFiles/mono_modulation.dir/home/luka/pico/pico-sdk/src/rp2_common/hardware_irq/irq.c.obj
                0x0000000010000598                irq_remove_handler
 .text.irq_add_tail_to_free_list
                0x0000000010000744       0xf0 CMakeFiles/mono_modulation.dir/home/luka/pico/pico-sdk/src/rp2_common/hardware_irq/irq.c.obj
                0x0000000010000744                irq_add_tail_to_free_list
 .text.irq_init_priorities
                0x0000000010000834       0x1c CMakeFiles/mono_modulation.dir/home/luka/pico/pico-sdk/src/rp2_common/hardware_irq/irq.c.obj
                0x0000000010000834                irq_init_priorities
 .text.lock_init
                0x0000000010000850       0x10 CMakeFiles/mono_modulation.dir/home/luka/pico/pico-sdk/src/common/pico_sync/lock_core.c.obj
                0x0000000010000850                lock_init
 .text.mutex_init
                0x0000000010000860       0x1a CMakeFiles/mono_modulation.dir/home/luka/pico/pico-sdk/src/common/pico_sync/mutex.c.obj
                0x0000000010000860                mutex_init
 .text.recursive_mutex_init
                0x000000001000087a       0x1e CMakeFiles/mono_modulation.dir/home/luka/pico/pico-sdk/src/common/pico_sync/mutex.c.obj
                0x000000001000087a                recursive_mutex_init
 .text.repeating_timer_callback
                0x0000000010000898       0x40 CMakeFiles/mono_modulation.dir/home/luka/pico/pico-sdk/src/common/pico_time/time.c.obj
 .text.alarm_pool_post_alloc_init
                0x00000000100008d8       0x40 CMakeFiles/mono_modulation.dir/home/luka/pico/pico-sdk/src/common/pico_time/time.c.obj
 .text.sleep_until_callback
                0x0000000010000918       0x30 CMakeFiles/mono_modulation.dir/home/luka/pico/pico-sdk/src/common/pico_time/time.c.obj
 .text.timer_pool_entry_comparator
                0x0000000010000948       0x7c CMakeFiles/mono_modulation.dir/home/luka/pico/pico-sdk/src/common/pico_time/time.c.obj
                0x0000000010000948                timer_pool_entry_comparator
 .text.ph_add_child_node
                0x00000000100009c4       0xa4 CMakeFiles/mono_modulation.dir/home/luka/pico/pico-sdk/src/common/pico_time/time.c.obj
 .text.ph_merge_nodes
                0x0000000010000a68       0x3e CMakeFiles/mono_modulation.dir/home/luka/pico/pico-sdk/src/common/pico_time/time.c.obj
 *fill*         0x0000000010000aa6        0x2 
 .text.add_alarm_under_lock
                0x0000000010000aa8      0x174 CMakeFiles/mono_modulation.dir/home/luka/pico/pico-sdk/src/common/pico_time/time.c.obj
 .text.alarm_pool_alarm_callback
                0x0000000010000c1c      0x33c CMakeFiles/mono_modulation.dir/home/luka/pico/pico-sdk/src/common/pico_time/time.c.obj
 .text.alarm_pool_init_default
                0x0000000010000f58       0x40 CMakeFiles/mono_modulation.dir/home/luka/pico/pico-sdk/src/common/pico_time/time.c.obj
                0x0000000010000f58                alarm_pool_init_default
 .text.alarm_pool_get_default
                0x0000000010000f98       0x2c CMakeFiles/mono_modulation.dir/home/luka/pico/pico-sdk/src/common/pico_time/time.c.obj
                0x0000000010000f98                alarm_pool_get_default
 .text.alarm_pool_add_alarm_at
                0x0000000010000fc4      0x168 CMakeFiles/mono_modulation.dir/home/luka/pico/pico-sdk/src/common/pico_time/time.c.obj
                0x0000000010000fc4                alarm_pool_add_alarm_at
 .text.alarm_pool_cancel_alarm
                0x000000001000112c       0xf0 CMakeFiles/mono_modulation.dir/home/luka/pico/pico-sdk/src/common/pico_time/time.c.obj
                0x000000001000112c                alarm_pool_cancel_alarm
 .text.alarm_pool_add_repeating_timer_us
                0x000000001000121c       0x98 CMakeFiles/mono_modulation.dir/home/luka/pico/pico-sdk/src/common/pico_time/time.c.obj
                0x000000001000121c                alarm_pool_add_repeating_timer_us
 .text.sleep_until
                0x00000000100012b4       0xfc CMakeFiles/mono_modulation.dir/home/luka/pico/pico-sdk/src/common/pico_time/time.c.obj
                0x00000000100012b4                sleep_until
 .text.sleep_us
                0x00000000100013b0       0x58 CMakeFiles/mono_modulation.dir/home/luka/pico/pico-sdk/src/common/pico_time/time.c.obj
                0x00000000100013b0                sleep_us
 .text.sleep_ms
                0x0000000010001408       0x14 CMakeFiles/mono_modulation.dir/home/luka/pico/pico-sdk/src/common/pico_time/time.c.obj
                0x0000000010001408                sleep_ms
 .text.best_effort_wfe_or_timeout
                0x000000001000141c       0xac CMakeFiles/mono_modulation.dir/home/luka/pico/pico-sdk/src/common/pico_time/time.c.obj
                0x000000001000141c                best_effort_wfe_or_timeout
 .text.hardware_alarm_irq_handler
                0x00000000100014c8       0x90 CMakeFiles/mono_modulation.dir/home/luka/pico/pico-sdk/src/rp2_common/hardware_timer/timer.c.obj
 .text.hardware_alarm_claim
                0x0000000010001558       0x18 CMakeFiles/mono_modulation.dir/home/luka/pico/pico-sdk/src/rp2_common/hardware_timer/timer.c.obj
                0x0000000010001558                hardware_alarm_claim
 .text.time_us_64
                0x0000000010001570       0x18 CMakeFiles/mono_modulation.dir/home/luka/pico/pico-sdk/src/rp2_common/hardware_timer/timer.c.obj
                0x0000000010001570                time_us_64
 .text.busy_wait_until
                0x0000000010001588       0x28 CMakeFiles/mono_modulation.dir/home/luka/pico/pico-sdk/src/rp2_common/hardware_timer/timer.c.obj
                0x0000000010001588                busy_wait_until
 .text.hardware_alarm_set_callback
                0x00000000100015b0       0x90 CMakeFiles/mono_modulation.dir/home/luka/pico/pico-sdk/src/rp2_common/hardware_timer/timer.c.obj
                0x00000000100015b0                hardware_alarm_set_callback
 .text.hardware_alarm_set_target
                0x0000000010001640       0xe8 CMakeFiles/mono_modulation.dir/home/luka/pico/pico-sdk/src/rp2_common/hardware_timer/timer.c.obj
                0x0000000010001640                hardware_alarm_set_target
 .text.hardware_alarm_cancel
                0x0000000010001728       0x40 CMakeFiles/mono_modulation.dir/home/luka/pico/pico-sdk/src/rp2_common/hardware_timer/timer.c.obj
                0x0000000010001728                hardware_alarm_cancel
 .text.ph_add_child_node
                0x0000000010001768       0xa4 CMakeFiles/mono_modulation.dir/home/luka/pico/pico-sdk/src/common/pico_util/pheap.c.obj
 .text.ph_merge_nodes
                0x000000001000180c       0x3e CMakeFiles/mono_modulation.dir/home/luka/pico/pico-sdk/src/common/pico_util/pheap.c.obj
 *fill*         0x000000001000184a        0x2 
 .text.ph_clear
                0x000000001000184c       0x70 CMakeFiles/mono_modulation.dir/home/luka/pico/pico-sdk/src/common/pico_util/pheap.c.obj
                0x000000001000184c                ph_clear
 .text.ph_post_alloc_init
                0x00000000100018bc        0xe CMakeFiles/mono_modulation.dir/home/luka/pico/pico-sdk/src/common/pico_util/pheap.c.obj
                0x00000000100018bc                ph_post_alloc_init
 *fill*         0x00000000100018ca        0x2 
 .text.ph_merge_two_pass
                0x00000000100018cc       0xa8 CMakeFiles/mono_modulation.dir/home/luka/pico/pico-sdk/src/common/pico_util/pheap.c.obj
                0x00000000100018cc                ph_merge_two_pass
 .text.ph_remove_any_head
                0x0000000010001974      0x128 CMakeFiles/mono_modulation.dir/home/luka/pico/pico-sdk/src/common/pico_util/pheap.c.obj
 .text.ph_remove_head
                0x0000000010001a9c       0x14 CMakeFiles/mono_modulation.dir/home/luka/pico/pico-sdk/src/common/pico_util/pheap.c.obj
                0x0000000010001a9c                ph_remove_head
 .text.ph_remove_and_free_node
                0x0000000010001ab0       0xf8 CMakeFiles/mono_modulation.dir/home/luka/pico/pico-sdk/src/common/pico_util/pheap.c.obj
                0x0000000010001ab0                ph_remove_and_free_node
 .text.clock_configure
                0x0000000010001ba8      0x104 CMakeFiles/mono_modulation.dir/home/luka/pico/pico-sdk/src/rp2_common/hardware_clocks/clocks.c.obj
                0x0000000010001ba8                clock_configure
 .text.clocks_init
                0x0000000010001cac      0x100 CMakeFiles/mono_modulation.dir/home/luka/pico/pico-sdk/src/rp2_common/hardware_clocks/clocks.c.obj
                0x0000000010001cac                clocks_init
 .text.pll_init
                0x0000000010001dac      0x12c CMakeFiles/mono_modulation.dir/home/luka/pico/pico-sdk/src/rp2_common/hardware_pll/pll.c.obj
                0x0000000010001dac                pll_init
 .text.watchdog_start_tick
                0x0000000010001ed8       0x10 CMakeFiles/mono_modulation.dir/home/luka/pico/pico-sdk/src/rp2_common/hardware_watchdog/watchdog.c.obj
                0x0000000010001ed8                watchdog_start_tick
 .text.xosc_init
                0x0000000010001ee8       0x28 CMakeFiles/mono_modulation.dir/home/luka/pico/pico-sdk/src/rp2_common/hardware_xosc/xosc.c.obj
                0x0000000010001ee8                xosc_init
 .text._exit    0x0000000010001f10        0x4 CMakeFiles/mono_modulation.dir/home/luka/pico/pico-sdk/src/rp2_common/pico_runtime/runtime.c.obj
                0x0000000010001f10                _exit
 .text.exit     0x0000000010001f14        0x6 CMakeFiles/mono_modulation.dir/home/luka/pico/pico-sdk/src/rp2_common/pico_runtime/runtime.c.obj
                0x0000000010001f14                exit
 *fill*         0x0000000010001f1a        0x2 
 .text.__assert_func
                0x0000000010001f1c       0x3c CMakeFiles/mono_modulation.dir/home/luka/pico/pico-sdk/src/rp2_common/pico_runtime/runtime.c.obj
                0x0000000010001f1c                __assert_func
 .text.runtime_init
                0x0000000010001f58       0xf8 CMakeFiles/mono_modulation.dir/home/luka/pico/pico-sdk/src/rp2_common/pico_runtime/runtime.c.obj
                0x0000000010001f58                runtime_init
 .text.panic    0x0000000010002050       0x30 CMakeFiles/mono_modulation.dir/home/luka/pico/pico-sdk/src/rp2_common/pico_runtime/runtime.c.obj
                0x0000000010002050                panic
 .text._out_null
                0x0000000010002080        0x2 CMakeFiles/mono_modulation.dir/home/luka/pico/pico-sdk/src/rp2_common/pico_printf/printf.c.obj
 .text._out_fct
                0x0000000010002082        0xe CMakeFiles/mono_modulation.dir/home/luka/pico/pico-sdk/src/rp2_common/pico_printf/printf.c.obj
 .text._atoi    0x0000000010002090       0x24 CMakeFiles/mono_modulation.dir/home/luka/pico/pico-sdk/src/rp2_common/pico_printf/printf.c.obj
 .text._out_rev
                0x00000000100020b4       0xae CMakeFiles/mono_modulation.dir/home/luka/pico/pico-sdk/src/rp2_common/pico_printf/printf.c.obj
 .text._ntoa_format
                0x0000000010002162      0x112 CMakeFiles/mono_modulation.dir/home/luka/pico/pico-sdk/src/rp2_common/pico_printf/printf.c.obj
 .text._ntoa_long
                0x0000000010002274       0xbc CMakeFiles/mono_modulation.dir/home/luka/pico/pico-sdk/src/rp2_common/pico_printf/printf.c.obj
 .text._ntoa_long_long
                0x0000000010002330       0xe2 CMakeFiles/mono_modulation.dir/home/luka/pico/pico-sdk/src/rp2_common/pico_printf/printf.c.obj
 *fill*         0x0000000010002412        0x2 
 .text._etoa    0x0000000010002414      0x414 CMakeFiles/mono_modulation.dir/home/luka/pico/pico-sdk/src/rp2_common/pico_printf/printf.c.obj
 .text._ftoa    0x0000000010002828      0x354 CMakeFiles/mono_modulation.dir/home/luka/pico/pico-sdk/src/rp2_common/pico_printf/printf.c.obj
 .text._vsnprintf
                0x0000000010002b7c      0x624 CMakeFiles/mono_modulation.dir/home/luka/pico/pico-sdk/src/rp2_common/pico_printf/printf.c.obj
 .text.vfctprintf
                0x00000000100031a0       0x20 CMakeFiles/mono_modulation.dir/home/luka/pico/pico-sdk/src/rp2_common/pico_printf/printf.c.obj
                0x00000000100031a0                vfctprintf
 .text          0x00000000100031c0       0x10 CMakeFiles/mono_modulation.dir/home/luka/pico/pico-sdk/src/rp2_common/pico_bit_ops/bit_ops_aeabi.S.obj
 .text.rom_func_lookup
                0x00000000100031d0       0x10 CMakeFiles/mono_modulation.dir/home/luka/pico/pico-sdk/src/rp2_common/pico_bootrom/bootrom.c.obj
                0x00000000100031d0                rom_func_lookup
 .text.rom_data_lookup
                0x00000000100031e0       0x10 CMakeFiles/mono_modulation.dir/home/luka/pico/pico-sdk/src/rp2_common/pico_bootrom/bootrom.c.obj
                0x00000000100031e0                rom_data_lookup
 .text.rom_funcs_lookup
                0x00000000100031f0       0x36 CMakeFiles/mono_modulation.dir/home/luka/pico/pico-sdk/src/rp2_common/pico_bootrom/bootrom.c.obj
                0x00000000100031f0                rom_funcs_lookup
 *fill*         0x0000000010003226        0x2 
 .text.__wrap___aeabi_idiv
                0x0000000010003228       0x50 CMakeFiles/mono_modulation.dir/home/luka/pico/pico-sdk/src/rp2_common/pico_divider/divider.S.obj
                0x0000000010003228                __wrap___aeabi_idivmod
                0x0000000010003228                divmod_s32s32
                0x0000000010003228                div_s32s32
                0x0000000010003228                __wrap___aeabi_idiv
                0x0000000010003230                divmod_s32s32_unsafe
                0x000000001000325c                divmod_s32s32_savestate
 .text.__wrap___aeabi_uidiv
                0x0000000010003278       0x4c CMakeFiles/mono_modulation.dir/home/luka/pico/pico-sdk/src/rp2_common/pico_divider/divider.S.obj
                0x0000000010003278                __wrap___aeabi_uidiv
                0x0000000010003278                __wrap___aeabi_uidivmod
                0x0000000010003278                div_u32u32
                0x0000000010003278                divmod_u32u32
                0x0000000010003280                divmod_u32u32_unsafe
                0x00000000100032a8                divmod_u32u32_savestate
 .text.__wrap___aeabi_ldiv
                0x00000000100032c4      0x424 CMakeFiles/mono_modulation.dir/home/luka/pico/pico-sdk/src/rp2_common/pico_divider/divider.S.obj
                0x00000000100032c4                div_s64s64
                0x00000000100032c4                divmod_s64s64
                0x00000000100032c4                __wrap___aeabi_ldivmod
                0x00000000100032f4                div_u64u64
                0x00000000100032f4                divmod_u64u64
                0x00000000100032f4                __wrap___aeabi_uldivmod
                0x0000000010003304                divmod_u64u64_savestate
                0x0000000010003324                divmod_s64s64_unsafe
                0x00000000100033ac                divmod_u64u64_unsafe
 .text.__wrap___aeabi_darithmetic
                0x00000000100036e8       0x80 CMakeFiles/mono_modulation.dir/home/luka/pico/pico-sdk/src/rp2_common/pico_double/double_aeabi.S.obj
                0x00000000100036e8                __wrap___aeabi_drsub
                0x00000000100036ee                __wrap___aeabi_dsub
                0x0000000010003700                __wrap___aeabi_dadd
                0x0000000010003712                __wrap___aeabi_ddiv
                0x000000001000374e                __wrap___aeabi_dmul
 .text.__wrap___aeabi_cdcmple
                0x0000000010003768       0x6c CMakeFiles/mono_modulation.dir/home/luka/pico/pico-sdk/src/rp2_common/pico_double/double_aeabi.S.obj
                0x0000000010003768                __wrap___aeabi_cdrcmple
                0x0000000010003778                __wrap___aeabi_cdcmple
                0x0000000010003778                __wrap___aeabi_cdcmpeq
 .text.__wrap___aeabi_dcmplt
                0x00000000100037d4        0xc CMakeFiles/mono_modulation.dir/home/luka/pico/pico-sdk/src/rp2_common/pico_double/double_aeabi.S.obj
                0x00000000100037d4                __wrap___aeabi_dcmplt
 .text.__wrap___aeabi_dcmple
                0x00000000100037e0       0x10 CMakeFiles/mono_modulation.dir/home/luka/pico/pico-sdk/src/rp2_common/pico_double/double_aeabi.S.obj
                0x00000000100037e0                __wrap___aeabi_dcmple
 .text.__wrap___aeabi_dcmpge
                0x00000000100037f0       0x10 CMakeFiles/mono_modulation.dir/home/luka/pico/pico-sdk/src/rp2_common/pico_double/double_aeabi.S.obj
                0x00000000100037f0                __wrap___aeabi_dcmpge
 .text.__wrap___aeabi_dcmpgt
                0x0000000010003800        0xa CMakeFiles/mono_modulation.dir/home/luka/pico/pico-sdk/src/rp2_common/pico_double/double_aeabi.S.obj
                0x0000000010003800                __wrap___aeabi_dcmpgt
 .text.__wrap___aeabi_dcmpun
                0x000000001000380a       0x1c CMakeFiles/mono_modulation.dir/home/luka/pico/pico-sdk/src/rp2_common/pico_double/double_aeabi.S.obj
                0x000000001000380a                __wrap___aeabi_dcmpun
 *fill*         0x0000000010003826        0x2 
 .text.__wrap___aeabi_i2d
                0x0000000010003828       0x38 CMakeFiles/mono_modulation.dir/home/luka/pico/pico-sdk/src/rp2_common/pico_double/double_aeabi.S.obj
                0x0000000010003828                __wrap___aeabi_ui2d
                0x0000000010003830                __wrap___aeabi_i2d
 .text.__wrap___aeabi_d2iz
                0x0000000010003860       0x48 CMakeFiles/mono_modulation.dir/home/luka/pico/pico-sdk/src/rp2_common/pico_double/double_aeabi.S.obj
                0x0000000010003860                __wrap___aeabi_d2iz
                0x0000000010003860                double2int_z
 .text.__wrap___aeabi_d2uiz
                0x00000000100038a8       0x18 CMakeFiles/mono_modulation.dir/home/luka/pico/pico-sdk/src/rp2_common/pico_double/double_aeabi.S.obj
                0x00000000100038a8                double2uint
                0x00000000100038a8                __wrap___aeabi_d2uiz
 .text.__aeabi_double_init
                0x00000000100038c0       0xc8 CMakeFiles/mono_modulation.dir/home/luka/pico/pico-sdk/src/rp2_common/pico_double/double_init_rom.c.obj
                0x00000000100038c0                __aeabi_double_init
 .text.double_table_shim_on_use_helper
                0x0000000010003988       0x34 CMakeFiles/mono_modulation.dir/home/luka/pico/pico-sdk/src/rp2_common/pico_double/double_v1_rom_shim.S.obj
                0x0000000010003988                double_table_shim_on_use_helper
 .text.__wrap___aeabi_dsub
                0x00000000100039bc       0x10 CMakeFiles/mono_modulation.dir/home/luka/pico/pico-sdk/src/rp2_common/pico_double/double_v1_rom_shim.S.obj
                0x00000000100039bc                drsub_shim
                0x00000000100039c2                dsub_shim
 .text.dadd_shim
                0x00000000100039cc      0x15c CMakeFiles/mono_modulation.dir/home/luka/pico/pico-sdk/src/rp2_common/pico_double/double_v1_rom_shim.S.obj
                0x00000000100039cc                dadd_shim
 .text.dmul_shim
                0x0000000010003b28      0x15c CMakeFiles/mono_modulation.dir/home/luka/pico/pico-sdk/src/rp2_common/pico_double/double_v1_rom_shim.S.obj
                0x0000000010003b28                dmul_shim
 .text.ddiv_shim
                0x0000000010003c84      0x1b0 CMakeFiles/mono_modulation.dir/home/luka/pico/pico-sdk/src/rp2_common/pico_double/double_v1_rom_shim.S.obj
                0x0000000010003c84                ddiv_shim
 .text.double2uint_shim
                0x0000000010003e34        0xe CMakeFiles/mono_modulation.dir/home/luka/pico/pico-sdk/src/rp2_common/pico_double/double_v1_rom_shim.S.obj
                0x0000000010003e34                double2uint_shim
                0x0000000010003e36                double2ufix_shim
 *fill*         0x0000000010003e42        0x2 
 .text.double2uint64_shim
                0x0000000010003e44       0x70 CMakeFiles/mono_modulation.dir/home/luka/pico/pico-sdk/src/rp2_common/pico_double/double_v1_rom_shim.S.obj
                0x0000000010003e44                double2uint64_shim
                0x0000000010003e46                double2ufix64_shim
                0x0000000010003e66                d2fix_a
 .text.dunpacks
                0x0000000010003eb4       0x3c CMakeFiles/mono_modulation.dir/home/luka/pico/pico-sdk/src/rp2_common/pico_double/double_v1_rom_shim.S.obj
                0x0000000010003eb4                dunpacks
 .text.__aeabi_lmul
                0x0000000010003ef0       0x32 CMakeFiles/mono_modulation.dir/home/luka/pico/pico-sdk/src/rp2_common/pico_int64_ops/pico_int64_ops_aeabi.S.obj
                0x0000000010003ef0                __wrap___aeabi_lmul
 *fill*         0x0000000010003f22        0x2 
 .text.__aeabi_float_init
                0x0000000010003f24       0xfc CMakeFiles/mono_modulation.dir/home/luka/pico/pico-sdk/src/rp2_common/pico_float/float_init_rom.c.obj
                0x0000000010003f24                __aeabi_float_init
 .text.float_table_shim_on_use_helper
                0x0000000010004020       0x34 CMakeFiles/mono_modulation.dir/home/luka/pico/pico-sdk/src/rp2_common/pico_float/float_v1_rom_shim.S.obj
                0x0000000010004020                float_table_shim_on_use_helper
 .text          0x0000000010004054       0x10 CMakeFiles/mono_modulation.dir/home/luka/pico/pico-sdk/src/rp2_common/pico_mem_ops/mem_ops_aeabi.S.obj
                0x0000000010004054                __aeabi_mem_init
 .text.memcpy   0x0000000010004064        0xc CMakeFiles/mono_modulation.dir/home/luka/pico/pico-sdk/src/rp2_common/pico_mem_ops/mem_ops_aeabi.S.obj
                0x0000000010004064                __wrap___aeabi_memcpy
                0x0000000010004064                __wrap_memcpy
 .text.stdio_out_chars_no_crlf
                0x0000000010004070        0xe CMakeFiles/mono_modulation.dir/home/luka/pico/pico-sdk/src/rp2_common/pico_stdio/stdio.c.obj
 *fill*         0x000000001000407e        0x2 
 .text.stdio_out_chars_crlf
                0x0000000010004080       0x80 CMakeFiles/mono_modulation.dir/home/luka/pico/pico-sdk/src/rp2_common/pico_stdio/stdio.c.obj
 .text.stdio_stack_buffer_flush
                0x0000000010004100       0x44 CMakeFiles/mono_modulation.dir/home/luka/pico/pico-sdk/src/rp2_common/pico_stdio/stdio.c.obj
 .text.stdio_buffered_printer
                0x0000000010004144       0x20 CMakeFiles/mono_modulation.dir/home/luka/pico/pico-sdk/src/rp2_common/pico_stdio/stdio.c.obj
 .text.stdout_serialize_begin
                0x0000000010004164       0x5c CMakeFiles/mono_modulation.dir/home/luka/pico/pico-sdk/src/rp2_common/pico_stdio/stdio.c.obj
                0x0000000010004164                stdout_serialize_begin
 .text.stdout_serialize_end
                0x00000000100041c0       0x10 CMakeFiles/mono_modulation.dir/home/luka/pico/pico-sdk/src/rp2_common/pico_stdio/stdio.c.obj
                0x00000000100041c0                stdout_serialize_end
 .text.stdio_put_string
                0x00000000100041d0       0x98 CMakeFiles/mono_modulation.dir/home/luka/pico/pico-sdk/src/rp2_common/pico_stdio/stdio.c.obj
 .text.stdio_flush
                0x0000000010004268       0x20 CMakeFiles/mono_modulation.dir/home/luka/pico/pico-sdk/src/rp2_common/pico_stdio/stdio.c.obj
                0x0000000010004268                stdio_flush
 .text.__wrap_puts
                0x0000000010004288       0x1e CMakeFiles/mono_modulation.dir/home/luka/pico/pico-sdk/src/rp2_common/pico_stdio/stdio.c.obj
                0x0000000010004288                __wrap_puts
 *fill*         0x00000000100042a6        0x2 
 .text.__wrap_vprintf
                0x00000000100042a8       0x40 CMakeFiles/mono_modulation.dir/home/luka/pico/pico-sdk/src/rp2_common/pico_stdio/stdio.c.obj
                0x00000000100042a8                __wrap_vprintf
 .text.__wrap_printf
                0x00000000100042e8       0x18 CMakeFiles/mono_modulation.dir/home/luka/pico/pico-sdk/src/rp2_common/pico_stdio/stdio.c.obj
                0x00000000100042e8                __wrap_printf
 .text          0x0000000010004300       0x5c /usr/lib/gcc/arm-none-eabi/10.3.1/../../../arm-none-eabi/lib/thumb/v6-m/nofp/libg.a(lib_a-strlen-stub.o)
                0x0000000010004300                strlen
 *(.fini)
 .fini          0x000000001000435c        0x4 /usr/lib/gcc/arm-none-eabi/10.3.1/thumb/v6-m/nofp/crti.o
                0x000000001000435c                _fini
 .fini.__stub   0x0000000010004360       0x40 linker stubs
 *crtbegin.o(.ctors)
 *crtbegin?.o(.ctors)
 *(EXCLUDE_FILE(*crtend.o *crtend?.o) .ctors)
 *(SORT_BY_NAME(.ctors.*))
 *(.ctors)
 *crtbegin.o(.dtors)
 *crtbegin?.o(.dtors)
 *(EXCLUDE_FILE(*crtend.o *crtend?.o) .dtors)
 *(SORT_BY_NAME(.dtors.*))
 *(.dtors)
 *(.eh_frame*)
 .eh_frame      0x00000000100043a0        0x0 /usr/lib/gcc/arm-none-eabi/10.3.1/thumb/v6-m/nofp/crtbegin.o
                0x00000000100043a0                . = ALIGN (0x4)

.glue_7         0x00000000100043a0        0x0
 .glue_7        0x00000000100043a0        0x0 linker stubs

.glue_7t        0x00000000100043a0        0x0
 .glue_7t       0x00000000100043a0        0x0 linker stubs

.vfp11_veneer   0x00000000100043a0        0x0
 .vfp11_veneer  0x00000000100043a0        0x0 linker stubs

.v4_bx          0x00000000100043a0        0x0
 .v4_bx         0x00000000100043a0        0x0 linker stubs

.iplt           0x00000000100043a0        0x0
 .iplt          0x00000000100043a0        0x0 /usr/lib/gcc/arm-none-eabi/10.3.1/thumb/v6-m/nofp/crtbegin.o

.rodata         0x00000000100043a0      0xefc
 *(EXCLUDE_FILE(*libm.a: *libc.a:*lib_a-mem*.o *libgcc.a:) .rodata*)
 .rodata.make_branch.str1.4
                0x00000000100043a0       0x6b CMakeFiles/mono_modulation.dir/home/luka/pico/pico-sdk/src/rp2_common/hardware_irq/irq.c.obj
 *fill*         0x000000001000440b        0x1 
 .rodata.insert_branch_and_link.str1.4
                0x000000001000440c       0x10 CMakeFiles/mono_modulation.dir/home/luka/pico/pico-sdk/src/rp2_common/hardware_irq/irq.c.obj
 .rodata.irq_set_exclusive_handler.str1.4
                0x000000001000441c       0x36 CMakeFiles/mono_modulation.dir/home/luka/pico/pico-sdk/src/rp2_common/hardware_irq/irq.c.obj
 *fill*         0x0000000010004452        0x2 
 .rodata.irq_add_shared_handler.str1.4
                0x0000000010004454       0xd9 CMakeFiles/mono_modulation.dir/home/luka/pico/pico-sdk/src/rp2_common/hardware_irq/irq.c.obj
 *fill*         0x000000001000452d        0x3 
 .rodata.irq_remove_handler.str1.4
                0x0000000010004530       0x3a CMakeFiles/mono_modulation.dir/home/luka/pico/pico-sdk/src/rp2_common/hardware_irq/irq.c.obj
 *fill*         0x000000001000456a        0x2 
 .rodata.irq_add_tail_to_free_list.str1.4
                0x000000001000456c       0x3a CMakeFiles/mono_modulation.dir/home/luka/pico/pico-sdk/src/rp2_common/hardware_irq/irq.c.obj
 *fill*         0x00000000100045a6        0x2 
 .rodata.__func__.0
                0x00000000100045a8       0x1a CMakeFiles/mono_modulation.dir/home/luka/pico/pico-sdk/src/rp2_common/hardware_irq/irq.c.obj
 *fill*         0x00000000100045c2        0x2 
 .rodata.__func__.1
                0x00000000100045c4       0x17 CMakeFiles/mono_modulation.dir/home/luka/pico/pico-sdk/src/rp2_common/hardware_irq/irq.c.obj
 *fill*         0x00000000100045db        0x1 
 .rodata.__func__.2
                0x00000000100045dc       0x13 CMakeFiles/mono_modulation.dir/home/luka/pico/pico-sdk/src/rp2_common/hardware_irq/irq.c.obj
 *fill*         0x00000000100045ef        0x1 
 .rodata.__func__.3
                0x00000000100045f0        0xc CMakeFiles/mono_modulation.dir/home/luka/pico/pico-sdk/src/rp2_common/hardware_irq/irq.c.obj
 .rodata.__func__.4
                0x00000000100045fc        0xf CMakeFiles/mono_modulation.dir/home/luka/pico/pico-sdk/src/rp2_common/hardware_irq/irq.c.obj
 *fill*         0x000000001000460b        0x1 
 .rodata.__func__.6
                0x000000001000460c       0x1a CMakeFiles/mono_modulation.dir/home/luka/pico/pico-sdk/src/rp2_common/hardware_irq/irq.c.obj
 *fill*         0x0000000010004626        0x2 
 .rodata.str1.4
                0x0000000010004628       0xe9 CMakeFiles/mono_modulation.dir/home/luka/pico/pico-sdk/src/common/pico_sync/mutex.c.obj
 *fill*         0x0000000010004711        0x3 
 .rodata.__func__.1
                0x0000000010004714        0xb CMakeFiles/mono_modulation.dir/home/luka/pico/pico-sdk/src/common/pico_sync/mutex.c.obj
 *fill*         0x000000001000471f        0x1 
 .rodata.__func__.3
                0x0000000010004720       0x18 CMakeFiles/mono_modulation.dir/home/luka/pico/pico-sdk/src/common/pico_sync/mutex.c.obj
 .rodata.repeating_timer_callback.str1.4
                0x0000000010004738       0x49 CMakeFiles/mono_modulation.dir/home/luka/pico/pico-sdk/src/common/pico_time/time.c.obj
 *fill*         0x0000000010004781        0x3 
 .rodata.timer_pool_entry_comparator.str1.4
                0x0000000010004784       0x22 CMakeFiles/mono_modulation.dir/home/luka/pico/pico-sdk/src/common/pico_time/time.c.obj
 *fill*         0x00000000100047a6        0x2 
 .rodata.ph_add_child_node.str1.4
                0x00000000100047a8       0x92 CMakeFiles/mono_modulation.dir/home/luka/pico/pico-sdk/src/common/pico_time/time.c.obj
 *fill*         0x000000001000483a        0x2 
 .rodata.add_alarm_under_lock.str1.4
                0x000000001000483c       0x28 CMakeFiles/mono_modulation.dir/home/luka/pico/pico-sdk/src/common/pico_time/time.c.obj
                                         0x2b (size before relaxing)
 .rodata.alarm_pool_alarm_callback.str1.4
                0x0000000010004864       0x98 CMakeFiles/mono_modulation.dir/home/luka/pico/pico-sdk/src/common/pico_time/time.c.obj
                                         0xf8 (size before relaxing)
 .rodata.alarm_pool_get_default.str1.4
                0x00000000100048fc       0x21 CMakeFiles/mono_modulation.dir/home/luka/pico/pico-sdk/src/common/pico_time/time.c.obj
 *fill*         0x000000001000491d        0x3 
 .rodata.alarm_pool_cancel_alarm.str1.4
                0x0000000010004920       0x27 CMakeFiles/mono_modulation.dir/home/luka/pico/pico-sdk/src/common/pico_time/time.c.obj
 *fill*         0x0000000010004947        0x1 
 .rodata.sleep_until.str1.4
                0x0000000010004948       0x4d CMakeFiles/mono_modulation.dir/home/luka/pico/pico-sdk/src/common/pico_time/time.c.obj
 *fill*         0x0000000010004995        0x3 
 .rodata.__func__.0
                0x0000000010004998       0x19 CMakeFiles/mono_modulation.dir/home/luka/pico/pico-sdk/src/common/pico_time/time.c.obj
 *fill*         0x00000000100049b1        0x3 
 .rodata.__func__.1
                0x00000000100049b4       0x18 CMakeFiles/mono_modulation.dir/home/luka/pico/pico-sdk/src/common/pico_time/time.c.obj
 .rodata.__func__.10
                0x00000000100049cc       0x15 CMakeFiles/mono_modulation.dir/home/luka/pico/pico-sdk/src/common/pico_time/time.c.obj
 *fill*         0x00000000100049e1        0x3 
 .rodata.__func__.11
                0x00000000100049e4       0x1a CMakeFiles/mono_modulation.dir/home/luka/pico/pico-sdk/src/common/pico_time/time.c.obj
 *fill*         0x00000000100049fe        0x2 
 .rodata.__func__.12
                0x0000000010004a00        0xa CMakeFiles/mono_modulation.dir/home/luka/pico/pico-sdk/src/common/pico_time/time.c.obj
 *fill*         0x0000000010004a0a        0x2 
 .rodata.__func__.3
                0x0000000010004a0c       0x17 CMakeFiles/mono_modulation.dir/home/luka/pico/pico-sdk/src/common/pico_time/time.c.obj
 *fill*         0x0000000010004a23        0x1 
 .rodata.__func__.4
                0x0000000010004a24       0x12 CMakeFiles/mono_modulation.dir/home/luka/pico/pico-sdk/src/common/pico_time/time.c.obj
 *fill*         0x0000000010004a36        0x2 
 .rodata.__func__.5
                0x0000000010004a38        0xd CMakeFiles/mono_modulation.dir/home/luka/pico/pico-sdk/src/common/pico_time/time.c.obj
 *fill*         0x0000000010004a45        0x3 
 .rodata.__func__.6
                0x0000000010004a48       0x12 CMakeFiles/mono_modulation.dir/home/luka/pico/pico-sdk/src/common/pico_time/time.c.obj
 *fill*         0x0000000010004a5a        0x2 
 .rodata.__func__.7
                0x0000000010004a5c        0xf CMakeFiles/mono_modulation.dir/home/luka/pico/pico-sdk/src/common/pico_time/time.c.obj
 *fill*         0x0000000010004a6b        0x1 
 .rodata.__func__.8
                0x0000000010004a6c        0xc CMakeFiles/mono_modulation.dir/home/luka/pico/pico-sdk/src/common/pico_time/time.c.obj
 .rodata.__func__.9
                0x0000000010004a78       0x15 CMakeFiles/mono_modulation.dir/home/luka/pico/pico-sdk/src/common/pico_time/time.c.obj
 *fill*         0x0000000010004a8d        0x3 
 .rodata.hardware_alarm_claim.str1.4
                0x0000000010004a90       0x22 CMakeFiles/mono_modulation.dir/home/luka/pico/pico-sdk/src/rp2_common/hardware_timer/timer.c.obj
 *fill*         0x0000000010004ab2        0x2 
 .rodata.hardware_alarm_set_target.str1.4
                0x0000000010004ab4       0x63 CMakeFiles/mono_modulation.dir/home/luka/pico/pico-sdk/src/rp2_common/hardware_timer/timer.c.obj
 *fill*         0x0000000010004b17        0x1 
 .rodata.__func__.0
                0x0000000010004b18       0x1a CMakeFiles/mono_modulation.dir/home/luka/pico/pico-sdk/src/rp2_common/hardware_timer/timer.c.obj
 .rodata.ph_add_child_node.str1.4
                0x0000000010004b32       0x92 CMakeFiles/mono_modulation.dir/home/luka/pico/pico-sdk/src/common/pico_util/pheap.c.obj
 *fill*         0x0000000010004b32        0x2 
 .rodata.ph_remove_any_head.str1.4
                0x0000000010004b34       0x8c CMakeFiles/mono_modulation.dir/home/luka/pico/pico-sdk/src/common/pico_util/pheap.c.obj
                                         0xa0 (size before relaxing)
 .rodata.ph_remove_and_free_node.str1.4
                0x0000000010004bc0       0x1e CMakeFiles/mono_modulation.dir/home/luka/pico/pico-sdk/src/common/pico_util/pheap.c.obj
                                         0x26 (size before relaxing)
 *fill*         0x0000000010004bde        0x2 
 .rodata.__func__.0
                0x0000000010004be0       0x18 CMakeFiles/mono_modulation.dir/home/luka/pico/pico-sdk/src/common/pico_util/pheap.c.obj
 .rodata.__func__.1
                0x0000000010004bf8       0x13 CMakeFiles/mono_modulation.dir/home/luka/pico/pico-sdk/src/common/pico_util/pheap.c.obj
 *fill*         0x0000000010004c0b        0x1 
 .rodata.__func__.2
                0x0000000010004c0c       0x12 CMakeFiles/mono_modulation.dir/home/luka/pico/pico-sdk/src/common/pico_util/pheap.c.obj
 *fill*         0x0000000010004c1e        0x2 
 .rodata.__func__.3
                0x0000000010004c20        0xc CMakeFiles/mono_modulation.dir/home/luka/pico/pico-sdk/src/common/pico_util/pheap.c.obj
 .rodata.clock_configure.str1.4
                0x0000000010004c2c       0x55 CMakeFiles/mono_modulation.dir/home/luka/pico/pico-sdk/src/rp2_common/hardware_clocks/clocks.c.obj
 *fill*         0x0000000010004c81        0x3 
 .rodata.__func__.1
                0x0000000010004c84       0x10 CMakeFiles/mono_modulation.dir/home/luka/pico/pico-sdk/src/rp2_common/hardware_clocks/clocks.c.obj
 .rodata.pll_init.str1.4
                0x0000000010004c94      0x11f CMakeFiles/mono_modulation.dir/home/luka/pico/pico-sdk/src/rp2_common/hardware_pll/pll.c.obj
 *fill*         0x0000000010004db3        0x1 
 .rodata.__func__.0
                0x0000000010004db4        0x9 CMakeFiles/mono_modulation.dir/home/luka/pico/pico-sdk/src/rp2_common/hardware_pll/pll.c.obj
 *fill*         0x0000000010004dbd        0x3 
 .rodata.__assert_func.str1.4
                0x0000000010004dc0       0x3f CMakeFiles/mono_modulation.dir/home/luka/pico/pico-sdk/src/rp2_common/pico_runtime/runtime.c.obj
                                         0x43 (size before relaxing)
 *fill*         0x0000000010004dff        0x1 
 .rodata.runtime_init.str1.4
                0x0000000010004e00       0x5f CMakeFiles/mono_modulation.dir/home/luka/pico/pico-sdk/src/rp2_common/pico_runtime/runtime.c.obj
 *fill*         0x0000000010004e5f        0x1 
 .rodata.panic.str1.4
                0x0000000010004e60       0x12 CMakeFiles/mono_modulation.dir/home/luka/pico/pico-sdk/src/rp2_common/pico_runtime/runtime.c.obj
 *fill*         0x0000000010004e72        0x2 
 .rodata.__func__.2
                0x0000000010004e74        0xd CMakeFiles/mono_modulation.dir/home/luka/pico/pico-sdk/src/rp2_common/pico_runtime/runtime.c.obj
 *fill*         0x0000000010004e81        0x3 
 .rodata._ftoa.str1.4
                0x0000000010004e84       0x15 CMakeFiles/mono_modulation.dir/home/luka/pico/pico-sdk/src/rp2_common/pico_printf/printf.c.obj
 *fill*         0x0000000010004e99        0x3 
 .rodata._vsnprintf
                0x0000000010004e9c      0x1e0 CMakeFiles/mono_modulation.dir/home/luka/pico/pico-sdk/src/rp2_common/pico_printf/printf.c.obj
 *fill*         0x000000001000507c        0x4 
 .rodata.pow10.0
                0x0000000010005080       0x50 CMakeFiles/mono_modulation.dir/home/luka/pico/pico-sdk/src/rp2_common/pico_printf/printf.c.obj
 .rodata.__aeabi_double_init.str1.4
                0x00000000100050d0       0xa6 CMakeFiles/mono_modulation.dir/home/luka/pico/pico-sdk/src/rp2_common/pico_double/double_init_rom.c.obj
 *fill*         0x0000000010005176        0x2 
 .rodata.__func__.0
                0x0000000010005178       0x14 CMakeFiles/mono_modulation.dir/home/luka/pico/pico-sdk/src/rp2_common/pico_double/double_init_rom.c.obj
 .rodata.__aeabi_float_init.str1.4
                0x000000001000518c       0x78 CMakeFiles/mono_modulation.dir/home/luka/pico/pico-sdk/src/rp2_common/pico_float/float_init_rom.c.obj
                                         0x7c (size before relaxing)
 .rodata.__func__.0
                0x0000000010005204       0x13 CMakeFiles/mono_modulation.dir/home/luka/pico/pico-sdk/src/rp2_common/pico_float/float_init_rom.c.obj
 *fill*         0x0000000010005217        0x1 
 .rodata.str1.4
                0x0000000010005218       0x44 CMakeFiles/mono_modulation.dir/home/luka/pico/pico-sdk/src/rp2_common/pico_standard_link/binary_info.c.obj
 .rodata.__bi_44
                0x000000001000525c        0xc CMakeFiles/mono_modulation.dir/home/luka/pico/pico-sdk/src/rp2_common/pico_standard_link/binary_info.c.obj
 .rodata.__bi_75
                0x0000000010005268        0xc CMakeFiles/mono_modulation.dir/home/luka/pico/pico-sdk/src/rp2_common/pico_standard_link/binary_info.c.obj
 .rodata.__bi_81
                0x0000000010005274        0xc CMakeFiles/mono_modulation.dir/home/luka/pico/pico-sdk/src/rp2_common/pico_standard_link/binary_info.c.obj
 .rodata.stdout_serialize_begin.str1.4
                0x0000000010005280       0x5f CMakeFiles/mono_modulation.dir/home/luka/pico/pico-sdk/src/rp2_common/pico_stdio/stdio.c.obj
 .rodata.__func__.3
                0x0000000010005280       0x15 CMakeFiles/mono_modulation.dir/home/luka/pico/pico-sdk/src/rp2_common/pico_stdio/stdio.c.obj
 *fill*         0x0000000010005295        0x3 
 .rodata.crlf_str.2
                0x0000000010005298        0x2 CMakeFiles/mono_modulation.dir/home/luka/pico/pico-sdk/src/rp2_common/pico_stdio/stdio.c.obj
                0x000000001000529c                . = ALIGN (0x4)
 *fill*         0x000000001000529a        0x2 
 *(SORT_BY_ALIGNMENT(SORT_BY_NAME(.flashdata*)))
                0x000000001000529c                . = ALIGN (0x4)

.rel.dyn        0x000000001000529c        0x0
 .rel.iplt      0x000000001000529c        0x0 /usr/lib/gcc/arm-none-eabi/10.3.1/thumb/v6-m/nofp/crtbegin.o

.ARM.extab
 *(.ARM.extab* .gnu.linkonce.armextab.*)
                0x000000001000529c                __exidx_start = .

.ARM.exidx
 *(.ARM.exidx* .gnu.linkonce.armexidx.*)
                0x000000001000529c                __exidx_end = .
                0x000000001000529c                . = ALIGN (0x4)
                0x000000001000529c                __binary_info_start = .

.binary_info    0x000000001000529c       0x1c
 *(.binary_info.keep.*)
 .binary_info.keep.__bi_ptr22
                0x000000001000529c        0x4 CMakeFiles/mono_modulation.dir/home/luka/pico/pico-sdk/src/rp2_common/pico_standard_link/binary_info.c.obj
 .binary_info.keep.__bi_ptr30
                0x00000000100052a0        0x4 CMakeFiles/mono_modulation.dir/home/luka/pico/pico-sdk/src/rp2_common/pico_standard_link/binary_info.c.obj
 .binary_info.keep.__bi_ptr38
                0x00000000100052a4        0x4 CMakeFiles/mono_modulation.dir/home/luka/pico/pico-sdk/src/rp2_common/pico_standard_link/binary_info.c.obj
 .binary_info.keep.__bi_ptr44
                0x00000000100052a8        0x4 CMakeFiles/mono_modulation.dir/home/luka/pico/pico-sdk/src/rp2_common/pico_standard_link/binary_info.c.obj
 .binary_info.keep.__bi_ptr50
                0x00000000100052ac        0x4 CMakeFiles/mono_modulation.dir/home/luka/pico/pico-sdk/src/rp2_common/pico_standard_link/binary_info.c.obj
 .binary_info.keep.__bi_ptr75
                0x00000000100052b0        0x4 CMakeFiles/mono_modulation.dir/home/luka/pico/pico-sdk/src/rp2_common/pico_standard_link/binary_info.c.obj
 .binary_info.keep.__bi_ptr81
                0x00000000100052b4        0x4 CMakeFiles/mono_modulation.dir/home/luka/pico/pico-sdk/src/rp2_common/pico_standard_link/binary_info.c.obj
 *(.binary_info.*)
                0x00000000100052b8                __binary_info_end = .
                0x00000000100052b8                . = ALIGN (0x4)
                0x00000000100052b8                __etext = .

.ram_vector_table
                0x0000000020000000       0xc0
 *(.ram_vector_table)
 .ram_vector_table
                0x0000000020000000       0xc0 CMakeFiles/mono_modulation.dir/home/luka/pico/pico-sdk/src/rp2_common/pico_runtime/runtime.c.obj
                0x0000000020000000                ram_vector_table

.data           0x00000000200000c0      0x22c load address 0x00000000100052b8
                0x00000000200000c0                __data_start__ = .
 *(vtable)
 *(.time_critical*)
 .time_critical.mutex_try_enter
                0x00000000200000c0       0x46 CMakeFiles/mono_modulation.dir/home/luka/pico/pico-sdk/src/common/pico_sync/mutex.c.obj
                0x00000000200000c0                mutex_try_enter
 *fill*         0x0000000020000106        0x2 
 .time_critical.mutex_enter_block_until
                0x0000000020000108       0x8c CMakeFiles/mono_modulation.dir/home/luka/pico/pico-sdk/src/common/pico_sync/mutex.c.obj
                0x0000000020000108                mutex_enter_block_until
 .time_critical.mutex_try_enter_block_until
                0x0000000020000194       0x34 CMakeFiles/mono_modulation.dir/home/luka/pico/pico-sdk/src/common/pico_sync/mutex.c.obj
                0x0000000020000194                mutex_try_enter_block_until
 .time_critical.mutex_exit
                0x00000000200001c8       0x4c CMakeFiles/mono_modulation.dir/home/luka/pico/pico-sdk/src/common/pico_sync/mutex.c.obj
                0x00000000200001c8                mutex_exit
 *(.text*)
 .text          0x0000000020000214        0x4 /usr/lib/gcc/arm-none-eabi/10.3.1/thumb/v6-m/nofp/libgcc.a(_dvmd_tls.o)
                0x0000000020000214                __aeabi_ldiv0
                0x0000000020000214                __aeabi_idiv0
 .text.__stub   0x0000000020000218       0x20 linker stubs
                0x0000000020000238                . = ALIGN (0x4)
 *(.rodata*)
                0x0000000020000238                . = ALIGN (0x4)
 *(.data*)
 .data.striped_spin_lock_num
                0x0000000020000238        0x1 CMakeFiles/mono_modulation.dir/home/luka/pico/pico-sdk/src/rp2_common/hardware_sync/sync.c.obj
 *fill*         0x0000000020000239        0x3 
 .data          0x000000002000023c       0x48 CMakeFiles/mono_modulation.dir/home/luka/pico/pico-sdk/src/rp2_common/hardware_irq/irq_handler_chain.S.obj
                0x000000002000023c                irq_handler_chain_slots
                0x000000002000026c                irq_handler_chain_first_slot
                0x0000000020000276                irq_handler_chain_remove_tail
 .data.default_alarm_pool
                0x0000000020000284       0x18 CMakeFiles/mono_modulation.dir/home/luka/pico/pico-sdk/src/common/pico_time/time.c.obj
 .data.default_alarm_pool_heap
                0x000000002000029c       0x10 CMakeFiles/mono_modulation.dir/home/luka/pico/pico-sdk/src/common/pico_time/time.c.obj
 *fill*         0x00000000200002ac        0x4 
 .data.aeabi_bits_funcs
                0x00000000200002b0       0x10 CMakeFiles/mono_modulation.dir/home/luka/pico/pico-sdk/src/rp2_common/pico_bit_ops/bit_ops_aeabi.S.obj
                0x00000000200002b0                aeabi_bits_funcs
                0x00000000200002c0                aeabi_bits_funcs_end
 .data.aeabi_mem_funcs
                0x00000000200002c0       0x10 CMakeFiles/mono_modulation.dir/home/luka/pico/pico-sdk/src/rp2_common/pico_mem_ops/mem_ops_aeabi.S.obj
                0x00000000200002c0                aeabi_mem_funcs
                0x00000000200002d0                aeabi_mem_funcs_end
                0x00000000200002d0                . = ALIGN (0x4)
 *(.after_data.*)
                0x00000000200002d0                . = ALIGN (0x4)
                0x00000000200002d0                PROVIDE (__mutex_array_start = .)
 *(SORT_BY_NAME(.mutex_array.*))
 *(.mutex_array)
 .mutex_array   0x00000000200002d0        0x8 CMakeFiles/mono_modulation.dir/home/luka/pico/pico-sdk/src/rp2_common/pico_stdio/stdio.c.obj
                0x00000000200002d8                PROVIDE (__mutex_array_end = .)
                0x00000000200002d8                . = ALIGN (0x4)
                0x00000000200002d8                PROVIDE (__preinit_array_start = .)
 *(SORT_BY_NAME(.preinit_array.*))
 .preinit_array.00001
                0x00000000200002d8        0x4 CMakeFiles/mono_modulation.dir/home/luka/pico/pico-sdk/src/rp2_common/pico_mem_ops/mem_ops_aeabi.S.obj
 .preinit_array.00010
                0x00000000200002dc        0x4 CMakeFiles/mono_modulation.dir/home/luka/pico/pico-sdk/src/rp2_common/pico_bit_ops/bit_ops_aeabi.S.obj
 .preinit_array.00020
                0x00000000200002e0        0x4 CMakeFiles/mono_modulation.dir/home/luka/pico/pico-sdk/src/rp2_common/pico_double/double_aeabi.S.obj
 .preinit_array.00020
                0x00000000200002e4        0x4 CMakeFiles/mono_modulation.dir/home/luka/pico/pico-sdk/src/rp2_common/pico_float/float_aeabi.S.obj
 *(.preinit_array)
                0x00000000200002e8                PROVIDE (__preinit_array_end = .)
                0x00000000200002e8                . = ALIGN (0x4)
                0x00000000200002e8                PROVIDE (__init_array_start = .)
 *(SORT_BY_NAME(.init_array.*))
 *(.init_array)
 .init_array    0x00000000200002e8        0x4 /usr/lib/gcc/arm-none-eabi/10.3.1/thumb/v6-m/nofp/crtbegin.o
                0x00000000200002ec                PROVIDE (__init_array_end = .)
                0x00000000200002ec                . = ALIGN (0x4)
                0x00000000200002ec                PROVIDE (__fini_array_start = .)
 *(SORT_BY_NAME(.fini_array.*))
 *(.fini_array)
                0x00000000200002ec                PROVIDE (__fini_array_end = .)
 *(.jcr)
                0x00000000200002ec                . = ALIGN (0x4)
                0x00000000200002ec                __data_end__ = .

.tm_clone_table
                0x00000000200002ec        0x0 load address 0x00000000100054e4
 .tm_clone_table
                0x00000000200002ec        0x0 /usr/lib/gcc/arm-none-eabi/10.3.1/thumb/v6-m/nofp/crtbegin.o
 .tm_clone_table
                0x00000000200002ec        0x0 /usr/lib/gcc/arm-none-eabi/10.3.1/thumb/v6-m/nofp/crtend.o

.igot.plt       0x00000000200002ec        0x0 load address 0x00000000100054e4
 .igot.plt      0x00000000200002ec        0x0 /usr/lib/gcc/arm-none-eabi/10.3.1/thumb/v6-m/nofp/crtbegin.o

.uninitialized_data
                0x00000000200002ec        0x0 load address 0x00000000100054e4
                0x00000000200002ec                . = ALIGN (0x4)
 *(.uninitialized_data*)

.scratch_x      0x0000000020040000        0x0 load address 0x00000000100054e4
                0x0000000020040000                __scratch_x_start__ = .
 *(.scratch_x.*)
                0x0000000020040000                . = ALIGN (0x4)
                0x0000000020040000                __scratch_x_end__ = .
                0x00000000100054e4                __scratch_x_source__ = LOADADDR (.scratch_x)

.scratch_y      0x0000000020041000        0x0 load address 0x00000000100054e4
                0x0000000020041000                __scratch_y_start__ = .
 *(.scratch_y.*)
                0x0000000020041000                . = ALIGN (0x4)
                0x0000000020041000                __scratch_y_end__ = .
                0x00000000100054e4                __scratch_y_source__ = LOADADDR (.scratch_y)

.bss            0x00000000200002f0      0x3c8
                0x00000000200002f0                . = ALIGN (0x4)
                0x00000000200002f0                __bss_start__ = .
 *(SORT_BY_ALIGNMENT(SORT_BY_NAME(.bss*)))
 .bss.default_alarm_pool_entries
                0x00000000200002f0      0x100 CMakeFiles/mono_modulation.dir/home/luka/pico/pico-sdk/src/common/pico_time/time.c.obj
 .bss           0x00000000200003f0       0x1c /usr/lib/gcc/arm-none-eabi/10.3.1/thumb/v6-m/nofp/crtbegin.o
 .bss.alarm_callbacks
                0x000000002000040c       0x10 CMakeFiles/mono_modulation.dir/home/luka/pico/pico-sdk/src/rp2_common/hardware_timer/timer.c.obj
 .bss.configured_freq
                0x000000002000041c       0x28 CMakeFiles/mono_modulation.dir/home/luka/pico/pico-sdk/src/rp2_common/hardware_clocks/clocks.c.obj
 .bss.default_alarm_pool_entry_ids_high
                0x0000000020000444       0x10 CMakeFiles/mono_modulation.dir/home/luka/pico/pico-sdk/src/common/pico_time/time.c.obj
 .bss.default_alarm_pool_heap_nodes
                0x0000000020000454       0x30 CMakeFiles/mono_modulation.dir/home/luka/pico/pico-sdk/src/common/pico_time/time.c.obj
 .bss.drivers   0x0000000020000484        0x4 CMakeFiles/mono_modulation.dir/home/luka/pico/pico-sdk/src/rp2_common/pico_stdio/stdio.c.obj
 .bss.filter    0x0000000020000488        0x4 CMakeFiles/mono_modulation.dir/home/luka/pico/pico-sdk/src/rp2_common/pico_stdio/stdio.c.obj
 .bss.pools     0x000000002000048c       0x10 CMakeFiles/mono_modulation.dir/home/luka/pico/pico-sdk/src/common/pico_time/time.c.obj
 .bss.sd_table  0x000000002000049c      0x100 CMakeFiles/mono_modulation.dir/home/luka/pico/pico-sdk/src/rp2_common/pico_double/double_init_rom.c.obj
                0x000000002000049c                sd_table
 .bss.sf_clz_func
                0x000000002000059c        0x4 CMakeFiles/mono_modulation.dir/home/luka/pico/pico-sdk/src/rp2_common/pico_double/double_init_rom.c.obj
                0x000000002000059c                sf_clz_func
 .bss.sf_table  0x00000000200005a0      0x100 CMakeFiles/mono_modulation.dir/home/luka/pico/pico-sdk/src/rp2_common/pico_float/float_init_rom.c.obj
                0x00000000200005a0                sf_table
 .bss.sleep_notifier
                0x00000000200006a0        0x4 CMakeFiles/mono_modulation.dir/home/luka/pico/pico-sdk/src/common/pico_time/time.c.obj
 .bss.target_hi
                0x00000000200006a4       0x10 CMakeFiles/mono_modulation.dir/home/luka/pico/pico-sdk/src/rp2_common/hardware_timer/timer.c.obj
 .bss.claimed   0x00000000200006b4        0x1 CMakeFiles/mono_modulation.dir/home/luka/pico/pico-sdk/src/rp2_common/hardware_timer/timer.c.obj
 .bss.irq_hander_chain_free_slot_head
                0x00000000200006b5        0x1 CMakeFiles/mono_modulation.dir/home/luka/pico/pico-sdk/src/rp2_common/hardware_irq/irq.c.obj
 .bss.timer_callbacks_pending
                0x00000000200006b6        0x1 CMakeFiles/mono_modulation.dir/home/luka/pico/pico-sdk/src/rp2_common/hardware_timer/timer.c.obj
 *(COMMON)
                0x00000000200006b8                . = ALIGN (0x4)
 *fill*         0x00000000200006b7        0x1 
                0x00000000200006b8                __bss_end__ = .

.heap           0x00000000200006b8      0x800
                0x00000000200006b8                __end__ = .
                0x00000000200006b8                end = __end__
 *(.heap*)
 .heap          0x00000000200006b8      0x800 CMakeFiles/mono_modulation.dir/home/luka/pico/pico-sdk/src/rp2_common/pico_standard_link/crt0.S.obj
                0x0000000020000eb8                __HeapLimit = .

.stack1_dummy   0x0000000020040000        0x0
 *(.stack1*)

.stack_dummy    0x0000000020041000      0x800
 *(.stack*)
 .stack         0x0000000020041000      0x800 CMakeFiles/mono_modulation.dir/home/luka/pico/pico-sdk/src/rp2_common/pico_standard_link/crt0.S.obj

.flash_end      0x00000000100054e4        0x0
                0x00000000100054e4                __flash_binary_end = .
                0x0000000020040000                __StackLimit = (ORIGIN (RAM) + LENGTH (RAM))
                0x0000000020041000                __StackOneTop = (ORIGIN (SCRATCH_X) + LENGTH (SCRATCH_X))
                0x0000000020042000                __StackTop = (ORIGIN (SCRATCH_Y) + LENGTH (SCRATCH_Y))
                0x0000000020041000                __StackOneBottom = (__StackOneTop - SIZEOF (.stack1_dummy))
                0x0000000020041800                __StackBottom = (__StackTop - SIZEOF (.stack_dummy))
                0x0000000020042000                PROVIDE (__stack = __StackTop)
                0x0000000000000001                ASSERT ((__StackLimit >= __HeapLimit), region RAM overflowed)
                0x0000000000000001                ASSERT (((__binary_info_header_end - __logical_binary_start) <= 0x100), Binary info must be in first 256 bytes of the binary)
LOAD CMakeFiles/mono_modulation.dir/ADSR.c.obj
LOAD CMakeFiles/mono_modulation.dir/LFO.c.obj
LOAD CMakeFiles/mono_modulation.dir/test.c.obj
LOAD CMakeFiles/mono_modulation.dir/home/luka/pico/pico-sdk/src/rp2_common/pico_stdlib/stdlib.c.obj
LOAD CMakeFiles/mono_modulation.dir/home/luka/pico/pico-sdk/src/rp2_common/hardware_gpio/gpio.c.obj
LOAD CMakeFiles/mono_modulation.dir/home/luka/pico/pico-sdk/src/rp2_common/pico_platform/platform.c.obj
LOAD CMakeFiles/mono_modulation.dir/home/luka/pico/pico-sdk/src/rp2_common/hardware_claim/claim.c.obj
LOAD CMakeFiles/mono_modulation.dir/home/luka/pico/pico-sdk/src/rp2_common/hardware_sync/sync.c.obj
LOAD CMakeFiles/mono_modulation.dir/home/luka/pico/pico-sdk/src/rp2_common/hardware_irq/irq.c.obj
LOAD CMakeFiles/mono_modulation.dir/home/luka/pico/pico-sdk/src/rp2_common/hardware_irq/irq_handler_chain.S.obj
LOAD CMakeFiles/mono_modulation.dir/home/luka/pico/pico-sdk/src/common/pico_sync/sem.c.obj
LOAD CMakeFiles/mono_modulation.dir/home/luka/pico/pico-sdk/src/common/pico_sync/lock_core.c.obj
LOAD CMakeFiles/mono_modulation.dir/home/luka/pico/pico-sdk/src/common/pico_sync/mutex.c.obj
LOAD CMakeFiles/mono_modulation.dir/home/luka/pico/pico-sdk/src/common/pico_sync/critical_section.c.obj
LOAD CMakeFiles/mono_modulation.dir/home/luka/pico/pico-sdk/src/common/pico_time/time.c.obj
LOAD CMakeFiles/mono_modulation.dir/home/luka/pico/pico-sdk/src/common/pico_time/timeout_helper.c.obj
LOAD CMakeFiles/mono_modulation.dir/home/luka/pico/pico-sdk/src/rp2_common/hardware_timer/timer.c.obj
LOAD CMakeFiles/mono_modulation.dir/home/luka/pico/pico-sdk/src/common/pico_util/datetime.c.obj
LOAD CMakeFiles/mono_modulation.dir/home/luka/pico/pico-sdk/src/common/pico_util/pheap.c.obj
LOAD CMakeFiles/mono_modulation.dir/home/luka/pico/pico-sdk/src/common/pico_util/queue.c.obj
LOAD CMakeFiles/mono_modulation.dir/home/luka/pico/pico-sdk/src/rp2_common/hardware_uart/uart.c.obj
LOAD CMakeFiles/mono_modulation.dir/home/luka/pico/pico-sdk/src/rp2_common/hardware_clocks/clocks.c.obj
LOAD CMakeFiles/mono_modulation.dir/home/luka/pico/pico-sdk/src/rp2_common/hardware_pll/pll.c.obj
LOAD CMakeFiles/mono_modulation.dir/home/luka/pico/pico-sdk/src/rp2_common/hardware_vreg/vreg.c.obj
LOAD CMakeFiles/mono_modulation.dir/home/luka/pico/pico-sdk/src/rp2_common/hardware_watchdog/watchdog.c.obj
LOAD CMakeFiles/mono_modulation.dir/home/luka/pico/pico-sdk/src/rp2_common/hardware_xosc/xosc.c.obj
LOAD CMakeFiles/mono_modulation.dir/home/luka/pico/pico-sdk/src/rp2_common/hardware_divider/divider.S.obj
LOAD CMakeFiles/mono_modulation.dir/home/luka/pico/pico-sdk/src/rp2_common/pico_runtime/runtime.c.obj
LOAD CMakeFiles/mono_modulation.dir/home/luka/pico/pico-sdk/src/rp2_common/pico_printf/printf.c.obj
LOAD CMakeFiles/mono_modulation.dir/home/luka/pico/pico-sdk/src/rp2_common/pico_bit_ops/bit_ops_aeabi.S.obj
LOAD CMakeFiles/mono_modulation.dir/home/luka/pico/pico-sdk/src/rp2_common/pico_bootrom/bootrom.c.obj
LOAD CMakeFiles/mono_modulation.dir/home/luka/pico/pico-sdk/src/rp2_common/pico_divider/divider.S.obj
LOAD CMakeFiles/mono_modulation.dir/home/luka/pico/pico-sdk/src/rp2_common/pico_double/double_aeabi.S.obj
LOAD CMakeFiles/mono_modulation.dir/home/luka/pico/pico-sdk/src/rp2_common/pico_double/double_init_rom.c.obj
LOAD CMakeFiles/mono_modulation.dir/home/luka/pico/pico-sdk/src/rp2_common/pico_double/double_math.c.obj
LOAD CMakeFiles/mono_modulation.dir/home/luka/pico/pico-sdk/src/rp2_common/pico_double/double_v1_rom_shim.S.obj
LOAD CMakeFiles/mono_modulation.dir/home/luka/pico/pico-sdk/src/rp2_common/pico_int64_ops/pico_int64_ops_aeabi.S.obj
LOAD CMakeFiles/mono_modulation.dir/home/luka/pico/pico-sdk/src/rp2_common/pico_float/float_aeabi.S.obj
LOAD CMakeFiles/mono_modulation.dir/home/luka/pico/pico-sdk/src/rp2_common/pico_float/float_init_rom.c.obj
LOAD CMakeFiles/mono_modulation.dir/home/luka/pico/pico-sdk/src/rp2_common/pico_float/float_math.c.obj
LOAD CMakeFiles/mono_modulation.dir/home/luka/pico/pico-sdk/src/rp2_common/pico_float/float_v1_rom_shim.S.obj
LOAD CMakeFiles/mono_modulation.dir/home/luka/pico/pico-sdk/src/rp2_common/pico_malloc/pico_malloc.c.obj
LOAD CMakeFiles/mono_modulation.dir/home/luka/pico/pico-sdk/src/rp2_common/pico_mem_ops/mem_ops_aeabi.S.obj
LOAD CMakeFiles/mono_modulation.dir/home/luka/pico/pico-sdk/src/rp2_common/pico_standard_link/crt0.S.obj
LOAD CMakeFiles/mono_modulation.dir/home/luka/pico/pico-sdk/src/rp2_common/pico_standard_link/new_delete.cpp.obj
LOAD CMakeFiles/mono_modulation.dir/home/luka/pico/pico-sdk/src/rp2_common/pico_standard_link/binary_info.c.obj
LOAD CMakeFiles/mono_modulation.dir/home/luka/pico/pico-sdk/src/rp2_common/pico_stdio/stdio.c.obj
LOAD CMakeFiles/mono_modulation.dir/home/luka/pico/pico-sdk/src/rp2_common/pico_stdio_uart/stdio_uart.c.obj
LOAD /tmp/ccfMmnri.o
LOAD /usr/lib/gcc/arm-none-eabi/10.3.1/../../../arm-none-eabi/lib/thumb/v6-m/nofp/libstdc++.a
LOAD /usr/lib/gcc/arm-none-eabi/10.3.1/../../../arm-none-eabi/lib/thumb/v6-m/nofp/libm.a
START GROUP
LOAD /usr/lib/gcc/arm-none-eabi/10.3.1/thumb/v6-m/nofp/libgcc.a
LOAD /usr/lib/gcc/arm-none-eabi/10.3.1/../../../arm-none-eabi/lib/thumb/v6-m/nofp/libg.a
LOAD /usr/lib/gcc/arm-none-eabi/10.3.1/../../../arm-none-eabi/lib/thumb/v6-m/nofp/libc.a
END GROUP
START GROUP
LOAD /usr/lib/gcc/arm-none-eabi/10.3.1/thumb/v6-m/nofp/libgcc.a
LOAD /usr/lib/gcc/arm-none-eabi/10.3.1/../../../arm-none-eabi/lib/thumb/v6-m/nofp/libc.a
LOAD /usr/lib/gcc/arm-none-eabi/10.3.1/../../../arm-none-eabi/lib/thumb/v6-m/nofp/libnosys.a
END GROUP
LOAD /usr/lib/gcc/arm-none-eabi/10.3.1/thumb/v6-m/nofp/crtend.o
LOAD /usr/lib/gcc/arm-none-eabi/10.3.1/thumb/v6-m/nofp/crtn.o
OUTPUT(mono_modulation.elf elf32-littlearm)
LOAD linker stubs

.ARM.attributes
                0x0000000000000000       0x28
 .ARM.attributes
                0x0000000000000000       0x1e /usr/lib/gcc/arm-none-eabi/10.3.1/thumb/v6-m/nofp/crti.o
 .ARM.attributes
                0x000000000000001e       0x2c /usr/lib/gcc/arm-none-eabi/10.3.1/thumb/v6-m/nofp/crtbegin.o
 .ARM.attributes
                0x000000000000004a       0x2c CMakeFiles/mono_modulation.dir/test.c.obj
 .ARM.attributes
                0x0000000000000076       0x2c CMakeFiles/mono_modulation.dir/home/luka/pico/pico-sdk/src/rp2_common/pico_platform/platform.c.obj
 .ARM.attributes
                0x00000000000000a2       0x2c CMakeFiles/mono_modulation.dir/home/luka/pico/pico-sdk/src/rp2_common/hardware_claim/claim.c.obj
 .ARM.attributes
                0x00000000000000ce       0x2c CMakeFiles/mono_modulation.dir/home/luka/pico/pico-sdk/src/rp2_common/hardware_sync/sync.c.obj
 .ARM.attributes
                0x00000000000000fa       0x2c CMakeFiles/mono_modulation.dir/home/luka/pico/pico-sdk/src/rp2_common/hardware_irq/irq.c.obj
 .ARM.attributes
                0x0000000000000126       0x22 CMakeFiles/mono_modulation.dir/home/luka/pico/pico-sdk/src/rp2_common/hardware_irq/irq_handler_chain.S.obj
 .ARM.attributes
                0x0000000000000148       0x2c CMakeFiles/mono_modulation.dir/home/luka/pico/pico-sdk/src/common/pico_sync/lock_core.c.obj
 .ARM.attributes
                0x0000000000000174       0x2c CMakeFiles/mono_modulation.dir/home/luka/pico/pico-sdk/src/common/pico_sync/mutex.c.obj
 .ARM.attributes
                0x00000000000001a0       0x2c CMakeFiles/mono_modulation.dir/home/luka/pico/pico-sdk/src/common/pico_time/time.c.obj
 .ARM.attributes
                0x00000000000001cc       0x2c CMakeFiles/mono_modulation.dir/home/luka/pico/pico-sdk/src/rp2_common/hardware_timer/timer.c.obj
 .ARM.attributes
                0x00000000000001f8       0x2c CMakeFiles/mono_modulation.dir/home/luka/pico/pico-sdk/src/common/pico_util/pheap.c.obj
 .ARM.attributes
                0x0000000000000224       0x2c CMakeFiles/mono_modulation.dir/home/luka/pico/pico-sdk/src/rp2_common/hardware_clocks/clocks.c.obj
 .ARM.attributes
                0x0000000000000250       0x2c CMakeFiles/mono_modulation.dir/home/luka/pico/pico-sdk/src/rp2_common/hardware_pll/pll.c.obj
 .ARM.attributes
                0x000000000000027c       0x2c CMakeFiles/mono_modulation.dir/home/luka/pico/pico-sdk/src/rp2_common/hardware_watchdog/watchdog.c.obj
 .ARM.attributes
                0x00000000000002a8       0x2c CMakeFiles/mono_modulation.dir/home/luka/pico/pico-sdk/src/rp2_common/hardware_xosc/xosc.c.obj
 .ARM.attributes
                0x00000000000002d4       0x2c CMakeFiles/mono_modulation.dir/home/luka/pico/pico-sdk/src/rp2_common/pico_runtime/runtime.c.obj
 .ARM.attributes
                0x0000000000000300       0x2c CMakeFiles/mono_modulation.dir/home/luka/pico/pico-sdk/src/rp2_common/pico_printf/printf.c.obj
 .ARM.attributes
                0x000000000000032c       0x22 CMakeFiles/mono_modulation.dir/home/luka/pico/pico-sdk/src/rp2_common/pico_bit_ops/bit_ops_aeabi.S.obj
 .ARM.attributes
                0x000000000000034e       0x2c CMakeFiles/mono_modulation.dir/home/luka/pico/pico-sdk/src/rp2_common/pico_bootrom/bootrom.c.obj
 .ARM.attributes
                0x000000000000037a       0x22 CMakeFiles/mono_modulation.dir/home/luka/pico/pico-sdk/src/rp2_common/pico_divider/divider.S.obj
 .ARM.attributes
                0x000000000000039c       0x22 CMakeFiles/mono_modulation.dir/home/luka/pico/pico-sdk/src/rp2_common/pico_double/double_aeabi.S.obj
 .ARM.attributes
                0x00000000000003be       0x2c CMakeFiles/mono_modulation.dir/home/luka/pico/pico-sdk/src/rp2_common/pico_double/double_init_rom.c.obj
 .ARM.attributes
                0x00000000000003ea       0x22 CMakeFiles/mono_modulation.dir/home/luka/pico/pico-sdk/src/rp2_common/pico_double/double_v1_rom_shim.S.obj
 .ARM.attributes
                0x000000000000040c       0x22 CMakeFiles/mono_modulation.dir/home/luka/pico/pico-sdk/src/rp2_common/pico_int64_ops/pico_int64_ops_aeabi.S.obj
 .ARM.attributes
                0x000000000000042e       0x22 CMakeFiles/mono_modulation.dir/home/luka/pico/pico-sdk/src/rp2_common/pico_float/float_aeabi.S.obj
 .ARM.attributes
                0x0000000000000450       0x2c CMakeFiles/mono_modulation.dir/home/luka/pico/pico-sdk/src/rp2_common/pico_float/float_init_rom.c.obj
 .ARM.attributes
                0x000000000000047c       0x22 CMakeFiles/mono_modulation.dir/home/luka/pico/pico-sdk/src/rp2_common/pico_float/float_v1_rom_shim.S.obj
 .ARM.attributes
                0x000000000000049e       0x22 CMakeFiles/mono_modulation.dir/home/luka/pico/pico-sdk/src/rp2_common/pico_mem_ops/mem_ops_aeabi.S.obj
 .ARM.attributes
                0x00000000000004c0       0x22 CMakeFiles/mono_modulation.dir/home/luka/pico/pico-sdk/src/rp2_common/pico_standard_link/crt0.S.obj
 .ARM.attributes
                0x00000000000004e2       0x32 CMakeFiles/mono_modulation.dir/home/luka/pico/pico-sdk/src/rp2_common/pico_standard_link/binary_info.c.obj
 .ARM.attributes
                0x0000000000000514       0x2c CMakeFiles/mono_modulation.dir/home/luka/pico/pico-sdk/src/rp2_common/pico_stdio/stdio.c.obj
 .ARM.attributes
                0x0000000000000540       0x22 /tmp/ccfMmnri.o
 .ARM.attributes
                0x0000000000000562       0x1e /usr/lib/gcc/arm-none-eabi/10.3.1/thumb/v6-m/nofp/libgcc.a(_dvmd_tls.o)
 .ARM.attributes
                0x0000000000000580       0x2c /usr/lib/gcc/arm-none-eabi/10.3.1/../../../arm-none-eabi/lib/thumb/v6-m/nofp/libg.a(lib_a-strlen-stub.o)
 .ARM.attributes
                0x00000000000005ac       0x2c /usr/lib/gcc/arm-none-eabi/10.3.1/thumb/v6-m/nofp/crtend.o

.comment        0x0000000000000000       0x33
 .comment       0x0000000000000000       0x33 /usr/lib/gcc/arm-none-eabi/10.3.1/thumb/v6-m/nofp/crtbegin.o
                                         0x34 (size before relaxing)
 .comment       0x0000000000000033       0x34 CMakeFiles/mono_modulation.dir/test.c.obj
 .comment       0x0000000000000033       0x34 CMakeFiles/mono_modulation.dir/home/luka/pico/pico-sdk/src/rp2_common/pico_platform/platform.c.obj
 .comment       0x0000000000000033       0x34 CMakeFiles/mono_modulation.dir/home/luka/pico/pico-sdk/src/rp2_common/hardware_claim/claim.c.obj
 .comment       0x0000000000000033       0x34 CMakeFiles/mono_modulation.dir/home/luka/pico/pico-sdk/src/rp2_common/hardware_sync/sync.c.obj
 .comment       0x0000000000000033       0x34 CMakeFiles/mono_modulation.dir/home/luka/pico/pico-sdk/src/rp2_common/hardware_irq/irq.c.obj
 .comment       0x0000000000000033       0x34 CMakeFiles/mono_modulation.dir/home/luka/pico/pico-sdk/src/common/pico_sync/lock_core.c.obj
 .comment       0x0000000000000033       0x34 CMakeFiles/mono_modulation.dir/home/luka/pico/pico-sdk/src/common/pico_sync/mutex.c.obj
 .comment       0x0000000000000033       0x34 CMakeFiles/mono_modulation.dir/home/luka/pico/pico-sdk/src/common/pico_time/time.c.obj
 .comment       0x0000000000000033       0x34 CMakeFiles/mono_modulation.dir/home/luka/pico/pico-sdk/src/rp2_common/hardware_timer/timer.c.obj
 .comment       0x0000000000000033       0x34 CMakeFiles/mono_modulation.dir/home/luka/pico/pico-sdk/src/common/pico_util/pheap.c.obj
 .comment       0x0000000000000033       0x34 CMakeFiles/mono_modulation.dir/home/luka/pico/pico-sdk/src/rp2_common/hardware_clocks/clocks.c.obj
 .comment       0x0000000000000033       0x34 CMakeFiles/mono_modulation.dir/home/luka/pico/pico-sdk/src/rp2_common/hardware_pll/pll.c.obj
 .comment       0x0000000000000033       0x34 CMakeFiles/mono_modulation.dir/home/luka/pico/pico-sdk/src/rp2_common/hardware_watchdog/watchdog.c.obj
 .comment       0x0000000000000033       0x34 CMakeFiles/mono_modulation.dir/home/luka/pico/pico-sdk/src/rp2_common/hardware_xosc/xosc.c.obj
 .comment       0x0000000000000033       0x34 CMakeFiles/mono_modulation.dir/home/luka/pico/pico-sdk/src/rp2_common/pico_runtime/runtime.c.obj
 .comment       0x0000000000000033       0x34 CMakeFiles/mono_modulation.dir/home/luka/pico/pico-sdk/src/rp2_common/pico_printf/printf.c.obj
 .comment       0x0000000000000033       0x34 CMakeFiles/mono_modulation.dir/home/luka/pico/pico-sdk/src/rp2_common/pico_bootrom/bootrom.c.obj
 .comment       0x0000000000000033       0x34 CMakeFiles/mono_modulation.dir/home/luka/pico/pico-sdk/src/rp2_common/pico_double/double_init_rom.c.obj
 .comment       0x0000000000000033       0x34 CMakeFiles/mono_modulation.dir/home/luka/pico/pico-sdk/src/rp2_common/pico_float/float_init_rom.c.obj
 .comment       0x0000000000000033       0x34 CMakeFiles/mono_modulation.dir/home/luka/pico/pico-sdk/src/rp2_common/pico_standard_link/binary_info.c.obj
 .comment       0x0000000000000033       0x34 CMakeFiles/mono_modulation.dir/home/luka/pico/pico-sdk/src/rp2_common/pico_stdio/stdio.c.obj
 .comment       0x0000000000000033       0x34 /usr/lib/gcc/arm-none-eabi/10.3.1/../../../arm-none-eabi/lib/thumb/v6-m/nofp/libg.a(lib_a-strlen-stub.o)
 .comment       0x0000000000000033       0x34 /usr/lib/gcc/arm-none-eabi/10.3.1/thumb/v6-m/nofp/crtend.o

.debug_info     0x0000000000000000    0x11f85
 .debug_info    0x0000000000000000      0x2a4 CMakeFiles/mono_modulation.dir/test.c.obj
 .debug_info    0x00000000000002a4      0x1cb CMakeFiles/mono_modulation.dir/home/luka/pico/pico-sdk/src/rp2_common/pico_platform/platform.c.obj
 .debug_info    0x000000000000046f      0x6a4 CMakeFiles/mono_modulation.dir/home/luka/pico/pico-sdk/src/rp2_common/hardware_claim/claim.c.obj
 .debug_info    0x0000000000000b13      0x576 CMakeFiles/mono_modulation.dir/home/luka/pico/pico-sdk/src/rp2_common/hardware_sync/sync.c.obj
 .debug_info    0x0000000000001089     0x1c54 CMakeFiles/mono_modulation.dir/home/luka/pico/pico-sdk/src/rp2_common/hardware_irq/irq.c.obj
 .debug_info    0x0000000000002cdd      0x198 CMakeFiles/mono_modulation.dir/home/luka/pico/pico-sdk/src/common/pico_sync/lock_core.c.obj
 .debug_info    0x0000000000002e75     0x2097 CMakeFiles/mono_modulation.dir/home/luka/pico/pico-sdk/src/common/pico_sync/mutex.c.obj
 .debug_info    0x0000000000004f0c     0x402a CMakeFiles/mono_modulation.dir/home/luka/pico/pico-sdk/src/common/pico_time/time.c.obj
 .debug_info    0x0000000000008f36     0x13b2 CMakeFiles/mono_modulation.dir/home/luka/pico/pico-sdk/src/rp2_common/hardware_timer/timer.c.obj
 .debug_info    0x000000000000a2e8     0x123b CMakeFiles/mono_modulation.dir/home/luka/pico/pico-sdk/src/common/pico_util/pheap.c.obj
 .debug_info    0x000000000000b523      0xf5d CMakeFiles/mono_modulation.dir/home/luka/pico/pico-sdk/src/rp2_common/hardware_clocks/clocks.c.obj
 .debug_info    0x000000000000c480      0x503 CMakeFiles/mono_modulation.dir/home/luka/pico/pico-sdk/src/rp2_common/hardware_pll/pll.c.obj
 .debug_info    0x000000000000c983      0x4ee CMakeFiles/mono_modulation.dir/home/luka/pico/pico-sdk/src/rp2_common/hardware_watchdog/watchdog.c.obj
 .debug_info    0x000000000000ce71      0x1c0 CMakeFiles/mono_modulation.dir/home/luka/pico/pico-sdk/src/rp2_common/hardware_xosc/xosc.c.obj
 .debug_info    0x000000000000d031     0x1028 CMakeFiles/mono_modulation.dir/home/luka/pico/pico-sdk/src/rp2_common/pico_runtime/runtime.c.obj
 .debug_info    0x000000000000e059     0x1a47 CMakeFiles/mono_modulation.dir/home/luka/pico/pico-sdk/src/rp2_common/pico_printf/printf.c.obj
 .debug_info    0x000000000000faa0       0x22 CMakeFiles/mono_modulation.dir/home/luka/pico/pico-sdk/src/rp2_common/pico_bit_ops/bit_ops_aeabi.S.obj
 .debug_info    0x000000000000fac2      0x258 CMakeFiles/mono_modulation.dir/home/luka/pico/pico-sdk/src/rp2_common/pico_bootrom/bootrom.c.obj
 .debug_info    0x000000000000fd1a       0x22 CMakeFiles/mono_modulation.dir/home/luka/pico/pico-sdk/src/rp2_common/pico_divider/divider.S.obj
 .debug_info    0x000000000000fd3c       0x22 CMakeFiles/mono_modulation.dir/home/luka/pico/pico-sdk/src/rp2_common/pico_double/double_aeabi.S.obj
 .debug_info    0x000000000000fd5e      0x2a1 CMakeFiles/mono_modulation.dir/home/luka/pico/pico-sdk/src/rp2_common/pico_double/double_init_rom.c.obj
 .debug_info    0x000000000000ffff       0x22 CMakeFiles/mono_modulation.dir/home/luka/pico/pico-sdk/src/rp2_common/pico_double/double_v1_rom_shim.S.obj
 .debug_info    0x0000000000010021       0x26 CMakeFiles/mono_modulation.dir/home/luka/pico/pico-sdk/src/rp2_common/pico_int64_ops/pico_int64_ops_aeabi.S.obj
 .debug_info    0x0000000000010047       0x22 CMakeFiles/mono_modulation.dir/home/luka/pico/pico-sdk/src/rp2_common/pico_float/float_aeabi.S.obj
 .debug_info    0x0000000000010069      0x2bb CMakeFiles/mono_modulation.dir/home/luka/pico/pico-sdk/src/rp2_common/pico_float/float_init_rom.c.obj
 .debug_info    0x0000000000010324       0x22 CMakeFiles/mono_modulation.dir/home/luka/pico/pico-sdk/src/rp2_common/pico_float/float_v1_rom_shim.S.obj
 .debug_info    0x0000000000010346       0x22 CMakeFiles/mono_modulation.dir/home/luka/pico/pico-sdk/src/rp2_common/pico_mem_ops/mem_ops_aeabi.S.obj
 .debug_info    0x0000000000010368       0x22 CMakeFiles/mono_modulation.dir/home/luka/pico/pico-sdk/src/rp2_common/pico_standard_link/crt0.S.obj
 .debug_info    0x000000000001038a      0x2c6 CMakeFiles/mono_modulation.dir/home/luka/pico/pico-sdk/src/rp2_common/pico_standard_link/binary_info.c.obj
 .debug_info    0x0000000000010650     0x1821 CMakeFiles/mono_modulation.dir/home/luka/pico/pico-sdk/src/rp2_common/pico_stdio/stdio.c.obj
 .debug_info    0x0000000000011e71       0x26 /usr/lib/gcc/arm-none-eabi/10.3.1/thumb/v6-m/nofp/libgcc.a(_dvmd_tls.o)
 .debug_info    0x0000000000011e97       0xee /usr/lib/gcc/arm-none-eabi/10.3.1/../../../arm-none-eabi/lib/thumb/v6-m/nofp/libg.a(lib_a-strlen-stub.o)

.debug_abbrev   0x0000000000000000     0x3834
 .debug_abbrev  0x0000000000000000      0x19a CMakeFiles/mono_modulation.dir/test.c.obj
 .debug_abbrev  0x000000000000019a       0xeb CMakeFiles/mono_modulation.dir/home/luka/pico/pico-sdk/src/rp2_common/pico_platform/platform.c.obj
 .debug_abbrev  0x0000000000000285      0x2e9 CMakeFiles/mono_modulation.dir/home/luka/pico/pico-sdk/src/rp2_common/hardware_claim/claim.c.obj
 .debug_abbrev  0x000000000000056e      0x21b CMakeFiles/mono_modulation.dir/home/luka/pico/pico-sdk/src/rp2_common/hardware_sync/sync.c.obj
 .debug_abbrev  0x0000000000000789      0x4e7 CMakeFiles/mono_modulation.dir/home/luka/pico/pico-sdk/src/rp2_common/hardware_irq/irq.c.obj
 .debug_abbrev  0x0000000000000c70      0x116 CMakeFiles/mono_modulation.dir/home/luka/pico/pico-sdk/src/common/pico_sync/lock_core.c.obj
 .debug_abbrev  0x0000000000000d86      0x397 CMakeFiles/mono_modulation.dir/home/luka/pico/pico-sdk/src/common/pico_sync/mutex.c.obj
 .debug_abbrev  0x000000000000111d      0x571 CMakeFiles/mono_modulation.dir/home/luka/pico/pico-sdk/src/common/pico_time/time.c.obj
 .debug_abbrev  0x000000000000168e      0x3b8 CMakeFiles/mono_modulation.dir/home/luka/pico/pico-sdk/src/rp2_common/hardware_timer/timer.c.obj
 .debug_abbrev  0x0000000000001a46      0x297 CMakeFiles/mono_modulation.dir/home/luka/pico/pico-sdk/src/common/pico_util/pheap.c.obj
 .debug_abbrev  0x0000000000001cdd      0x3a5 CMakeFiles/mono_modulation.dir/home/luka/pico/pico-sdk/src/rp2_common/hardware_clocks/clocks.c.obj
 .debug_abbrev  0x0000000000002082      0x1ea CMakeFiles/mono_modulation.dir/home/luka/pico/pico-sdk/src/rp2_common/hardware_pll/pll.c.obj
 .debug_abbrev  0x000000000000226c      0x1a8 CMakeFiles/mono_modulation.dir/home/luka/pico/pico-sdk/src/rp2_common/hardware_watchdog/watchdog.c.obj
 .debug_abbrev  0x0000000000002414      0x109 CMakeFiles/mono_modulation.dir/home/luka/pico/pico-sdk/src/rp2_common/hardware_xosc/xosc.c.obj
 .debug_abbrev  0x000000000000251d      0x4ba CMakeFiles/mono_modulation.dir/home/luka/pico/pico-sdk/src/rp2_common/pico_runtime/runtime.c.obj
 .debug_abbrev  0x00000000000029d7      0x384 CMakeFiles/mono_modulation.dir/home/luka/pico/pico-sdk/src/rp2_common/pico_printf/printf.c.obj
 .debug_abbrev  0x0000000000002d5b       0x12 CMakeFiles/mono_modulation.dir/home/luka/pico/pico-sdk/src/rp2_common/pico_bit_ops/bit_ops_aeabi.S.obj
 .debug_abbrev  0x0000000000002d6d      0x13b CMakeFiles/mono_modulation.dir/home/luka/pico/pico-sdk/src/rp2_common/pico_bootrom/bootrom.c.obj
 .debug_abbrev  0x0000000000002ea8       0x12 CMakeFiles/mono_modulation.dir/home/luka/pico/pico-sdk/src/rp2_common/pico_divider/divider.S.obj
 .debug_abbrev  0x0000000000002eba       0x12 CMakeFiles/mono_modulation.dir/home/luka/pico/pico-sdk/src/rp2_common/pico_double/double_aeabi.S.obj
 .debug_abbrev  0x0000000000002ecc      0x179 CMakeFiles/mono_modulation.dir/home/luka/pico/pico-sdk/src/rp2_common/pico_double/double_init_rom.c.obj
 .debug_abbrev  0x0000000000003045       0x12 CMakeFiles/mono_modulation.dir/home/luka/pico/pico-sdk/src/rp2_common/pico_double/double_v1_rom_shim.S.obj
 .debug_abbrev  0x0000000000003057       0x14 CMakeFiles/mono_modulation.dir/home/luka/pico/pico-sdk/src/rp2_common/pico_int64_ops/pico_int64_ops_aeabi.S.obj
 .debug_abbrev  0x000000000000306b       0x12 CMakeFiles/mono_modulation.dir/home/luka/pico/pico-sdk/src/rp2_common/pico_float/float_aeabi.S.obj
 .debug_abbrev  0x000000000000307d      0x18c CMakeFiles/mono_modulation.dir/home/luka/pico/pico-sdk/src/rp2_common/pico_float/float_init_rom.c.obj
 .debug_abbrev  0x0000000000003209       0x12 CMakeFiles/mono_modulation.dir/home/luka/pico/pico-sdk/src/rp2_common/pico_float/float_v1_rom_shim.S.obj
 .debug_abbrev  0x000000000000321b       0x12 CMakeFiles/mono_modulation.dir/home/luka/pico/pico-sdk/src/rp2_common/pico_mem_ops/mem_ops_aeabi.S.obj
 .debug_abbrev  0x000000000000322d       0x12 CMakeFiles/mono_modulation.dir/home/luka/pico/pico-sdk/src/rp2_common/pico_standard_link/crt0.S.obj
 .debug_abbrev  0x000000000000323f       0xad CMakeFiles/mono_modulation.dir/home/luka/pico/pico-sdk/src/rp2_common/pico_standard_link/binary_info.c.obj
 .debug_abbrev  0x00000000000032ec      0x4a5 CMakeFiles/mono_modulation.dir/home/luka/pico/pico-sdk/src/rp2_common/pico_stdio/stdio.c.obj
 .debug_abbrev  0x0000000000003791       0x14 /usr/lib/gcc/arm-none-eabi/10.3.1/thumb/v6-m/nofp/libgcc.a(_dvmd_tls.o)
 .debug_abbrev  0x00000000000037a5       0x8f /usr/lib/gcc/arm-none-eabi/10.3.1/../../../arm-none-eabi/lib/thumb/v6-m/nofp/libg.a(lib_a-strlen-stub.o)

.debug_loc      0x0000000000000000     0xc90a
 .debug_loc     0x0000000000000000       0x9a CMakeFiles/mono_modulation.dir/test.c.obj
 .debug_loc     0x000000000000009a       0xe9 CMakeFiles/mono_modulation.dir/home/luka/pico/pico-sdk/src/rp2_common/pico_platform/platform.c.obj
 .debug_loc     0x0000000000000183      0x45f CMakeFiles/mono_modulation.dir/home/luka/pico/pico-sdk/src/rp2_common/hardware_claim/claim.c.obj
 .debug_loc     0x00000000000005e2      0x233 CMakeFiles/mono_modulation.dir/home/luka/pico/pico-sdk/src/rp2_common/hardware_sync/sync.c.obj
 .debug_loc     0x0000000000000815     0x13f5 CMakeFiles/mono_modulation.dir/home/luka/pico/pico-sdk/src/rp2_common/hardware_irq/irq.c.obj
 .debug_loc     0x0000000000001c0a       0x60 CMakeFiles/mono_modulation.dir/home/luka/pico/pico-sdk/src/common/pico_sync/lock_core.c.obj
 .debug_loc     0x0000000000001c6a     0x152e CMakeFiles/mono_modulation.dir/home/luka/pico/pico-sdk/src/common/pico_sync/mutex.c.obj
 .debug_loc     0x0000000000003198     0x31cb CMakeFiles/mono_modulation.dir/home/luka/pico/pico-sdk/src/common/pico_time/time.c.obj
 .debug_loc     0x0000000000006363      0xacb CMakeFiles/mono_modulation.dir/home/luka/pico/pico-sdk/src/rp2_common/hardware_timer/timer.c.obj
 .debug_loc     0x0000000000006e2e     0x1446 CMakeFiles/mono_modulation.dir/home/luka/pico/pico-sdk/src/common/pico_util/pheap.c.obj
 .debug_loc     0x0000000000008274      0x81d CMakeFiles/mono_modulation.dir/home/luka/pico/pico-sdk/src/rp2_common/hardware_clocks/clocks.c.obj
 .debug_loc     0x0000000000008a91      0x2f3 CMakeFiles/mono_modulation.dir/home/luka/pico/pico-sdk/src/rp2_common/hardware_pll/pll.c.obj
 .debug_loc     0x0000000000008d84      0x2ec CMakeFiles/mono_modulation.dir/home/luka/pico/pico-sdk/src/rp2_common/hardware_watchdog/watchdog.c.obj
 .debug_loc     0x0000000000009070       0x71 CMakeFiles/mono_modulation.dir/home/luka/pico/pico-sdk/src/rp2_common/hardware_xosc/xosc.c.obj
 .debug_loc     0x00000000000090e1      0x674 CMakeFiles/mono_modulation.dir/home/luka/pico/pico-sdk/src/rp2_common/pico_runtime/runtime.c.obj
 .debug_loc     0x0000000000009755     0x2095 CMakeFiles/mono_modulation.dir/home/luka/pico/pico-sdk/src/rp2_common/pico_printf/printf.c.obj
 .debug_loc     0x000000000000b7ea      0x1a1 CMakeFiles/mono_modulation.dir/home/luka/pico/pico-sdk/src/rp2_common/pico_bootrom/bootrom.c.obj
 .debug_loc     0x000000000000b98b       0x59 CMakeFiles/mono_modulation.dir/home/luka/pico/pico-sdk/src/rp2_common/pico_double/double_init_rom.c.obj
 .debug_loc     0x000000000000b9e4       0x73 CMakeFiles/mono_modulation.dir/home/luka/pico/pico-sdk/src/rp2_common/pico_float/float_init_rom.c.obj
 .debug_loc     0x000000000000ba57      0xe23 CMakeFiles/mono_modulation.dir/home/luka/pico/pico-sdk/src/rp2_common/pico_stdio/stdio.c.obj
 .debug_loc     0x000000000000c87a       0x90 /usr/lib/gcc/arm-none-eabi/10.3.1/../../../arm-none-eabi/lib/thumb/v6-m/nofp/libg.a(lib_a-strlen-stub.o)

.debug_aranges  0x0000000000000000      0xd00
 .debug_aranges
                0x0000000000000000       0x28 CMakeFiles/mono_modulation.dir/test.c.obj
 .debug_aranges
                0x0000000000000028       0x28 CMakeFiles/mono_modulation.dir/home/luka/pico/pico-sdk/src/rp2_common/pico_platform/platform.c.obj
 .debug_aranges
                0x0000000000000050       0x48 CMakeFiles/mono_modulation.dir/home/luka/pico/pico-sdk/src/rp2_common/hardware_claim/claim.c.obj
 .debug_aranges
                0x0000000000000098       0x58 CMakeFiles/mono_modulation.dir/home/luka/pico/pico-sdk/src/rp2_common/hardware_sync/sync.c.obj
 .debug_aranges
                0x00000000000000f0       0xc8 CMakeFiles/mono_modulation.dir/home/luka/pico/pico-sdk/src/rp2_common/hardware_irq/irq.c.obj
 .debug_aranges
                0x00000000000001b8       0x20 CMakeFiles/mono_modulation.dir/home/luka/pico/pico-sdk/src/common/pico_sync/lock_core.c.obj
 .debug_aranges
                0x00000000000001d8       0x90 CMakeFiles/mono_modulation.dir/home/luka/pico/pico-sdk/src/common/pico_sync/mutex.c.obj
 .debug_aranges
                0x0000000000000268       0xe8 CMakeFiles/mono_modulation.dir/home/luka/pico/pico-sdk/src/common/pico_time/time.c.obj
 .debug_aranges
                0x0000000000000350       0x88 CMakeFiles/mono_modulation.dir/home/luka/pico/pico-sdk/src/rp2_common/hardware_timer/timer.c.obj
 .debug_aranges
                0x00000000000003d8       0x78 CMakeFiles/mono_modulation.dir/home/luka/pico/pico-sdk/src/common/pico_util/pheap.c.obj
 .debug_aranges
                0x0000000000000450       0x70 CMakeFiles/mono_modulation.dir/home/luka/pico/pico-sdk/src/rp2_common/hardware_clocks/clocks.c.obj
 .debug_aranges
                0x00000000000004c0       0x28 CMakeFiles/mono_modulation.dir/home/luka/pico/pico-sdk/src/rp2_common/hardware_pll/pll.c.obj
 .debug_aranges
                0x00000000000004e8       0x58 CMakeFiles/mono_modulation.dir/home/luka/pico/pico-sdk/src/rp2_common/hardware_watchdog/watchdog.c.obj
 .debug_aranges
                0x0000000000000540       0x30 CMakeFiles/mono_modulation.dir/home/luka/pico/pico-sdk/src/rp2_common/hardware_xosc/xosc.c.obj
 .debug_aranges
                0x0000000000000570       0x88 CMakeFiles/mono_modulation.dir/home/luka/pico/pico-sdk/src/rp2_common/pico_runtime/runtime.c.obj
 .debug_aranges
                0x00000000000005f8       0x90 CMakeFiles/mono_modulation.dir/home/luka/pico/pico-sdk/src/rp2_common/pico_printf/printf.c.obj
 .debug_aranges
                0x0000000000000688       0x68 CMakeFiles/mono_modulation.dir/home/luka/pico/pico-sdk/src/rp2_common/pico_bit_ops/bit_ops_aeabi.S.obj
 .debug_aranges
                0x00000000000006f0       0x30 CMakeFiles/mono_modulation.dir/home/luka/pico/pico-sdk/src/rp2_common/pico_bootrom/bootrom.c.obj
 .debug_aranges
                0x0000000000000720       0x40 CMakeFiles/mono_modulation.dir/home/luka/pico/pico-sdk/src/rp2_common/pico_divider/divider.S.obj
 .debug_aranges
                0x0000000000000760      0x140 CMakeFiles/mono_modulation.dir/home/luka/pico/pico-sdk/src/rp2_common/pico_double/double_aeabi.S.obj
 .debug_aranges
                0x00000000000008a0       0x20 CMakeFiles/mono_modulation.dir/home/luka/pico/pico-sdk/src/rp2_common/pico_double/double_init_rom.c.obj
 .debug_aranges
                0x00000000000008c0       0xc8 CMakeFiles/mono_modulation.dir/home/luka/pico/pico-sdk/src/rp2_common/pico_double/double_v1_rom_shim.S.obj
 .debug_aranges
                0x0000000000000988       0x20 CMakeFiles/mono_modulation.dir/home/luka/pico/pico-sdk/src/rp2_common/pico_int64_ops/pico_int64_ops_aeabi.S.obj
 .debug_aranges
                0x00000000000009a8      0x130 CMakeFiles/mono_modulation.dir/home/luka/pico/pico-sdk/src/rp2_common/pico_float/float_aeabi.S.obj
 .debug_aranges
                0x0000000000000ad8       0x20 CMakeFiles/mono_modulation.dir/home/luka/pico/pico-sdk/src/rp2_common/pico_float/float_init_rom.c.obj
 .debug_aranges
                0x0000000000000af8       0x50 CMakeFiles/mono_modulation.dir/home/luka/pico/pico-sdk/src/rp2_common/pico_float/float_v1_rom_shim.S.obj
 .debug_aranges
                0x0000000000000b48       0x38 CMakeFiles/mono_modulation.dir/home/luka/pico/pico-sdk/src/rp2_common/pico_mem_ops/mem_ops_aeabi.S.obj
 .debug_aranges
                0x0000000000000b80       0x28 CMakeFiles/mono_modulation.dir/home/luka/pico/pico-sdk/src/rp2_common/pico_standard_link/crt0.S.obj
 .debug_aranges
                0x0000000000000ba8       0x18 CMakeFiles/mono_modulation.dir/home/luka/pico/pico-sdk/src/rp2_common/pico_standard_link/binary_info.c.obj
 .debug_aranges
                0x0000000000000bc0      0x100 CMakeFiles/mono_modulation.dir/home/luka/pico/pico-sdk/src/rp2_common/pico_stdio/stdio.c.obj
 .debug_aranges
                0x0000000000000cc0       0x20 /usr/lib/gcc/arm-none-eabi/10.3.1/thumb/v6-m/nofp/libgcc.a(_dvmd_tls.o)
 .debug_aranges
                0x0000000000000ce0       0x20 /usr/lib/gcc/arm-none-eabi/10.3.1/../../../arm-none-eabi/lib/thumb/v6-m/nofp/libg.a(lib_a-strlen-stub.o)

.debug_ranges   0x0000000000000000     0x2e38
 .debug_ranges  0x0000000000000000       0x18 CMakeFiles/mono_modulation.dir/test.c.obj