Archive member included to satisfy reference by file (symbol)

/usr/lib/gcc/arm-none-eabi/10.3.1/thumb/v6-m/nofp/libgcc.a(_dvmd_tls.o)
                              CMakeFiles/usb-midi.dir/home/luka/pico/pico-sdk/src/rp2_common/pico_divider/divider.S.obj (__aeabi_idiv0)
/usr/lib/gcc/arm-none-eabi/10.3.1/../../../arm-none-eabi/lib/thumb/v6-m/nofp/libg.a(lib_a-atexit.o)
                              /usr/lib/gcc/arm-none-eabi/10.3.1/../../../arm-none-eabi/lib/thumb/v6-m/nofp/crt0.o (atexit)
/usr/lib/gcc/arm-none-eabi/10.3.1/../../../arm-none-eabi/lib/thumb/v6-m/nofp/libg.a(lib_a-calloc.o)
                              CMakeFiles/usb-midi.dir/home/luka/pico/pico-sdk/src/rp2_common/pico_malloc/pico_malloc.c.obj (calloc)
/usr/lib/gcc/arm-none-eabi/10.3.1/../../../arm-none-eabi/lib/thumb/v6-m/nofp/libg.a(lib_a-callocr.o)
                              /usr/lib/gcc/arm-none-eabi/10.3.1/../../../arm-none-eabi/lib/thumb/v6-m/nofp/libg.a(lib_a-calloc.o) (_calloc_r)
/usr/lib/gcc/arm-none-eabi/10.3.1/../../../arm-none-eabi/lib/thumb/v6-m/nofp/libg.a(lib_a-fini.o)
                              /usr/lib/gcc/arm-none-eabi/10.3.1/../../../arm-none-eabi/lib/thumb/v6-m/nofp/crt0.o (__libc_fini_array)
/usr/lib/gcc/arm-none-eabi/10.3.1/../../../arm-none-eabi/lib/thumb/v6-m/nofp/libg.a(lib_a-impure.o)
                              /usr/lib/gcc/arm-none-eabi/10.3.1/../../../arm-none-eabi/lib/thumb/v6-m/nofp/libg.a(lib_a-calloc.o) (_impure_ptr)
/usr/lib/gcc/arm-none-eabi/10.3.1/../../../arm-none-eabi/lib/thumb/v6-m/nofp/libg.a(lib_a-init.o)
                              /usr/lib/gcc/arm-none-eabi/10.3.1/../../../arm-none-eabi/lib/thumb/v6-m/nofp/crt0.o (__libc_init_array)
/usr/lib/gcc/arm-none-eabi/10.3.1/../../../arm-none-eabi/lib/thumb/v6-m/nofp/libg.a(lib_a-malloc.o)
                              CMakeFiles/usb-midi.dir/home/luka/pico/pico-sdk/src/rp2_common/pico_malloc/pico_malloc.c.obj (malloc)
/usr/lib/gcc/arm-none-eabi/10.3.1/../../../arm-none-eabi/lib/thumb/v6-m/nofp/libg.a(lib_a-mallocr.o)
                              /usr/lib/gcc/arm-none-eabi/10.3.1/../../../arm-none-eabi/lib/thumb/v6-m/nofp/libg.a(lib_a-callocr.o) (_malloc_r)
/usr/lib/gcc/arm-none-eabi/10.3.1/../../../arm-none-eabi/lib/thumb/v6-m/nofp/libg.a(lib_a-mlock.o)
                              /usr/lib/gcc/arm-none-eabi/10.3.1/../../../arm-none-eabi/lib/thumb/v6-m/nofp/libg.a(lib_a-mallocr.o) (__malloc_lock)
/usr/lib/gcc/arm-none-eabi/10.3.1/../../../arm-none-eabi/lib/thumb/v6-m/nofp/libg.a(lib_a-realloc.o)
                              CMakeFiles/usb-midi.dir/home/luka/pico/pico-sdk/src/rp2_common/pico_malloc/pico_malloc.c.obj (realloc)
/usr/lib/gcc/arm-none-eabi/10.3.1/../../../arm-none-eabi/lib/thumb/v6-m/nofp/libg.a(lib_a-reallocr.o)
                              /usr/lib/gcc/arm-none-eabi/10.3.1/../../../arm-none-eabi/lib/thumb/v6-m/nofp/libg.a(lib_a-realloc.o) (_realloc_r)
/usr/lib/gcc/arm-none-eabi/10.3.1/../../../arm-none-eabi/lib/thumb/v6-m/nofp/libg.a(lib_a-sbrkr.o)
                              /usr/lib/gcc/arm-none-eabi/10.3.1/../../../arm-none-eabi/lib/thumb/v6-m/nofp/libg.a(lib_a-mallocr.o) (_sbrk_r)
/usr/lib/gcc/arm-none-eabi/10.3.1/../../../arm-none-eabi/lib/thumb/v6-m/nofp/libg.a(lib_a-strlen-stub.o)
                              CMakeFiles/usb-midi.dir/usb_descriptors.c.obj (strlen)
/usr/lib/gcc/arm-none-eabi/10.3.1/../../../arm-none-eabi/lib/thumb/v6-m/nofp/libg.a(lib_a-__atexit.o)
                              /usr/lib/gcc/arm-none-eabi/10.3.1/../../../arm-none-eabi/lib/thumb/v6-m/nofp/libg.a(lib_a-atexit.o) (__register_exitproc)
/usr/lib/gcc/arm-none-eabi/10.3.1/../../../arm-none-eabi/lib/thumb/v6-m/nofp/libg.a(lib_a-freer.o)
                              /usr/lib/gcc/arm-none-eabi/10.3.1/../../../arm-none-eabi/lib/thumb/v6-m/nofp/libg.a(lib_a-malloc.o) (_free_r)
/usr/lib/gcc/arm-none-eabi/10.3.1/../../../arm-none-eabi/lib/thumb/v6-m/nofp/libg.a(lib_a-memmove.o)
                              /usr/lib/gcc/arm-none-eabi/10.3.1/../../../arm-none-eabi/lib/thumb/v6-m/nofp/libg.a(lib_a-reallocr.o) (memmove)
/usr/lib/gcc/arm-none-eabi/10.3.1/../../../arm-none-eabi/lib/thumb/v6-m/nofp/libg.a(lib_a-reent.o)
                              /usr/lib/gcc/arm-none-eabi/10.3.1/../../../arm-none-eabi/lib/thumb/v6-m/nofp/libg.a(lib_a-sbrkr.o) (errno)

Discarded input sections

 .text          0x0000000000000000        0x0 /usr/lib/gcc/arm-none-eabi/10.3.1/thumb/v6-m/nofp/crti.o
 .data          0x0000000000000000        0x0 /usr/lib/gcc/arm-none-eabi/10.3.1/thumb/v6-m/nofp/crti.o
 .bss           0x0000000000000000        0x0 /usr/lib/gcc/arm-none-eabi/10.3.1/thumb/v6-m/nofp/crti.o
 .data          0x0000000000000000        0x4 /usr/lib/gcc/arm-none-eabi/10.3.1/thumb/v6-m/nofp/crtbegin.o
 .rodata        0x0000000000000000       0x24 /usr/lib/gcc/arm-none-eabi/10.3.1/thumb/v6-m/nofp/crtbegin.o
 .fini_array    0x0000000000000000        0x4 /usr/lib/gcc/arm-none-eabi/10.3.1/thumb/v6-m/nofp/crtbegin.o
[...]
Memory Configuration

Name             Origin             Length             Attributes
FLASH            0x0000000010000000 0x0000000000200000 xr
RAM              0x0000000020000000 0x0000000000040000 xrw
SCRATCH_X        0x0000000020040000 0x0000000000001000 xrw
SCRATCH_Y        0x0000000020041000 0x0000000000001000 xrw
*default*        0x0000000000000000 0xffffffffffffffff

Linker script and memory map

LOAD /usr/lib/gcc/arm-none-eabi/10.3.1/thumb/v6-m/nofp/crti.o
LOAD /usr/lib/gcc/arm-none-eabi/10.3.1/thumb/v6-m/nofp/crtbegin.o
LOAD /usr/lib/gcc/arm-none-eabi/10.3.1/../../../arm-none-eabi/lib/thumb/v6-m/nofp/crt0.o

.flash_begin    0x0000000010000000        0x0
                0x0000000010000000                __flash_binary_start = .

.boot2          0x0000000010000000      0x100
                0x0000000010000000                __boot2_start__ = .
 *(.boot2)
 .boot2         0x0000000010000000      0x100 /tmp/cccRGMgS.o
                0x0000000010000100                __boot2_end__ = .
                0x0000000000000001                ASSERT (((__boot2_end__ - __boot2_start__) == 0x100), ERROR: Pico second stage bootloader must be 256 bytes in size)

.text           0x0000000010000100     0x6718
                0x0000000010000100                __logical_binary_start = .
 *(.vectors)
 .vectors       0x0000000010000100       0xd4 CMakeFiles/usb-midi.dir/home/luka/pico/pico-sdk/src/rp2_common/pico_standard_link/crt0.S.obj
                0x0000000010000100                __vectors
                0x0000000010000100                __VECTOR_TABLE
                0x00000000100001c0                isr_invalid
                0x00000000100001c0                __default_isrs_start
                0x00000000100001c2                isr_nmi
                0x00000000100001c4                isr_hardfault
                0x00000000100001c6                isr_svcall
                0x00000000100001c8                isr_pendsv
                0x00000000100001ca                isr_systick
                0x00000000100001cc                isr_irq30
                0x00000000100001cc                __unhandled_user_irq
                0x00000000100001cc                isr_irq13
                0x00000000100001cc                isr_irq27
                0x00000000100001cc                isr_irq31
                0x00000000100001cc                isr_irq5
                0x00000000100001cc                isr_irq11
                0x00000000100001cc                isr_irq23
                0x00000000100001cc                isr_irq18
                0x00000000100001cc                isr_irq28
                0x00000000100001cc                isr_irq19
                0x00000000100001cc                isr_irq0
                0x00000000100001cc                isr_irq6
                0x00000000100001cc                isr_irq22
                0x00000000100001cc                isr_irq17
                0x00000000100001cc                isr_irq14
                0x00000000100001cc                isr_irq2
                0x00000000100001cc                isr_irq10
                0x00000000100001cc                isr_irq8
                0x00000000100001cc                isr_irq24
                0x00000000100001cc                isr_irq1
                0x00000000100001cc                isr_irq7
                0x00000000100001cc                isr_irq21
                0x00000000100001cc                isr_irq20
                0x00000000100001cc                isr_irq15
                0x00000000100001cc                isr_irq25
                0x00000000100001cc                isr_irq4
                0x00000000100001cc                isr_irq16
                0x00000000100001cc                isr_irq29
                0x00000000100001cc                isr_irq26
                0x00000000100001cc                __default_isrs_end
                0x00000000100001cc                isr_irq3
                0x00000000100001cc                isr_irq12
                0x00000000100001cc                isr_irq9
                0x00000000100001d2                unhandled_user_irq_num_in_r0
 *(.binary_info_header)
 .binary_info_header
                0x00000000100001d4       0x14 CMakeFiles/usb-midi.dir/home/luka/pico/pico-sdk/src/rp2_common/pico_standard_link/crt0.S.obj
                0x00000000100001e8                __binary_info_header_end = .
 *(.reset)
 .reset         0x00000000100001e8       0xa0 CMakeFiles/usb-midi.dir/home/luka/pico/pico-sdk/src/rp2_common/pico_standard_link/crt0.S.obj
                0x00000000100001e8                _entry_point
 .reset         0x0000000010000288       0x30 CMakeFiles/usb-midi.dir/home/luka/pico/pico-sdk/src/rp2_common/pico_standard_link/binary_info.c.obj
 *(.init)
 .init          0x00000000100002b8        0x4 /usr/lib/gcc/arm-none-eabi/10.3.1/thumb/v6-m/nofp/crti.o
                0x00000000100002b8                _init
 *(EXCLUDE_FILE(*libm.a: *libc.a:*lib_a-mem*.o *libgcc.a:) .text*)
 .text          0x00000000100002bc       0x98 /usr/lib/gcc/arm-none-eabi/10.3.1/thumb/v6-m/nofp/crtbegin.o
 .text.note_on  0x0000000010000354       0x68 CMakeFiles/usb-midi.dir/usb_midi.c.obj
                0x0000000010000354                note_on
 .text.note_off
                0x00000000100003bc       0x1c CMakeFiles/usb-midi.dir/usb_midi.c.obj
                0x00000000100003bc                note_off
 .text.usb_midi_task
                0x00000000100003d8       0x60 CMakeFiles/usb-midi.dir/usb_midi.c.obj
                0x00000000100003d8                usb_midi_task
 .text.main     0x0000000010000438      0x208 CMakeFiles/usb-midi.dir/usb_midi.c.obj
                0x0000000010000438                main
 .text.tud_descriptor_device_cb
                0x0000000010000640        0x8 CMakeFiles/usb-midi.dir/usb_descriptors.c.obj
                0x0000000010000640                tud_descriptor_device_cb
 .text.tud_descriptor_configuration_cb
                0x0000000010000648        0x8 CMakeFiles/usb-midi.dir/usb_descriptors.c.obj
                0x0000000010000648                tud_descriptor_configuration_cb
 .text.tud_descriptor_string_cb
                0x0000000010000650       0x60 CMakeFiles/usb-midi.dir/usb_descriptors.c.obj
                0x0000000010000650                tud_descriptor_string_cb
 .text.gpio_set_function
                0x00000000100006b0       0x30 CMakeFiles/usb-midi.dir/home/luka/pico/pico-sdk/src/rp2_common/hardware_gpio/gpio.c.obj
                0x00000000100006b0                gpio_set_function
 .text.gpio_set_pulls
                0x00000000100006e0       0x34 CMakeFiles/usb-midi.dir/home/luka/pico/pico-sdk/src/rp2_common/hardware_gpio/gpio.c.obj
                0x00000000100006e0                gpio_set_pulls
 .text.gpio_set_input_enabled
                0x0000000010000714       0x30 CMakeFiles/usb-midi.dir/home/luka/pico/pico-sdk/src/rp2_common/hardware_gpio/gpio.c.obj
                0x0000000010000714                gpio_set_input_enabled
 .text.gpio_init
                0x0000000010000744       0x16 CMakeFiles/usb-midi.dir/home/luka/pico/pico-sdk/src/rp2_common/hardware_gpio/gpio.c.obj
                0x0000000010000744                gpio_init
 *fill*         0x000000001000075a        0x2 
 .text.running_on_fpga
                0x000000001000075c       0x14 CMakeFiles/usb-midi.dir/home/luka/pico/pico-sdk/src/rp2_common/pico_platform/platform.c.obj
                0x000000001000075c                running_on_fpga
 .text.hw_claim_lock
                0x0000000010000770       0x18 CMakeFiles/usb-midi.dir/home/luka/pico/pico-sdk/src/rp2_common/hardware_claim/claim.c.obj
                0x0000000010000770                hw_claim_lock
 .text.hw_claim_unlock
                0x0000000010000788       0x14 CMakeFiles/usb-midi.dir/home/luka/pico/pico-sdk/src/rp2_common/hardware_claim/claim.c.obj
                0x0000000010000788                hw_claim_unlock
 .text.hw_claim_or_assert
                0x000000001000079c       0x32 CMakeFiles/usb-midi.dir/home/luka/pico/pico-sdk/src/rp2_common/hardware_claim/claim.c.obj
                0x000000001000079c                hw_claim_or_assert
 .text.hw_claim_unused_from_range
                0x00000000100007ce       0x50 CMakeFiles/usb-midi.dir/home/luka/pico/pico-sdk/src/rp2_common/hardware_claim/claim.c.obj
                0x00000000100007ce                hw_claim_unused_from_range
 *fill*         0x000000001000081e        0x2 
 .text.spin_locks_reset
                0x0000000010000820       0x20 CMakeFiles/usb-midi.dir/home/luka/pico/pico-sdk/src/rp2_common/hardware_sync/sync.c.obj
                0x0000000010000820                spin_locks_reset
 .text.next_striped_spin_lock_num
                0x0000000010000840       0x1c CMakeFiles/usb-midi.dir/home/luka/pico/pico-sdk/src/rp2_common/hardware_sync/sync.c.obj
                0x0000000010000840                next_striped_spin_lock_num
 .text.spin_lock_claim_unused
                0x000000001000085c       0x20 CMakeFiles/usb-midi.dir/home/luka/pico/pico-sdk/src/rp2_common/hardware_sync/sync.c.obj
                0x000000001000085c                spin_lock_claim_unused
 .text.set_raw_irq_handler_and_unlock
                0x000000001000087c       0x28 CMakeFiles/usb-midi.dir/home/luka/pico/pico-sdk/src/rp2_common/hardware_irq/irq.c.obj
 .text.make_branch
                0x00000000100008a4       0x48 CMakeFiles/usb-midi.dir/home/luka/pico/pico-sdk/src/rp2_common/hardware_irq/irq.c.obj
 .text.insert_branch_and_link
                0x00000000100008ec       0x40 CMakeFiles/usb-midi.dir/home/luka/pico/pico-sdk/src/rp2_common/hardware_irq/irq.c.obj
 .text.irq_is_enabled
                0x000000001000092c       0x18 CMakeFiles/usb-midi.dir/home/luka/pico/pico-sdk/src/rp2_common/hardware_irq/irq.c.obj
                0x000000001000092c                irq_is_enabled
 .text.irq_set_mask_enabled
                0x0000000010000944       0x20 CMakeFiles/usb-midi.dir/home/luka/pico/pico-sdk/src/rp2_common/hardware_irq/irq.c.obj
                0x0000000010000944                irq_set_mask_enabled
 .text.irq_set_enabled
                0x0000000010000964        0xe CMakeFiles/usb-midi.dir/home/luka/pico/pico-sdk/src/rp2_common/hardware_irq/irq.c.obj
                0x0000000010000964                irq_set_enabled
 *fill*         0x0000000010000972        0x2 
 .text.irq_get_vtable_handler
                0x0000000010000974       0x10 CMakeFiles/usb-midi.dir/home/luka/pico/pico-sdk/src/rp2_common/hardware_irq/irq.c.obj
                0x0000000010000974                irq_get_vtable_handler
 .text.irq_set_exclusive_handler
                0x0000000010000984       0x54 CMakeFiles/usb-midi.dir/home/luka/pico/pico-sdk/src/rp2_common/hardware_irq/irq.c.obj
                0x0000000010000984                irq_set_exclusive_handler
 .text.irq_add_shared_handler
                0x00000000100009d8      0x234 CMakeFiles/usb-midi.dir/home/luka/pico/pico-sdk/src/rp2_common/hardware_irq/irq.c.obj
                0x00000000100009d8                irq_add_shared_handler
 .text.irq_remove_handler
                0x0000000010000c0c      0x1ac CMakeFiles/usb-midi.dir/home/luka/pico/pico-sdk/src/rp2_common/hardware_irq/irq.c.obj
                0x0000000010000c0c                irq_remove_handler
 .text.irq_add_tail_to_free_list
                0x0000000010000db8       0xf0 CMakeFiles/usb-midi.dir/home/luka/pico/pico-sdk/src/rp2_common/hardware_irq/irq.c.obj
                0x0000000010000db8                irq_add_tail_to_free_list
 .text.irq_init_priorities
                0x0000000010000ea8       0x1c CMakeFiles/usb-midi.dir/home/luka/pico/pico-sdk/src/rp2_common/hardware_irq/irq.c.obj
                0x0000000010000ea8                irq_init_priorities
 .text.lock_init
                0x0000000010000ec4       0x10 CMakeFiles/usb-midi.dir/home/luka/pico/pico-sdk/src/common/pico_sync/lock_core.c.obj
                0x0000000010000ec4                lock_init
 .text.mutex_init
                0x0000000010000ed4       0x1a CMakeFiles/usb-midi.dir/home/luka/pico/pico-sdk/src/common/pico_sync/mutex.c.obj
                0x0000000010000ed4                mutex_init
 .text.recursive_mutex_init
                0x0000000010000eee       0x1e CMakeFiles/usb-midi.dir/home/luka/pico/pico-sdk/src/common/pico_sync/mutex.c.obj
                0x0000000010000eee                recursive_mutex_init
 .text.critical_section_init_with_lock_num
                0x0000000010000f0c       0x14 CMakeFiles/usb-midi.dir/home/luka/pico/pico-sdk/src/common/pico_sync/critical_section.c.obj
                0x0000000010000f0c                critical_section_init_with_lock_num
 .text.critical_section_init
                0x0000000010000f20       0x14 CMakeFiles/usb-midi.dir/home/luka/pico/pico-sdk/src/common/pico_sync/critical_section.c.obj
                0x0000000010000f20                critical_section_init
 .text.alarm_pool_post_alloc_init
                0x0000000010000f34       0x40 CMakeFiles/usb-midi.dir/home/luka/pico/pico-sdk/src/common/pico_time/time.c.obj
 .text.sleep_until_callback
                0x0000000010000f74       0x30 CMakeFiles/usb-midi.dir/home/luka/pico/pico-sdk/src/common/pico_time/time.c.obj
 .text.timer_pool_entry_comparator
                0x0000000010000fa4       0x7c CMakeFiles/usb-midi.dir/home/luka/pico/pico-sdk/src/common/pico_time/time.c.obj
                0x0000000010000fa4                timer_pool_entry_comparator
 .text.ph_add_child_node
                0x0000000010001020       0xa4 CMakeFiles/usb-midi.dir/home/luka/pico/pico-sdk/src/common/pico_time/time.c.obj
 .text.ph_merge_nodes
                0x00000000100010c4       0x3e CMakeFiles/usb-midi.dir/home/luka/pico/pico-sdk/src/common/pico_time/time.c.obj
 *fill*         0x0000000010001102        0x2 
 .text.add_alarm_under_lock
                0x0000000010001104      0x174 CMakeFiles/usb-midi.dir/home/luka/pico/pico-sdk/src/common/pico_time/time.c.obj
 .text.alarm_pool_alarm_callback
                0x0000000010001278      0x33c CMakeFiles/usb-midi.dir/home/luka/pico/pico-sdk/src/common/pico_time/time.c.obj
 .text.alarm_pool_init_default
                0x00000000100015b4       0x40 CMakeFiles/usb-midi.dir/home/luka/pico/pico-sdk/src/common/pico_time/time.c.obj
                0x00000000100015b4                alarm_pool_init_default
 .text.alarm_pool_get_default
                0x00000000100015f4       0x2c CMakeFiles/usb-midi.dir/home/luka/pico/pico-sdk/src/common/pico_time/time.c.obj
                0x00000000100015f4                alarm_pool_get_default
 .text.alarm_pool_add_alarm_at
                0x0000000010001620      0x168 CMakeFiles/usb-midi.dir/home/luka/pico/pico-sdk/src/common/pico_time/time.c.obj
                0x0000000010001620                alarm_pool_add_alarm_at
 .text.alarm_pool_cancel_alarm
                0x0000000010001788       0xf0 CMakeFiles/usb-midi.dir/home/luka/pico/pico-sdk/src/common/pico_time/time.c.obj
                0x0000000010001788                alarm_pool_cancel_alarm
 .text.best_effort_wfe_or_timeout
                0x0000000010001878       0xac CMakeFiles/usb-midi.dir/home/luka/pico/pico-sdk/src/common/pico_time/time.c.obj
                0x0000000010001878                best_effort_wfe_or_timeout
 .text.hardware_alarm_irq_handler
                0x0000000010001924       0x90 CMakeFiles/usb-midi.dir/home/luka/pico/pico-sdk/src/rp2_common/hardware_timer/timer.c.obj
 .text.hardware_alarm_claim
                0x00000000100019b4       0x18 CMakeFiles/usb-midi.dir/home/luka/pico/pico-sdk/src/rp2_common/hardware_timer/timer.c.obj
                0x00000000100019b4                hardware_alarm_claim
 .text.time_us_64
                0x00000000100019cc       0x18 CMakeFiles/usb-midi.dir/home/luka/pico/pico-sdk/src/rp2_common/hardware_timer/timer.c.obj
                0x00000000100019cc                time_us_64
 .text.hardware_alarm_set_callback
                0x00000000100019e4       0x90 CMakeFiles/usb-midi.dir/home/luka/pico/pico-sdk/src/rp2_common/hardware_timer/timer.c.obj
                0x00000000100019e4                hardware_alarm_set_callback
 .text.hardware_alarm_set_target
                0x0000000010001a74       0xe8 CMakeFiles/usb-midi.dir/home/luka/pico/pico-sdk/src/rp2_common/hardware_timer/timer.c.obj
                0x0000000010001a74                hardware_alarm_set_target
 .text.hardware_alarm_cancel
                0x0000000010001b5c       0x40 CMakeFiles/usb-midi.dir/home/luka/pico/pico-sdk/src/rp2_common/hardware_timer/timer.c.obj
                0x0000000010001b5c                hardware_alarm_cancel
 .text.ph_add_child_node
                0x0000000010001b9c       0xa4 CMakeFiles/usb-midi.dir/home/luka/pico/pico-sdk/src/common/pico_util/pheap.c.obj
 .text.ph_merge_nodes
                0x0000000010001c40       0x3e CMakeFiles/usb-midi.dir/home/luka/pico/pico-sdk/src/common/pico_util/pheap.c.obj
 *fill*         0x0000000010001c7e        0x2 
 .text.ph_clear
                0x0000000010001c80       0x70 CMakeFiles/usb-midi.dir/home/luka/pico/pico-sdk/src/common/pico_util/pheap.c.obj
                0x0000000010001c80                ph_clear
 .text.ph_post_alloc_init
                0x0000000010001cf0        0xe CMakeFiles/usb-midi.dir/home/luka/pico/pico-sdk/src/common/pico_util/pheap.c.obj
                0x0000000010001cf0                ph_post_alloc_init
 *fill*         0x0000000010001cfe        0x2 
 .text.ph_merge_two_pass
                0x0000000010001d00       0xa8 CMakeFiles/usb-midi.dir/home/luka/pico/pico-sdk/src/common/pico_util/pheap.c.obj
                0x0000000010001d00                ph_merge_two_pass
 .text.ph_remove_any_head
                0x0000000010001da8      0x128 CMakeFiles/usb-midi.dir/home/luka/pico/pico-sdk/src/common/pico_util/pheap.c.obj
 .text.ph_remove_head
                0x0000000010001ed0       0x14 CMakeFiles/usb-midi.dir/home/luka/pico/pico-sdk/src/common/pico_util/pheap.c.obj
                0x0000000010001ed0                ph_remove_head
 .text.ph_remove_and_free_node
                0x0000000010001ee4       0xf8 CMakeFiles/usb-midi.dir/home/luka/pico/pico-sdk/src/common/pico_util/pheap.c.obj
                0x0000000010001ee4                ph_remove_and_free_node
 .text.uart_set_baudrate
                0x0000000010001fdc       0x5c CMakeFiles/usb-midi.dir/home/luka/pico/pico-sdk/src/rp2_common/hardware_uart/uart.c.obj
                0x0000000010001fdc                uart_set_baudrate
 .text.uart_set_translate_crlf
                0x0000000010002038       0x28 CMakeFiles/usb-midi.dir/home/luka/pico/pico-sdk/src/rp2_common/hardware_uart/uart.c.obj
                0x0000000010002038                uart_set_translate_crlf
 .text.uart_init
                0x0000000010002060       0x80 CMakeFiles/usb-midi.dir/home/luka/pico/pico-sdk/src/rp2_common/hardware_uart/uart.c.obj
                0x0000000010002060                uart_init
 .text.clock_configure
                0x00000000100020e0      0x104 CMakeFiles/usb-midi.dir/home/luka/pico/pico-sdk/src/rp2_common/hardware_clocks/clocks.c.obj
                0x00000000100020e0                clock_configure
 .text.clocks_init
                0x00000000100021e4      0x100 CMakeFiles/usb-midi.dir/home/luka/pico/pico-sdk/src/rp2_common/hardware_clocks/clocks.c.obj
                0x00000000100021e4                clocks_init
 .text.clock_get_hz
                0x00000000100022e4        0xc CMakeFiles/usb-midi.dir/home/luka/pico/pico-sdk/src/rp2_common/hardware_clocks/clocks.c.obj
                0x00000000100022e4                clock_get_hz
 .text.pll_init
                0x00000000100022f0      0x12c CMakeFiles/usb-midi.dir/home/luka/pico/pico-sdk/src/rp2_common/hardware_pll/pll.c.obj
                0x00000000100022f0                pll_init
 .text.watchdog_start_tick
                0x000000001000241c       0x10 CMakeFiles/usb-midi.dir/home/luka/pico/pico-sdk/src/rp2_common/hardware_watchdog/watchdog.c.obj
                0x000000001000241c                watchdog_start_tick
 .text.xosc_init
                0x000000001000242c       0x28 CMakeFiles/usb-midi.dir/home/luka/pico/pico-sdk/src/rp2_common/hardware_xosc/xosc.c.obj
                0x000000001000242c                xosc_init
 .text._exit    0x0000000010002454        0x4 CMakeFiles/usb-midi.dir/home/luka/pico/pico-sdk/src/rp2_common/pico_runtime/runtime.c.obj
                0x0000000010002454                _exit
 .text.exit     0x0000000010002458        0x6 CMakeFiles/usb-midi.dir/home/luka/pico/pico-sdk/src/rp2_common/pico_runtime/runtime.c.obj
                0x0000000010002458                exit
 *fill*         0x000000001000245e        0x2 
 .text.__assert_func
                0x0000000010002460       0x3c CMakeFiles/usb-midi.dir/home/luka/pico/pico-sdk/src/rp2_common/pico_runtime/runtime.c.obj
                0x0000000010002460                __assert_func
 .text.runtime_init
                0x000000001000249c       0xf8 CMakeFiles/usb-midi.dir/home/luka/pico/pico-sdk/src/rp2_common/pico_runtime/runtime.c.obj
                0x000000001000249c                runtime_init
 .text.panic    0x0000000010002594       0x30 CMakeFiles/usb-midi.dir/home/luka/pico/pico-sdk/src/rp2_common/pico_runtime/runtime.c.obj
                0x0000000010002594                panic
 .text._out_null
                0x00000000100025c4        0x2 CMakeFiles/usb-midi.dir/home/luka/pico/pico-sdk/src/rp2_common/pico_printf/printf.c.obj
 .text._out_fct
                0x00000000100025c6        0xe CMakeFiles/usb-midi.dir/home/luka/pico/pico-sdk/src/rp2_common/pico_printf/printf.c.obj
 .text._atoi    0x00000000100025d4       0x24 CMakeFiles/usb-midi.dir/home/luka/pico/pico-sdk/src/rp2_common/pico_printf/printf.c.obj
 .text._out_rev
                0x00000000100025f8       0xae CMakeFiles/usb-midi.dir/home/luka/pico/pico-sdk/src/rp2_common/pico_printf/printf.c.obj
 .text._ntoa_format
                0x00000000100026a6      0x112 CMakeFiles/usb-midi.dir/home/luka/pico/pico-sdk/src/rp2_common/pico_printf/printf.c.obj
 .text._ntoa_long
                0x00000000100027b8       0xbc CMakeFiles/usb-midi.dir/home/luka/pico/pico-sdk/src/rp2_common/pico_printf/printf.c.obj
 .text._ntoa_long_long
                0x0000000010002874       0xe2 CMakeFiles/usb-midi.dir/home/luka/pico/pico-sdk/src/rp2_common/pico_printf/printf.c.obj
 *fill*         0x0000000010002956        0x2 
 .text._etoa    0x0000000010002958      0x414 CMakeFiles/usb-midi.dir/home/luka/pico/pico-sdk/src/rp2_common/pico_printf/printf.c.obj
 .text._ftoa    0x0000000010002d6c      0x354 CMakeFiles/usb-midi.dir/home/luka/pico/pico-sdk/src/rp2_common/pico_printf/printf.c.obj
 .text._vsnprintf
                0x00000000100030c0      0x624 CMakeFiles/usb-midi.dir/home/luka/pico/pico-sdk/src/rp2_common/pico_printf/printf.c.obj
 .text.vfctprintf
                0x00000000100036e4       0x20 CMakeFiles/usb-midi.dir/home/luka/pico/pico-sdk/src/rp2_common/pico_printf/printf.c.obj
                0x00000000100036e4                vfctprintf
 .text          0x0000000010003704       0x10 CMakeFiles/usb-midi.dir/home/luka/pico/pico-sdk/src/rp2_common/pico_bit_ops/bit_ops_aeabi.S.obj
 .text.rom_func_lookup
                0x0000000010003714       0x10 CMakeFiles/usb-midi.dir/home/luka/pico/pico-sdk/src/rp2_common/pico_bootrom/bootrom.c.obj
                0x0000000010003714                rom_func_lookup
 .text.rom_data_lookup
                0x0000000010003724       0x10 CMakeFiles/usb-midi.dir/home/luka/pico/pico-sdk/src/rp2_common/pico_bootrom/bootrom.c.obj
                0x0000000010003724                rom_data_lookup
 .text.rom_funcs_lookup
                0x0000000010003734       0x36 CMakeFiles/usb-midi.dir/home/luka/pico/pico-sdk/src/rp2_common/pico_bootrom/bootrom.c.obj
                0x0000000010003734                rom_funcs_lookup
 *fill*         0x000000001000376a        0x2 
 .text.__wrap___aeabi_idiv
                0x000000001000376c       0x50 CMakeFiles/usb-midi.dir/home/luka/pico/pico-sdk/src/rp2_common/pico_divider/divider.S.obj
                0x000000001000376c                __wrap___aeabi_idivmod
                0x000000001000376c                divmod_s32s32
                0x000000001000376c                div_s32s32
                0x000000001000376c                __wrap___aeabi_idiv
                0x0000000010003774                divmod_s32s32_unsafe
                0x00000000100037a0                divmod_s32s32_savestate
 .text.__wrap___aeabi_uidiv
                0x00000000100037bc       0x4c CMakeFiles/usb-midi.dir/home/luka/pico/pico-sdk/src/rp2_common/pico_divider/divider.S.obj
                0x00000000100037bc                __wrap___aeabi_uidiv
                0x00000000100037bc                __wrap___aeabi_uidivmod
                0x00000000100037bc                div_u32u32
                0x00000000100037bc                divmod_u32u32
                0x00000000100037c4                divmod_u32u32_unsafe
                0x00000000100037ec                divmod_u32u32_savestate
 .text.__wrap___aeabi_ldiv
                0x0000000010003808      0x424 CMakeFiles/usb-midi.dir/home/luka/pico/pico-sdk/src/rp2_common/pico_divider/divider.S.obj
                0x0000000010003808                div_s64s64
                0x0000000010003808                divmod_s64s64
                0x0000000010003808                __wrap___aeabi_ldivmod
                0x0000000010003838                div_u64u64
                0x0000000010003838                divmod_u64u64
                0x0000000010003838                __wrap___aeabi_uldivmod
                0x0000000010003848                divmod_u64u64_savestate
                0x0000000010003868                divmod_s64s64_unsafe
                0x00000000100038f0                divmod_u64u64_unsafe
 .text.__wrap___aeabi_darithmetic
                0x0000000010003c2c       0x80 CMakeFiles/usb-midi.dir/home/luka/pico/pico-sdk/src/rp2_common/pico_double/double_aeabi.S.obj
                0x0000000010003c2c                __wrap___aeabi_drsub
                0x0000000010003c32                __wrap___aeabi_dsub
                0x0000000010003c44                __wrap___aeabi_dadd
                0x0000000010003c56                __wrap___aeabi_ddiv
                0x0000000010003c92                __wrap___aeabi_dmul
 .text.__wrap___aeabi_cdcmple
                0x0000000010003cac       0x6c CMakeFiles/usb-midi.dir/home/luka/pico/pico-sdk/src/rp2_common/pico_double/double_aeabi.S.obj
                0x0000000010003cac                __wrap___aeabi_cdrcmple
                0x0000000010003cbc                __wrap___aeabi_cdcmple
                0x0000000010003cbc                __wrap___aeabi_cdcmpeq
 .text.__wrap___aeabi_dcmplt
                0x0000000010003d18        0xc CMakeFiles/usb-midi.dir/home/luka/pico/pico-sdk/src/rp2_common/pico_double/double_aeabi.S.obj
                0x0000000010003d18                __wrap___aeabi_dcmplt
 .text.__wrap___aeabi_dcmple
                0x0000000010003d24       0x10 CMakeFiles/usb-midi.dir/home/luka/pico/pico-sdk/src/rp2_common/pico_double/double_aeabi.S.obj
                0x0000000010003d24                __wrap___aeabi_dcmple
 .text.__wrap___aeabi_dcmpge
                0x0000000010003d34       0x10 CMakeFiles/usb-midi.dir/home/luka/pico/pico-sdk/src/rp2_common/pico_double/double_aeabi.S.obj
                0x0000000010003d34                __wrap___aeabi_dcmpge
 .text.__wrap___aeabi_dcmpgt
                0x0000000010003d44        0xa CMakeFiles/usb-midi.dir/home/luka/pico/pico-sdk/src/rp2_common/pico_double/double_aeabi.S.obj
                0x0000000010003d44                __wrap___aeabi_dcmpgt
 .text.__wrap___aeabi_dcmpun
                0x0000000010003d4e       0x1c CMakeFiles/usb-midi.dir/home/luka/pico/pico-sdk/src/rp2_common/pico_double/double_aeabi.S.obj
                0x0000000010003d4e                __wrap___aeabi_dcmpun
 *fill*         0x0000000010003d6a        0x2 
 .text.__wrap___aeabi_i2d
                0x0000000010003d6c       0x38 CMakeFiles/usb-midi.dir/home/luka/pico/pico-sdk/src/rp2_common/pico_double/double_aeabi.S.obj
                0x0000000010003d6c                __wrap___aeabi_ui2d
                0x0000000010003d74                __wrap___aeabi_i2d
 .text.__wrap___aeabi_d2iz
                0x0000000010003da4       0x48 CMakeFiles/usb-midi.dir/home/luka/pico/pico-sdk/src/rp2_common/pico_double/double_aeabi.S.obj
                0x0000000010003da4                __wrap___aeabi_d2iz
                0x0000000010003da4                double2int_z
 .text.__wrap___aeabi_d2uiz
                0x0000000010003dec       0x18 CMakeFiles/usb-midi.dir/home/luka/pico/pico-sdk/src/rp2_common/pico_double/double_aeabi.S.obj
                0x0000000010003dec                double2uint
                0x0000000010003dec                __wrap___aeabi_d2uiz
 .text.__aeabi_double_init
                0x0000000010003e04       0xc8 CMakeFiles/usb-midi.dir/home/luka/pico/pico-sdk/src/rp2_common/pico_double/double_init_rom.c.obj
                0x0000000010003e04                __aeabi_double_init
 .text.double_table_shim_on_use_helper
                0x0000000010003ecc       0x34 CMakeFiles/usb-midi.dir/home/luka/pico/pico-sdk/src/rp2_common/pico_double/double_v1_rom_shim.S.obj
                0x0000000010003ecc                double_table_shim_on_use_helper
 .text.__wrap___aeabi_dsub
                0x0000000010003f00       0x10 CMakeFiles/usb-midi.dir/home/luka/pico/pico-sdk/src/rp2_common/pico_double/double_v1_rom_shim.S.obj
                0x0000000010003f00                drsub_shim
                0x0000000010003f06                dsub_shim
 .text.dadd_shim
                0x0000000010003f10      0x15c CMakeFiles/usb-midi.dir/home/luka/pico/pico-sdk/src/rp2_common/pico_double/double_v1_rom_shim.S.obj
                0x0000000010003f10                dadd_shim
 .text.dmul_shim
                0x000000001000406c      0x15c CMakeFiles/usb-midi.dir/home/luka/pico/pico-sdk/src/rp2_common/pico_double/double_v1_rom_shim.S.obj
                0x000000001000406c                dmul_shim
 .text.ddiv_shim
                0x00000000100041c8      0x1b0 CMakeFiles/usb-midi.dir/home/luka/pico/pico-sdk/src/rp2_common/pico_double/double_v1_rom_shim.S.obj
                0x00000000100041c8                ddiv_shim
 .text.double2uint_shim
                0x0000000010004378        0xe CMakeFiles/usb-midi.dir/home/luka/pico/pico-sdk/src/rp2_common/pico_double/double_v1_rom_shim.S.obj
                0x0000000010004378                double2uint_shim
                0x000000001000437a                double2ufix_shim
 *fill*         0x0000000010004386        0x2 
 .text.double2uint64_shim
                0x0000000010004388       0x70 CMakeFiles/usb-midi.dir/home/luka/pico/pico-sdk/src/rp2_common/pico_double/double_v1_rom_shim.S.obj
                0x0000000010004388                double2uint64_shim
                0x000000001000438a                double2ufix64_shim
                0x00000000100043aa                d2fix_a
 .text.dunpacks
                0x00000000100043f8       0x3c CMakeFiles/usb-midi.dir/home/luka/pico/pico-sdk/src/rp2_common/pico_double/double_v1_rom_shim.S.obj
                0x00000000100043f8                dunpacks
 .text.__aeabi_lmul
                0x0000000010004434       0x32 CMakeFiles/usb-midi.dir/home/luka/pico/pico-sdk/src/rp2_common/pico_int64_ops/pico_int64_ops_aeabi.S.obj
                0x0000000010004434                __wrap___aeabi_lmul
 *fill*         0x0000000010004466        0x2 
 .text.__aeabi_float_init
                0x0000000010004468       0xfc CMakeFiles/usb-midi.dir/home/luka/pico/pico-sdk/src/rp2_common/pico_float/float_init_rom.c.obj
                0x0000000010004468                __aeabi_float_init
 .text.float_table_shim_on_use_helper
                0x0000000010004564       0x34 CMakeFiles/usb-midi.dir/home/luka/pico/pico-sdk/src/rp2_common/pico_float/float_v1_rom_shim.S.obj
                0x0000000010004564                float_table_shim_on_use_helper
 .text          0x0000000010004598       0x10 CMakeFiles/usb-midi.dir/home/luka/pico/pico-sdk/src/rp2_common/pico_mem_ops/mem_ops_aeabi.S.obj
                0x0000000010004598                __aeabi_mem_init
 .text.memset   0x00000000100045a8        0xc CMakeFiles/usb-midi.dir/home/luka/pico/pico-sdk/src/rp2_common/pico_mem_ops/mem_ops_aeabi.S.obj
                0x00000000100045a8                __wrap_memset
 .text.memcpy   0x00000000100045b4        0xc CMakeFiles/usb-midi.dir/home/luka/pico/pico-sdk/src/rp2_common/pico_mem_ops/mem_ops_aeabi.S.obj
                0x00000000100045b4                __wrap___aeabi_memcpy
                0x00000000100045b4                __wrap_memcpy
 .text.stdio_out_chars_no_crlf
                0x00000000100045c0        0xe CMakeFiles/usb-midi.dir/home/luka/pico/pico-sdk/src/rp2_common/pico_stdio/stdio.c.obj
 *fill*         0x00000000100045ce        0x2 
 .text.stdio_out_chars_crlf
                0x00000000100045d0       0x80 CMakeFiles/usb-midi.dir/home/luka/pico/pico-sdk/src/rp2_common/pico_stdio/stdio.c.obj
 .text.stdio_stack_buffer_flush
                0x0000000010004650       0x44 CMakeFiles/usb-midi.dir/home/luka/pico/pico-sdk/src/rp2_common/pico_stdio/stdio.c.obj
 .text.stdio_buffered_printer
                0x0000000010004694       0x20 CMakeFiles/usb-midi.dir/home/luka/pico/pico-sdk/src/rp2_common/pico_stdio/stdio.c.obj
 .text.stdout_serialize_begin
                0x00000000100046b4       0x5c CMakeFiles/usb-midi.dir/home/luka/pico/pico-sdk/src/rp2_common/pico_stdio/stdio.c.obj
                0x00000000100046b4                stdout_serialize_begin
 .text.stdout_serialize_end
                0x0000000010004710       0x10 CMakeFiles/usb-midi.dir/home/luka/pico/pico-sdk/src/rp2_common/pico_stdio/stdio.c.obj
                0x0000000010004710                stdout_serialize_end
 .text.stdio_put_string
                0x0000000010004720       0x98 CMakeFiles/usb-midi.dir/home/luka/pico/pico-sdk/src/rp2_common/pico_stdio/stdio.c.obj
 .text.stdio_set_driver_enabled
                0x00000000100047b8       0x2c CMakeFiles/usb-midi.dir/home/luka/pico/pico-sdk/src/rp2_common/pico_stdio/stdio.c.obj
                0x00000000100047b8                stdio_set_driver_enabled
 .text.stdio_flush
                0x00000000100047e4       0x20 CMakeFiles/usb-midi.dir/home/luka/pico/pico-sdk/src/rp2_common/pico_stdio/stdio.c.obj
                0x00000000100047e4                stdio_flush
 .text.__wrap_puts
                0x0000000010004804       0x1e CMakeFiles/usb-midi.dir/home/luka/pico/pico-sdk/src/rp2_common/pico_stdio/stdio.c.obj
                0x0000000010004804                __wrap_puts
 *fill*         0x0000000010004822        0x2 
 .text.__wrap_vprintf
                0x0000000010004824       0x40 CMakeFiles/usb-midi.dir/home/luka/pico/pico-sdk/src/rp2_common/pico_stdio/stdio.c.obj
                0x0000000010004824                __wrap_vprintf
 .text.__wrap_printf
                0x0000000010004864       0x18 CMakeFiles/usb-midi.dir/home/luka/pico/pico-sdk/src/rp2_common/pico_stdio/stdio.c.obj
                0x0000000010004864                __wrap_printf
 .text.stdio_uart_out_chars
                0x000000001000487c       0x74 CMakeFiles/usb-midi.dir/home/luka/pico/pico-sdk/src/rp2_common/pico_stdio_uart/stdio_uart.c.obj
 .text.stdio_uart_in_chars
                0x00000000100048f0       0x80 CMakeFiles/usb-midi.dir/home/luka/pico/pico-sdk/src/rp2_common/pico_stdio_uart/stdio_uart.c.obj
                0x00000000100048f0                stdio_uart_in_chars
 .text.on_uart_rx
                0x0000000010004970       0x28 CMakeFiles/usb-midi.dir/home/luka/pico/pico-sdk/src/rp2_common/pico_stdio_uart/stdio_uart.c.obj
 .text.stdio_uart_set_chars_available_callback
                0x0000000010004998       0x8c CMakeFiles/usb-midi.dir/home/luka/pico/pico-sdk/src/rp2_common/pico_stdio_uart/stdio_uart.c.obj
 .text.stdio_uart_init_full
                0x0000000010004a24       0x44 CMakeFiles/usb-midi.dir/home/luka/pico/pico-sdk/src/rp2_common/pico_stdio_uart/stdio_uart.c.obj
                0x0000000010004a24                stdio_uart_init_full
 .text.adc_init
                0x0000000010004a68       0x34 CMakeFiles/usb-midi.dir/home/luka/pico/pico-sdk/src/rp2_common/hardware_adc/adc.c.obj
                0x0000000010004a68                adc_init
 .text.hw_endpoint_get_by_addr
                0x0000000010004a9c       0x18 CMakeFiles/usb-midi.dir/home/luka/pico/pico-sdk/lib/tinyusb/src/portable/raspberrypi/rp2040/dcd_rp2040.c.obj
 .text._hw_endpoint_alloc
                0x0000000010004ab4       0x70 CMakeFiles/usb-midi.dir/home/luka/pico/pico-sdk/lib/tinyusb/src/portable/raspberrypi/rp2040/dcd_rp2040.c.obj
 .text.hw_endpoint_init
                0x0000000010004b24       0x88 CMakeFiles/usb-midi.dir/home/luka/pico/pico-sdk/lib/tinyusb/src/portable/raspberrypi/rp2040/dcd_rp2040.c.obj
 .text.hw_endpoint_xfer
                0x0000000010004bac       0x14 CMakeFiles/usb-midi.dir/home/luka/pico/pico-sdk/lib/tinyusb/src/portable/raspberrypi/rp2040/dcd_rp2040.c.obj
 .text.dcd_int_enable
                0x0000000010004bc0       0x2c CMakeFiles/usb-midi.dir/home/luka/pico/pico-sdk/lib/tinyusb/src/portable/raspberrypi/rp2040/dcd_rp2040.c.obj
                0x0000000010004bc0                dcd_int_enable
 .text.dcd_set_address
                0x0000000010004bec       0x2c CMakeFiles/usb-midi.dir/home/luka/pico/pico-sdk/lib/tinyusb/src/portable/raspberrypi/rp2040/dcd_rp2040.c.obj
                0x0000000010004bec                dcd_set_address
 .text.dcd_connect
                0x0000000010004c18       0x10 CMakeFiles/usb-midi.dir/home/luka/pico/pico-sdk/lib/tinyusb/src/portable/raspberrypi/rp2040/dcd_rp2040.c.obj
                0x0000000010004c18                dcd_connect
 .text.dcd_init
                0x0000000010004c28       0x80 CMakeFiles/usb-midi.dir/home/luka/pico/pico-sdk/lib/tinyusb/src/portable/raspberrypi/rp2040/dcd_rp2040.c.obj
                0x0000000010004c28                dcd_init
 .text.dcd_edpt0_status_complete
                0x0000000010004ca8       0x1c CMakeFiles/usb-midi.dir/home/luka/pico/pico-sdk/lib/tinyusb/src/portable/raspberrypi/rp2040/dcd_rp2040.c.obj
                0x0000000010004ca8                dcd_edpt0_status_complete
 .text.dcd_edpt_open
                0x0000000010004cc4       0x40 CMakeFiles/usb-midi.dir/home/luka/pico/pico-sdk/lib/tinyusb/src/portable/raspberrypi/rp2040/dcd_rp2040.c.obj
                0x0000000010004cc4                dcd_edpt_open
 .text.dcd_edpt_close_all
                0x0000000010004d04        0x8 CMakeFiles/usb-midi.dir/home/luka/pico/pico-sdk/lib/tinyusb/src/portable/raspberrypi/rp2040/dcd_rp2040.c.obj
                0x0000000010004d04                dcd_edpt_close_all
 .text.dcd_edpt_xfer
                0x0000000010004d0c       0x34 CMakeFiles/usb-midi.dir/home/luka/pico/pico-sdk/lib/tinyusb/src/portable/raspberrypi/rp2040/dcd_rp2040.c.obj
                0x0000000010004d0c                dcd_edpt_xfer
 .text.dcd_edpt_stall
                0x0000000010004d40       0x2c CMakeFiles/usb-midi.dir/home/luka/pico/pico-sdk/lib/tinyusb/src/portable/raspberrypi/rp2040/dcd_rp2040.c.obj
                0x0000000010004d40                dcd_edpt_stall
 .text.dcd_edpt_clear_stall
                0x0000000010004d6c       0x20 CMakeFiles/usb-midi.dir/home/luka/pico/pico-sdk/lib/tinyusb/src/portable/raspberrypi/rp2040/dcd_rp2040.c.obj
                0x0000000010004d6c                dcd_edpt_clear_stall
 .text.rp2040_usb_init
                0x0000000010004d8c       0x4c CMakeFiles/usb-midi.dir/home/luka/pico/pico-sdk/lib/tinyusb/src/portable/raspberrypi/rp2040/rp2040_usb.c.obj
                0x0000000010004d8c                rp2040_usb_init
 .text.hw_endpoint_xfer_start
                0x0000000010004dd8       0x50 CMakeFiles/usb-midi.dir/home/luka/pico/pico-sdk/lib/tinyusb/src/portable/raspberrypi/rp2040/rp2040_usb.c.obj
                0x0000000010004dd8                hw_endpoint_xfer_start
 .text.configuration_reset
                0x0000000010004e28       0x84 CMakeFiles/usb-midi.dir/home/luka/pico/pico-sdk/lib/tinyusb/src/device/usbd.c.obj
 .text.usbd_reset
                0x0000000010004eac        0xc CMakeFiles/usb-midi.dir/home/luka/pico/pico-sdk/lib/tinyusb/src/device/usbd.c.obj
 .text.invoke_class_control
                0x0000000010004eb8       0x1a CMakeFiles/usb-midi.dir/home/luka/pico/pico-sdk/lib/tinyusb/src/device/usbd.c.obj
 *fill*         0x0000000010004ed2        0x2 
 .text.process_set_config
                0x0000000010004ed4      0x178 CMakeFiles/usb-midi.dir/home/luka/pico/pico-sdk/lib/tinyusb/src/device/usbd.c.obj
 .text.process_get_descriptor
                0x000000001000504c       0xdc CMakeFiles/usb-midi.dir/home/luka/pico/pico-sdk/lib/tinyusb/src/device/usbd.c.obj
 .text.tud_inited
                0x0000000010005128       0x14 CMakeFiles/usb-midi.dir/home/luka/pico/pico-sdk/lib/tinyusb/src/device/usbd.c.obj
                0x0000000010005128                tud_inited
 .text.tud_init
                0x000000001000513c       0xcc CMakeFiles/usb-midi.dir/home/luka/pico/pico-sdk/lib/tinyusb/src/device/usbd.c.obj
                0x000000001000513c                tud_init
 .text.usbd_edpt_open
                0x0000000010005208       0x34 CMakeFiles/usb-midi.dir/home/luka/pico/pico-sdk/lib/tinyusb/src/device/usbd.c.obj
                0x0000000010005208                usbd_edpt_open
 .text.usbd_edpt_claim
                0x000000001000523c       0x28 CMakeFiles/usb-midi.dir/home/luka/pico/pico-sdk/lib/tinyusb/src/device/usbd.c.obj
                0x000000001000523c                usbd_edpt_claim
 .text.usbd_edpt_release
                0x0000000010005264       0x28 CMakeFiles/usb-midi.dir/home/luka/pico/pico-sdk/lib/tinyusb/src/device/usbd.c.obj
                0x0000000010005264                usbd_edpt_release
 .text.usbd_edpt_xfer
                0x000000001000528c       0x78 CMakeFiles/usb-midi.dir/home/luka/pico/pico-sdk/lib/tinyusb/src/device/usbd.c.obj
                0x000000001000528c                usbd_edpt_xfer
 .text.usbd_edpt_stall
                0x0000000010005304       0x48 CMakeFiles/usb-midi.dir/home/luka/pico/pico-sdk/lib/tinyusb/src/device/usbd.c.obj
                0x0000000010005304                usbd_edpt_stall
 .text.usbd_edpt_clear_stall
                0x000000001000534c       0x48 CMakeFiles/usb-midi.dir/home/luka/pico/pico-sdk/lib/tinyusb/src/device/usbd.c.obj
                0x000000001000534c                usbd_edpt_clear_stall
 .text.usbd_edpt_stalled
                0x0000000010005394       0x1c CMakeFiles/usb-midi.dir/home/luka/pico/pico-sdk/lib/tinyusb/src/device/usbd.c.obj
                0x0000000010005394                usbd_edpt_stalled
 .text.process_control_request
                0x00000000100053b0      0x37c CMakeFiles/usb-midi.dir/home/luka/pico/pico-sdk/lib/tinyusb/src/device/usbd.c.obj
 .text.tud_task_ext
                0x000000001000572c      0x1b4 CMakeFiles/usb-midi.dir/home/luka/pico/pico-sdk/lib/tinyusb/src/device/usbd.c.obj
                0x000000001000572c                tud_task_ext
 .text._data_stage_xact
                0x00000000100058e0       0x58 CMakeFiles/usb-midi.dir/home/luka/pico/pico-sdk/lib/tinyusb/src/device/usbd_control.c.obj
 .text.tud_control_status
                0x0000000010005938       0x38 CMakeFiles/usb-midi.dir/home/luka/pico/pico-sdk/lib/tinyusb/src/device/usbd_control.c.obj
                0x0000000010005938                tud_control_status
 .text.tud_control_xfer
                0x0000000010005970       0x74 CMakeFiles/usb-midi.dir/home/luka/pico/pico-sdk/lib/tinyusb/src/device/usbd_control.c.obj
                0x0000000010005970                tud_control_xfer
 .text.usbd_control_reset
                0x00000000100059e4       0x14 CMakeFiles/usb-midi.dir/home/luka/pico/pico-sdk/lib/tinyusb/src/device/usbd_control.c.obj
                0x00000000100059e4                usbd_control_reset
 .text.usbd_control_set_complete_callback
                0x00000000100059f8        0xc CMakeFiles/usb-midi.dir/home/luka/pico/pico-sdk/lib/tinyusb/src/device/usbd_control.c.obj
                0x00000000100059f8                usbd_control_set_complete_callback
 .text.usbd_control_set_request
                0x0000000010005a04       0x1c CMakeFiles/usb-midi.dir/home/luka/pico/pico-sdk/lib/tinyusb/src/device/usbd_control.c.obj
                0x0000000010005a04                usbd_control_set_request
 .text.usbd_control_xfer_cb
                0x0000000010005a20       0xcc CMakeFiles/usb-midi.dir/home/luka/pico/pico-sdk/lib/tinyusb/src/device/usbd_control.c.obj
                0x0000000010005a20                usbd_control_xfer_cb
 .text._prep_out_transaction
                0x0000000010005aec       0x44 CMakeFiles/usb-midi.dir/home/luka/pico/pico-sdk/lib/tinyusb/src/class/midi/midi_device.c.obj
 .text.write_flush
                0x0000000010005b30       0x5e CMakeFiles/usb-midi.dir/home/luka/pico/pico-sdk/lib/tinyusb/src/class/midi/midi_device.c.obj
 *fill*         0x0000000010005b8e        0x2 
 .text.tud_midi_n_available
                0x0000000010005b90       0x30 CMakeFiles/usb-midi.dir/home/luka/pico/pico-sdk/lib/tinyusb/src/class/midi/midi_device.c.obj
                0x0000000010005b90                tud_midi_n_available
 .text.tud_midi_n_packet_read
                0x0000000010005bc0       0x48 CMakeFiles/usb-midi.dir/home/luka/pico/pico-sdk/lib/tinyusb/src/class/midi/midi_device.c.obj
                0x0000000010005bc0                tud_midi_n_packet_read
 .text.midid_init
                0x0000000010005c08       0xa4 CMakeFiles/usb-midi.dir/home/luka/pico/pico-sdk/lib/tinyusb/src/class/midi/midi_device.c.obj
                0x0000000010005c08                midid_init
 .text.midid_reset
                0x0000000010005cac       0x44 CMakeFiles/usb-midi.dir/home/luka/pico/pico-sdk/lib/tinyusb/src/class/midi/midi_device.c.obj
                0x0000000010005cac                midid_reset
 .text.midid_open
                0x0000000010005cf0      0x130 CMakeFiles/usb-midi.dir/home/luka/pico/pico-sdk/lib/tinyusb/src/class/midi/midi_device.c.obj
                0x0000000010005cf0                midid_open
 .text.midid_control_xfer_cb
                0x0000000010005e20        0x4 CMakeFiles/usb-midi.dir/home/luka/pico/pico-sdk/lib/tinyusb/src/class/midi/midi_device.c.obj
                0x0000000010005e20                midid_control_xfer_cb
 .text.midid_xfer_cb
                0x0000000010005e24       0xc0 CMakeFiles/usb-midi.dir/home/luka/pico/pico-sdk/lib/tinyusb/src/class/midi/midi_device.c.obj
                0x0000000010005e24                midid_xfer_cb
 .text.tusb_init
                0x0000000010005ee4        0xa CMakeFiles/usb-midi.dir/home/luka/pico/pico-sdk/lib/tinyusb/src/tusb.c.obj
                0x0000000010005ee4                tusb_init
 .text.tusb_inited
                0x0000000010005eee        0xe CMakeFiles/usb-midi.dir/home/luka/pico/pico-sdk/lib/tinyusb/src/tusb.c.obj
                0x0000000010005eee                tusb_inited
 .text.tu_edpt_claim
                0x0000000010005efc       0x50 CMakeFiles/usb-midi.dir/home/luka/pico/pico-sdk/lib/tinyusb/src/tusb.c.obj
                0x0000000010005efc                tu_edpt_claim
 .text.tu_edpt_release
                0x0000000010005f4c       0x3c CMakeFiles/usb-midi.dir/home/luka/pico/pico-sdk/lib/tinyusb/src/tusb.c.obj
                0x0000000010005f4c                tu_edpt_release
 .text.tu_edpt_validate
                0x0000000010005f88       0x78 CMakeFiles/usb-midi.dir/home/luka/pico/pico-sdk/lib/tinyusb/src/tusb.c.obj
                0x0000000010005f88                tu_edpt_validate
 .text.tu_edpt_bind_driver
                0x0000000010006000       0x26 CMakeFiles/usb-midi.dir/home/luka/pico/pico-sdk/lib/tinyusb/src/tusb.c.obj
                0x0000000010006000                tu_edpt_bind_driver
 .text.advance_index
                0x0000000010006026       0x1a CMakeFiles/usb-midi.dir/home/luka/pico/pico-sdk/lib/tinyusb/src/common/tusb_fifo.c.obj
 .text._tu_fifo_peek
                0x0000000010006040       0x56 CMakeFiles/usb-midi.dir/home/luka/pico/pico-sdk/lib/tinyusb/src/common/tusb_fifo.c.obj
 .text._ff_pull_const_addr
                0x0000000010006096       0x4c CMakeFiles/usb-midi.dir/home/luka/pico/pico-sdk/lib/tinyusb/src/common/tusb_fifo.c.obj
 .text._ff_pull_n
                0x00000000100060e2      0x110 CMakeFiles/usb-midi.dir/home/luka/pico/pico-sdk/lib/tinyusb/src/common/tusb_fifo.c.obj
 .text._tu_fifo_peek_n
                0x00000000100061f2       0x6a CMakeFiles/usb-midi.dir/home/luka/pico/pico-sdk/lib/tinyusb/src/common/tusb_fifo.c.obj
 .text._tu_fifo_read_n
                0x000000001000625c       0x4e CMakeFiles/usb-midi.dir/home/luka/pico/pico-sdk/lib/tinyusb/src/common/tusb_fifo.c.obj
 .text._ff_push_const_addr
                0x00000000100062aa       0x40 CMakeFiles/usb-midi.dir/home/luka/pico/pico-sdk/lib/tinyusb/src/common/tusb_fifo.c.obj
 .text._ff_push_n
                0x00000000100062ea      0x10c CMakeFiles/usb-midi.dir/home/luka/pico/pico-sdk/lib/tinyusb/src/common/tusb_fifo.c.obj
 .text._tu_fifo_write_n
                0x00000000100063f6       0xf0 CMakeFiles/usb-midi.dir/home/luka/pico/pico-sdk/lib/tinyusb/src/common/tusb_fifo.c.obj
 .text.tu_fifo_config
                0x00000000100064e6       0x7c CMakeFiles/usb-midi.dir/home/luka/pico/pico-sdk/lib/tinyusb/src/common/tusb_fifo.c.obj
                0x00000000100064e6                tu_fifo_config
 .text.tu_fifo_count
                0x0000000010006562       0x2a CMakeFiles/usb-midi.dir/home/luka/pico/pico-sdk/lib/tinyusb/src/common/tusb_fifo.c.obj
                0x0000000010006562                tu_fifo_count
 .text.tu_fifo_full
                0x000000001000658c       0x28 CMakeFiles/usb-midi.dir/home/luka/pico/pico-sdk/lib/tinyusb/src/common/tusb_fifo.c.obj
                0x000000001000658c                tu_fifo_full
 .text.tu_fifo_remaining
                0x00000000100065b4       0x2c CMakeFiles/usb-midi.dir/home/luka/pico/pico-sdk/lib/tinyusb/src/common/tusb_fifo.c.obj
                0x00000000100065b4                tu_fifo_remaining
 .text.tu_fifo_read
                0x00000000100065e0       0x42 CMakeFiles/usb-midi.dir/home/luka/pico/pico-sdk/lib/tinyusb/src/common/tusb_fifo.c.obj
                0x00000000100065e0                tu_fifo_read
 .text.tu_fifo_read_n
                0x0000000010006622        0xa CMakeFiles/usb-midi.dir/home/luka/pico/pico-sdk/lib/tinyusb/src/common/tusb_fifo.c.obj
                0x0000000010006622                tu_fifo_read_n
 .text.tu_fifo_write
                0x000000001000662c       0x64 CMakeFiles/usb-midi.dir/home/luka/pico/pico-sdk/lib/tinyusb/src/common/tusb_fifo.c.obj
                0x000000001000662c                tu_fifo_write
 .text.tu_fifo_write_n
                0x0000000010006690        0xa CMakeFiles/usb-midi.dir/home/luka/pico/pico-sdk/lib/tinyusb/src/common/tusb_fifo.c.obj
                0x0000000010006690                tu_fifo_write_n
 .text.tu_fifo_clear
                0x000000001000669a       0x3e CMakeFiles/usb-midi.dir/home/luka/pico/pico-sdk/lib/tinyusb/src/common/tusb_fifo.c.obj
                0x000000001000669a                tu_fifo_clear
 .text.board_init
                0x00000000100066d8       0x30 CMakeFiles/usb-midi.dir/home/luka/pico/pico-sdk/lib/tinyusb/hw/bsp/rp2040/family.c.obj
                0x00000000100066d8                board_init
 .text          0x0000000010006708       0x5c /usr/lib/gcc/arm-none-eabi/10.3.1/../../../arm-none-eabi/lib/thumb/v6-m/nofp/libg.a(lib_a-strlen-stub.o)
                0x0000000010006708                strlen
 *(.fini)
 .fini          0x0000000010006764        0x4 /usr/lib/gcc/arm-none-eabi/10.3.1/thumb/v6-m/nofp/crti.o
                0x0000000010006764                _fini
 .fini.__stub   0x0000000010006768       0xb0 linker stubs
 *crtbegin.o(.ctors)
 *crtbegin?.o(.ctors)
 *(EXCLUDE_FILE(*crtend.o *crtend?.o) .ctors)
 *(SORT_BY_NAME(.ctors.*))
 *(.ctors)
 *crtbegin.o(.dtors)
 *crtbegin?.o(.dtors)
 *(EXCLUDE_FILE(*crtend.o *crtend?.o) .dtors)
 *(SORT_BY_NAME(.dtors.*))
 *(.dtors)
 *(.eh_frame*)
 .eh_frame      0x0000000010006818        0x0 /usr/lib/gcc/arm-none-eabi/10.3.1/thumb/v6-m/nofp/crtbegin.o
                0x0000000010006818                . = ALIGN (0x4)

.glue_7         0x0000000010006818        0x0
 .glue_7        0x0000000010006818        0x0 linker stubs

.glue_7t        0x0000000010006818        0x0
 .glue_7t       0x0000000010006818        0x0 linker stubs

.vfp11_veneer   0x0000000010006818        0x0
 .vfp11_veneer  0x0000000010006818        0x0 linker stubs

.v4_bx          0x0000000010006818        0x0
 .v4_bx         0x0000000010006818        0x0 linker stubs

.iplt           0x0000000010006818        0x0
 .iplt          0x0000000010006818        0x0 /usr/lib/gcc/arm-none-eabi/10.3.1/thumb/v6-m/nofp/crtbegin.o

.rodata         0x0000000010006818     0x1284
 *(EXCLUDE_FILE(*libm.a: *libc.a:*lib_a-mem*.o *libgcc.a:) .rodata*)
 .rodata.main.str1.4
                0x0000000010006818       0x5f CMakeFiles/usb-midi.dir/usb_midi.c.obj
 *fill*         0x0000000010006877        0x1 
 .rodata.__func__.0
                0x0000000010006878       0x15 CMakeFiles/usb-midi.dir/usb_midi.c.obj
 *fill*         0x000000001000688d        0x3 
 .rodata.str1.4
                0x0000000010006890       0x27 CMakeFiles/usb-midi.dir/usb_descriptors.c.obj
 *fill*         0x00000000100068b7        0x1 
 .rodata.__compound_literal.0
                0x00000000100068b8        0x2 CMakeFiles/usb-midi.dir/usb_descriptors.c.obj
 *fill*         0x00000000100068ba        0x2 
 .rodata.desc_device
                0x00000000100068bc       0x12 CMakeFiles/usb-midi.dir/usb_descriptors.c.obj
                0x00000000100068bc                desc_device
 *fill*         0x00000000100068ce        0x2 
 .rodata.desc_fs_configuration
                0x00000000100068d0       0x65 CMakeFiles/usb-midi.dir/usb_descriptors.c.obj
                0x00000000100068d0                desc_fs_configuration
 *fill*         0x0000000010006935        0x3 
 .rodata.spin_lock_claim_unused.str1.4
                0x0000000010006938       0x1b CMakeFiles/usb-midi.dir/home/luka/pico/pico-sdk/src/rp2_common/hardware_sync/sync.c.obj
 *fill*         0x0000000010006953        0x1 
 .rodata.make_branch.str1.4
                0x0000000010006954       0x6b CMakeFiles/usb-midi.dir/home/luka/pico/pico-sdk/src/rp2_common/hardware_irq/irq.c.obj
 *fill*         0x00000000100069bf        0x1 
 .rodata.insert_branch_and_link.str1.4
                0x00000000100069c0       0x10 CMakeFiles/usb-midi.dir/home/luka/pico/pico-sdk/src/rp2_common/hardware_irq/irq.c.obj
 .rodata.irq_set_exclusive_handler.str1.4
                0x00000000100069d0       0x36 CMakeFiles/usb-midi.dir/home/luka/pico/pico-sdk/src/rp2_common/hardware_irq/irq.c.obj
 *fill*         0x0000000010006a06        0x2 
 .rodata.irq_add_shared_handler.str1.4
                0x0000000010006a08       0xd9 CMakeFiles/usb-midi.dir/home/luka/pico/pico-sdk/src/rp2_common/hardware_irq/irq.c.obj
 *fill*         0x0000000010006ae1        0x3 
 .rodata.irq_remove_handler.str1.4
                0x0000000010006ae4       0x3a CMakeFiles/usb-midi.dir/home/luka/pico/pico-sdk/src/rp2_common/hardware_irq/irq.c.obj
 *fill*         0x0000000010006b1e        0x2 
 .rodata.irq_add_tail_to_free_list.str1.4
                0x0000000010006b20       0x3a CMakeFiles/usb-midi.dir/home/luka/pico/pico-sdk/src/rp2_common/hardware_irq/irq.c.obj
 *fill*         0x0000000010006b5a        0x2 
 .rodata.__func__.0
                0x0000000010006b5c       0x1a CMakeFiles/usb-midi.dir/home/luka/pico/pico-sdk/src/rp2_common/hardware_irq/irq.c.obj
 *fill*         0x0000000010006b76        0x2 
 .rodata.__func__.1
                0x0000000010006b78       0x17 CMakeFiles/usb-midi.dir/home/luka/pico/pico-sdk/src/rp2_common/hardware_irq/irq.c.obj
 *fill*         0x0000000010006b8f        0x1 
 .rodata.__func__.2
                0x0000000010006b90       0x13 CMakeFiles/usb-midi.dir/home/luka/pico/pico-sdk/src/rp2_common/hardware_irq/irq.c.obj
 *fill*         0x0000000010006ba3        0x1 
 .rodata.__func__.3
                0x0000000010006ba4        0xc CMakeFiles/usb-midi.dir/home/luka/pico/pico-sdk/src/rp2_common/hardware_irq/irq.c.obj
 .rodata.__func__.4
                0x0000000010006bb0        0xf CMakeFiles/usb-midi.dir/home/luka/pico/pico-sdk/src/rp2_common/hardware_irq/irq.c.obj
 *fill*         0x0000000010006bbf        0x1 
 .rodata.__func__.5
                0x0000000010006bc0       0x17 CMakeFiles/usb-midi.dir/home/luka/pico/pico-sdk/src/rp2_common/hardware_irq/irq.c.obj
 *fill*         0x0000000010006bd7        0x1 
 .rodata.__func__.6
                0x0000000010006bd8       0x1a CMakeFiles/usb-midi.dir/home/luka/pico/pico-sdk/src/rp2_common/hardware_irq/irq.c.obj
 *fill*         0x0000000010006bf2        0x2 
 .rodata.str1.4
                0x0000000010006bf4       0x89 CMakeFiles/usb-midi.dir/home/luka/pico/pico-sdk/src/common/pico_sync/mutex.c.obj
                                         0xe9 (size before relaxing)
 *fill*         0x0000000010006c7d        0x3 
 .rodata.__func__.1
                0x0000000010006c80        0xb CMakeFiles/usb-midi.dir/home/luka/pico/pico-sdk/src/common/pico_sync/mutex.c.obj
 *fill*         0x0000000010006c8b        0x1 
 .rodata.__func__.3
                0x0000000010006c8c       0x18 CMakeFiles/usb-midi.dir/home/luka/pico/pico-sdk/src/common/pico_sync/mutex.c.obj
 .rodata.__func__.4
                0x0000000010006ca4       0x15 CMakeFiles/usb-midi.dir/home/luka/pico/pico-sdk/src/common/pico_sync/mutex.c.obj
 *fill*         0x0000000010006cb9        0x3 
 .rodata.repeating_timer_callback.str1.4
                0x0000000010006cbc       0x49 CMakeFiles/usb-midi.dir/home/luka/pico/pico-sdk/src/common/pico_time/time.c.obj
 *fill*         0x0000000010006d05        0x3 
 .rodata.timer_pool_entry_comparator.str1.4
                0x0000000010006d08       0x22 CMakeFiles/usb-midi.dir/home/luka/pico/pico-sdk/src/common/pico_time/time.c.obj
 *fill*         0x0000000010006d2a        0x2 
 .rodata.ph_add_child_node.str1.4
                0x0000000010006d2c       0x92 CMakeFiles/usb-midi.dir/home/luka/pico/pico-sdk/src/common/pico_time/time.c.obj
 *fill*         0x0000000010006dbe        0x2 
 .rodata.add_alarm_under_lock.str1.4
                0x0000000010006dc0       0x28 CMakeFiles/usb-midi.dir/home/luka/pico/pico-sdk/src/common/pico_time/time.c.obj
                                         0x2b (size before relaxing)
 .rodata.alarm_pool_alarm_callback.str1.4
                0x0000000010006de8       0x98 CMakeFiles/usb-midi.dir/home/luka/pico/pico-sdk/src/common/pico_time/time.c.obj
                                         0xf8 (size before relaxing)
 .rodata.alarm_pool_get_default.str1.4
                0x0000000010006e80       0x21 CMakeFiles/usb-midi.dir/home/luka/pico/pico-sdk/src/common/pico_time/time.c.obj
 *fill*         0x0000000010006ea1        0x3 
 .rodata.alarm_pool_cancel_alarm.str1.4
                0x0000000010006ea4       0x27 CMakeFiles/usb-midi.dir/home/luka/pico/pico-sdk/src/common/pico_time/time.c.obj
 *fill*         0x0000000010006ecb        0x1 
 .rodata.__func__.1
                0x0000000010006ecc       0x18 CMakeFiles/usb-midi.dir/home/luka/pico/pico-sdk/src/common/pico_time/time.c.obj
 .rodata.__func__.10
                0x0000000010006ee4       0x15 CMakeFiles/usb-midi.dir/home/luka/pico/pico-sdk/src/common/pico_time/time.c.obj
 *fill*         0x0000000010006ef9        0x3 
 .rodata.__func__.11
                0x0000000010006efc       0x1a CMakeFiles/usb-midi.dir/home/luka/pico/pico-sdk/src/common/pico_time/time.c.obj
 *fill*         0x0000000010006f16        0x2 
 .rodata.__func__.12
                0x0000000010006f18        0xa CMakeFiles/usb-midi.dir/home/luka/pico/pico-sdk/src/common/pico_time/time.c.obj
 *fill*         0x0000000010006f22        0x2 
 .rodata.__func__.3
                0x0000000010006f24       0x17 CMakeFiles/usb-midi.dir/home/luka/pico/pico-sdk/src/common/pico_time/time.c.obj
 *fill*         0x0000000010006f3b        0x1 
 .rodata.__func__.4
                0x0000000010006f3c       0x12 CMakeFiles/usb-midi.dir/home/luka/pico/pico-sdk/src/common/pico_time/time.c.obj
 *fill*         0x0000000010006f4e        0x2 
 .rodata.__func__.5
                0x0000000010006f50        0xd CMakeFiles/usb-midi.dir/home/luka/pico/pico-sdk/src/common/pico_time/time.c.obj
 *fill*         0x0000000010006f5d        0x3 
 .rodata.__func__.6
                0x0000000010006f60       0x12 CMakeFiles/usb-midi.dir/home/luka/pico/pico-sdk/src/common/pico_time/time.c.obj
 *fill*         0x0000000010006f72        0x2 
 .rodata.__func__.7
                0x0000000010006f74        0xf CMakeFiles/usb-midi.dir/home/luka/pico/pico-sdk/src/common/pico_time/time.c.obj
 *fill*         0x0000000010006f83        0x1 
 .rodata.__func__.8
                0x0000000010006f84        0xc CMakeFiles/usb-midi.dir/home/luka/pico/pico-sdk/src/common/pico_time/time.c.obj
 .rodata.__func__.9
                0x0000000010006f90       0x15 CMakeFiles/usb-midi.dir/home/luka/pico/pico-sdk/src/common/pico_time/time.c.obj
 *fill*         0x0000000010006fa5        0x3 
 .rodata.hardware_alarm_claim.str1.4
                0x0000000010006fa8       0x22 CMakeFiles/usb-midi.dir/home/luka/pico/pico-sdk/src/rp2_common/hardware_timer/timer.c.obj
 *fill*         0x0000000010006fca        0x2 
 .rodata.hardware_alarm_set_target.str1.4
                0x0000000010006fcc       0x63 CMakeFiles/usb-midi.dir/home/luka/pico/pico-sdk/src/rp2_common/hardware_timer/timer.c.obj
 *fill*         0x000000001000702f        0x1 
 .rodata.__func__.0
                0x0000000010007030       0x1a CMakeFiles/usb-midi.dir/home/luka/pico/pico-sdk/src/rp2_common/hardware_timer/timer.c.obj
 .rodata.ph_add_child_node.str1.4
                0x000000001000704a       0x92 CMakeFiles/usb-midi.dir/home/luka/pico/pico-sdk/src/common/pico_util/pheap.c.obj
 *fill*         0x000000001000704a        0x2 
 .rodata.ph_remove_any_head.str1.4
                0x000000001000704c       0x8c CMakeFiles/usb-midi.dir/home/luka/pico/pico-sdk/src/common/pico_util/pheap.c.obj
                                         0xa0 (size before relaxing)
 .rodata.ph_remove_and_free_node.str1.4
                0x00000000100070d8       0x1e CMakeFiles/usb-midi.dir/home/luka/pico/pico-sdk/src/common/pico_util/pheap.c.obj
                                         0x26 (size before relaxing)
 *fill*         0x00000000100070f6        0x2 
 .rodata.__func__.0
                0x00000000100070f8       0x18 CMakeFiles/usb-midi.dir/home/luka/pico/pico-sdk/src/common/pico_util/pheap.c.obj
 .rodata.__func__.1
                0x0000000010007110       0x13 CMakeFiles/usb-midi.dir/home/luka/pico/pico-sdk/src/common/pico_util/pheap.c.obj
 *fill*         0x0000000010007123        0x1 
 .rodata.__func__.2
                0x0000000010007124       0x12 CMakeFiles/usb-midi.dir/home/luka/pico/pico-sdk/src/common/pico_util/pheap.c.obj
 *fill*         0x0000000010007136        0x2 
 .rodata.__func__.3
                0x0000000010007138        0xc CMakeFiles/usb-midi.dir/home/luka/pico/pico-sdk/src/common/pico_util/pheap.c.obj
 .rodata.clock_configure.str1.4
                0x0000000010007144       0x55 CMakeFiles/usb-midi.dir/home/luka/pico/pico-sdk/src/rp2_common/hardware_clocks/clocks.c.obj
 *fill*         0x0000000010007199        0x3 
 .rodata.__func__.1
                0x000000001000719c       0x10 CMakeFiles/usb-midi.dir/home/luka/pico/pico-sdk/src/rp2_common/hardware_clocks/clocks.c.obj
 .rodata.pll_init.str1.4
                0x00000000100071ac      0x11f CMakeFiles/usb-midi.dir/home/luka/pico/pico-sdk/src/rp2_common/hardware_pll/pll.c.obj
 *fill*         0x00000000100072cb        0x1 
 .rodata.__func__.0
                0x00000000100072cc        0x9 CMakeFiles/usb-midi.dir/home/luka/pico/pico-sdk/src/rp2_common/hardware_pll/pll.c.obj
 *fill*         0x00000000100072d5        0x3 
 .rodata.__assert_func.str1.4
                0x00000000100072d8       0x3f CMakeFiles/usb-midi.dir/home/luka/pico/pico-sdk/src/rp2_common/pico_runtime/runtime.c.obj
                                         0x43 (size before relaxing)
 *fill*         0x0000000010007317        0x1 
 .rodata.runtime_init.str1.4
                0x0000000010007318       0x5f CMakeFiles/usb-midi.dir/home/luka/pico/pico-sdk/src/rp2_common/pico_runtime/runtime.c.obj
 *fill*         0x0000000010007377        0x1 
 .rodata.panic.str1.4
                0x0000000010007378       0x12 CMakeFiles/usb-midi.dir/home/luka/pico/pico-sdk/src/rp2_common/pico_runtime/runtime.c.obj
 *fill*         0x000000001000738a        0x2 
 .rodata.__func__.2
                0x000000001000738c        0xd CMakeFiles/usb-midi.dir/home/luka/pico/pico-sdk/src/rp2_common/pico_runtime/runtime.c.obj
 *fill*         0x0000000010007399        0x3 
 .rodata._ftoa.str1.4
                0x000000001000739c       0x15 CMakeFiles/usb-midi.dir/home/luka/pico/pico-sdk/src/rp2_common/pico_printf/printf.c.obj
 *fill*         0x00000000100073b1        0x3 
 .rodata._vsnprintf
                0x00000000100073b4      0x1e0 CMakeFiles/usb-midi.dir/home/luka/pico/pico-sdk/src/rp2_common/pico_printf/printf.c.obj
 *fill*         0x0000000010007594        0x4 
 .rodata.pow10.0
                0x0000000010007598       0x50 CMakeFiles/usb-midi.dir/home/luka/pico/pico-sdk/src/rp2_common/pico_printf/printf.c.obj
 .rodata.__aeabi_double_init.str1.4
                0x00000000100075e8       0xa6 CMakeFiles/usb-midi.dir/home/luka/pico/pico-sdk/src/rp2_common/pico_double/double_init_rom.c.obj
 *fill*         0x000000001000768e        0x2 
 .rodata.__func__.0
                0x0000000010007690       0x14 CMakeFiles/usb-midi.dir/home/luka/pico/pico-sdk/src/rp2_common/pico_double/double_init_rom.c.obj
 .rodata.__aeabi_float_init.str1.4
                0x00000000100076a4       0x78 CMakeFiles/usb-midi.dir/home/luka/pico/pico-sdk/src/rp2_common/pico_float/float_init_rom.c.obj
                                         0x7c (size before relaxing)
 .rodata.__func__.0
                0x000000001000771c       0x13 CMakeFiles/usb-midi.dir/home/luka/pico/pico-sdk/src/rp2_common/pico_float/float_init_rom.c.obj
 *fill*         0x000000001000772f        0x1 
 .rodata.str1.4
                0x0000000010007730       0x40 CMakeFiles/usb-midi.dir/home/luka/pico/pico-sdk/src/rp2_common/pico_standard_link/binary_info.c.obj
 .rodata.__bi_44
                0x0000000010007770        0xc CMakeFiles/usb-midi.dir/home/luka/pico/pico-sdk/src/rp2_common/pico_standard_link/binary_info.c.obj
 .rodata.__bi_75
                0x000000001000777c        0xc CMakeFiles/usb-midi.dir/home/luka/pico/pico-sdk/src/rp2_common/pico_standard_link/binary_info.c.obj
 .rodata.__bi_81
                0x0000000010007788        0xc CMakeFiles/usb-midi.dir/home/luka/pico/pico-sdk/src/rp2_common/pico_standard_link/binary_info.c.obj
 .rodata.stdout_serialize_begin.str1.4
                0x0000000010007794       0x5f CMakeFiles/usb-midi.dir/home/luka/pico/pico-sdk/src/rp2_common/pico_stdio/stdio.c.obj
 .rodata.__func__.3
                0x0000000010007794       0x15 CMakeFiles/usb-midi.dir/home/luka/pico/pico-sdk/src/rp2_common/pico_stdio/stdio.c.obj
 *fill*         0x00000000100077a9        0x3 
 .rodata.crlf_str.2
                0x00000000100077ac        0x2 CMakeFiles/usb-midi.dir/home/luka/pico/pico-sdk/src/rp2_common/pico_stdio/stdio.c.obj
 *fill*         0x00000000100077ae        0x2 
 .rodata._hw_endpoint_alloc.str1.4
                0x00000000100077b0       0xb5 CMakeFiles/usb-midi.dir/home/luka/pico/pico-sdk/lib/tinyusb/src/portable/raspberrypi/rp2040/dcd_rp2040.c.obj
 *fill*         0x0000000010007865        0x3 
 .rodata.str1.4
                0x0000000010007868       0x14 CMakeFiles/usb-midi.dir/home/luka/pico/pico-sdk/lib/tinyusb/src/portable/raspberrypi/rp2040/dcd_rp2040.c.obj
 .rodata.dcd_int_enable.str1.4
                0x000000001000787c        0xc CMakeFiles/usb-midi.dir/home/luka/pico/pico-sdk/lib/tinyusb/src/portable/raspberrypi/rp2040/dcd_rp2040.c.obj
 .rodata.__func__.0
                0x0000000010007888        0xe CMakeFiles/usb-midi.dir/home/luka/pico/pico-sdk/lib/tinyusb/src/portable/raspberrypi/rp2040/dcd_rp2040.c.obj
 *fill*         0x0000000010007896        0x2 
 .rodata.__func__.1
                0x0000000010007898        0xe CMakeFiles/usb-midi.dir/home/luka/pico/pico-sdk/lib/tinyusb/src/portable/raspberrypi/rp2040/dcd_rp2040.c.obj
 *fill*         0x00000000100078a6        0x2 
 .rodata.__func__.3
                0x00000000100078a8       0x10 CMakeFiles/usb-midi.dir/home/luka/pico/pico-sdk/lib/tinyusb/src/portable/raspberrypi/rp2040/dcd_rp2040.c.obj
 .rodata.__func__.5
                0x00000000100078b8        0xf CMakeFiles/usb-midi.dir/home/luka/pico/pico-sdk/lib/tinyusb/src/portable/raspberrypi/rp2040/dcd_rp2040.c.obj
 *fill*         0x00000000100078c7        0x1 
 .rodata.__func__.6
                0x00000000100078c8       0x13 CMakeFiles/usb-midi.dir/home/luka/pico/pico-sdk/lib/tinyusb/src/portable/raspberrypi/rp2040/dcd_rp2040.c.obj
 *fill*         0x00000000100078db        0x1 
 .rodata.__func__.7
                0x00000000100078dc        0x9 CMakeFiles/usb-midi.dir/home/luka/pico/pico-sdk/lib/tinyusb/src/portable/raspberrypi/rp2040/dcd_rp2040.c.obj
 *fill*         0x00000000100078e5        0x3 
 .rodata.str1.4
                0x00000000100078e8       0xe7 CMakeFiles/usb-midi.dir/home/luka/pico/pico-sdk/lib/tinyusb/src/portable/raspberrypi/rp2040/rp2040_usb.c.obj
 *fill*         0x00000000100079cf        0x1 
 .rodata.__func__.0
                0x00000000100079d0        0xf CMakeFiles/usb-midi.dir/home/luka/pico/pico-sdk/lib/tinyusb/src/portable/raspberrypi/rp2040/rp2040_usb.c.obj
 *fill*         0x00000000100079df        0x1 
 .rodata.process_get_descriptor
                0x00000000100079e0       0x40 CMakeFiles/usb-midi.dir/home/luka/pico/pico-sdk/lib/tinyusb/src/device/usbd.c.obj
 .rodata.process_control_request
                0x0000000010007a20       0x28 CMakeFiles/usb-midi.dir/home/luka/pico/pico-sdk/lib/tinyusb/src/device/usbd.c.obj
 .rodata.tud_task_ext
                0x0000000010007a48       0x24 CMakeFiles/usb-midi.dir/home/luka/pico/pico-sdk/lib/tinyusb/src/device/usbd.c.obj
 .rodata._usbd_driver
                0x0000000010007a6c       0x18 CMakeFiles/usb-midi.dir/home/luka/pico/pico-sdk/lib/tinyusb/src/device/usbd.c.obj
 .rodata.str1.4
                0x0000000010007a84        0x4 CMakeFiles/usb-midi.dir/home/luka/pico/pico-sdk/lib/tinyusb/hw/bsp/rp2040/family.c.obj
 .rodata.__bi_142.0
                0x0000000010007a88        0xc CMakeFiles/usb-midi.dir/home/luka/pico/pico-sdk/lib/tinyusb/hw/bsp/rp2040/family.c.obj
 .rodata.__bi_152.1
                0x0000000010007a94        0x8 CMakeFiles/usb-midi.dir/home/luka/pico/pico-sdk/lib/tinyusb/hw/bsp/rp2040/family.c.obj
                0x0000000010007a9c                . = ALIGN (0x4)
 *(SORT_BY_ALIGNMENT(SORT_BY_NAME(.flashdata*)))
                0x0000000010007a9c                . = ALIGN (0x4)

.rel.dyn        0x0000000010007a9c        0x0
 .rel.iplt      0x0000000010007a9c        0x0 /usr/lib/gcc/arm-none-eabi/10.3.1/thumb/v6-m/nofp/crtbegin.o

.ARM.extab
 *(.ARM.extab* .gnu.linkonce.armextab.*)
                0x0000000010007a9c                __exidx_start = .

.ARM.exidx
 *(.ARM.exidx* .gnu.linkonce.armexidx.*)
                0x0000000010007a9c                __exidx_end = .
                0x0000000010007a9c                . = ALIGN (0x4)
                0x0000000010007a9c                __binary_info_start = .

.binary_info    0x0000000010007a9c       0x24
 *(.binary_info.keep.*)
 .binary_info.keep.__bi_ptr22
                0x0000000010007a9c        0x4 CMakeFiles/usb-midi.dir/home/luka/pico/pico-sdk/src/rp2_common/pico_standard_link/binary_info.c.obj
 .binary_info.keep.__bi_ptr30
                0x0000000010007aa0        0x4 CMakeFiles/usb-midi.dir/home/luka/pico/pico-sdk/src/rp2_common/pico_standard_link/binary_info.c.obj
 .binary_info.keep.__bi_ptr38
                0x0000000010007aa4        0x4 CMakeFiles/usb-midi.dir/home/luka/pico/pico-sdk/src/rp2_common/pico_standard_link/binary_info.c.obj
 .binary_info.keep.__bi_ptr44
                0x0000000010007aa8        0x4 CMakeFiles/usb-midi.dir/home/luka/pico/pico-sdk/src/rp2_common/pico_standard_link/binary_info.c.obj
 .binary_info.keep.__bi_ptr50
                0x0000000010007aac        0x4 CMakeFiles/usb-midi.dir/home/luka/pico/pico-sdk/src/rp2_common/pico_standard_link/binary_info.c.obj
 .binary_info.keep.__bi_ptr75
                0x0000000010007ab0        0x4 CMakeFiles/usb-midi.dir/home/luka/pico/pico-sdk/src/rp2_common/pico_standard_link/binary_info.c.obj
 .binary_info.keep.__bi_ptr81
                0x0000000010007ab4        0x4 CMakeFiles/usb-midi.dir/home/luka/pico/pico-sdk/src/rp2_common/pico_standard_link/binary_info.c.obj
 .binary_info.keep.__bi_ptr142
                0x0000000010007ab8        0x4 CMakeFiles/usb-midi.dir/home/luka/pico/pico-sdk/lib/tinyusb/hw/bsp/rp2040/family.c.obj
 .binary_info.keep.__bi_ptr152
                0x0000000010007abc        0x4 CMakeFiles/usb-midi.dir/home/luka/pico/pico-sdk/lib/tinyusb/hw/bsp/rp2040/family.c.obj
 *(.binary_info.*)
                0x0000000010007ac0                __binary_info_end = .
                0x0000000010007ac0                . = ALIGN (0x4)
                0x0000000010007ac0                __etext = .

.ram_vector_table
                0x0000000020000000       0xc0
 *(.ram_vector_table)
 .ram_vector_table
                0x0000000020000000       0xc0 CMakeFiles/usb-midi.dir/home/luka/pico/pico-sdk/src/rp2_common/pico_runtime/runtime.c.obj
                0x0000000020000000                ram_vector_table

.data           0x00000000200000c0      0xaac load address 0x0000000010007ac0
                0x00000000200000c0                __data_start__ = .
 *(vtable)
 *(.time_critical*)
 .time_critical.mutex_try_enter
                0x00000000200000c0       0x46 CMakeFiles/usb-midi.dir/home/luka/pico/pico-sdk/src/common/pico_sync/mutex.c.obj
                0x00000000200000c0                mutex_try_enter
 *fill*         0x0000000020000106        0x2 
 .time_critical.mutex_enter_block_until
                0x0000000020000108       0x8c CMakeFiles/usb-midi.dir/home/luka/pico/pico-sdk/src/common/pico_sync/mutex.c.obj
                0x0000000020000108                mutex_enter_block_until
 .time_critical.mutex_try_enter_block_until
                0x0000000020000194       0x34 CMakeFiles/usb-midi.dir/home/luka/pico/pico-sdk/src/common/pico_sync/mutex.c.obj
                0x0000000020000194                mutex_try_enter_block_until
 .time_critical.mutex_enter_timeout_ms
                0x00000000200001c8       0x68 CMakeFiles/usb-midi.dir/home/luka/pico/pico-sdk/src/common/pico_sync/mutex.c.obj
                0x00000000200001c8                mutex_enter_timeout_ms
 .time_critical.mutex_exit
                0x0000000020000230       0x4c CMakeFiles/usb-midi.dir/home/luka/pico/pico-sdk/src/common/pico_sync/mutex.c.obj
                0x0000000020000230                mutex_exit
 .time_critical.reset_non_control_endpoints
                0x000000002000027c       0x40 CMakeFiles/usb-midi.dir/home/luka/pico/pico-sdk/lib/tinyusb/src/portable/raspberrypi/rp2040/dcd_rp2040.c.obj
 .time_critical.hw_handle_buff_status
                0x00000000200002bc       0xa4 CMakeFiles/usb-midi.dir/home/luka/pico/pico-sdk/lib/tinyusb/src/portable/raspberrypi/rp2040/dcd_rp2040.c.obj
 .time_critical.dcd_rp2040_irq
                0x0000000020000360      0x1cc CMakeFiles/usb-midi.dir/home/luka/pico/pico-sdk/lib/tinyusb/src/portable/raspberrypi/rp2040/dcd_rp2040.c.obj
 .time_critical.e15_is_bulkin_ep
                0x000000002000052c       0x2c CMakeFiles/usb-midi.dir/home/luka/pico/pico-sdk/lib/tinyusb/src/portable/raspberrypi/rp2040/rp2040_usb.c.obj
 .time_critical.e15_is_critical_frame_period
                0x0000000020000558       0x30 CMakeFiles/usb-midi.dir/home/luka/pico/pico-sdk/lib/tinyusb/src/portable/raspberrypi/rp2040/rp2040_usb.c.obj
 .time_critical.prepare_ep_buffer
                0x0000000020000588       0x70 CMakeFiles/usb-midi.dir/home/luka/pico/pico-sdk/lib/tinyusb/src/portable/raspberrypi/rp2040/rp2040_usb.c.obj
 .time_critical.sync_ep_buffer
                0x00000000200005f8       0x80 CMakeFiles/usb-midi.dir/home/luka/pico/pico-sdk/lib/tinyusb/src/portable/raspberrypi/rp2040/rp2040_usb.c.obj
 .time_critical._hw_endpoint_xfer_sync
                0x0000000020000678       0x28 CMakeFiles/usb-midi.dir/home/luka/pico/pico-sdk/lib/tinyusb/src/portable/raspberrypi/rp2040/rp2040_usb.c.obj
 .time_critical.hw_endpoint_reset_transfer
                0x00000000200006a0        0xc CMakeFiles/usb-midi.dir/home/luka/pico/pico-sdk/lib/tinyusb/src/portable/raspberrypi/rp2040/rp2040_usb.c.obj
                0x00000000200006a0                hw_endpoint_reset_transfer
 .time_critical._hw_endpoint_buffer_control_update32
                0x00000000200006ac       0x58 CMakeFiles/usb-midi.dir/home/luka/pico/pico-sdk/lib/tinyusb/src/portable/raspberrypi/rp2040/rp2040_usb.c.obj
                0x00000000200006ac                _hw_endpoint_buffer_control_update32
 .time_critical.hw_endpoint_start_next_buffer
                0x0000000020000704       0x88 CMakeFiles/usb-midi.dir/home/luka/pico/pico-sdk/lib/tinyusb/src/portable/raspberrypi/rp2040/rp2040_usb.c.obj
                0x0000000020000704                hw_endpoint_start_next_buffer
 .time_critical.hw_endpoint_xfer_continue
                0x000000002000078c       0x50 CMakeFiles/usb-midi.dir/home/luka/pico/pico-sdk/lib/tinyusb/src/portable/raspberrypi/rp2040/rp2040_usb.c.obj
                0x000000002000078c                hw_endpoint_xfer_continue
 .time_critical.tinyusb
                0x00000000200007dc      0x1ec CMakeFiles/usb-midi.dir/home/luka/pico/pico-sdk/lib/tinyusb/src/device/usbd.c.obj
                0x00000000200007dc                dcd_event_handler
 *(.text*)
 .text          0x00000000200009c8        0x4 /usr/lib/gcc/arm-none-eabi/10.3.1/thumb/v6-m/nofp/libgcc.a(_dvmd_tls.o)
                0x00000000200009c8                __aeabi_ldiv0
                0x00000000200009c8                __aeabi_idiv0
 *fill*         0x00000000200009cc        0x4 
 .text.__stub   0x00000000200009d0       0x90 linker stubs
                0x0000000020000a60                . = ALIGN (0x4)
 *(.rodata*)
                0x0000000020000a60                . = ALIGN (0x4)
 *(.data*)
 .data.master_gain
                0x0000000020000a60        0x2 CMakeFiles/usb-midi.dir/usb_midi.c.obj
                0x0000000020000a60                master_gain
 *fill*         0x0000000020000a62        0x2 
 .data.string_desc_arr
                0x0000000020000a64       0x10 CMakeFiles/usb-midi.dir/usb_descriptors.c.obj
                0x0000000020000a64                string_desc_arr
 .data.striped_spin_lock_num
                0x0000000020000a74        0x1 CMakeFiles/usb-midi.dir/home/luka/pico/pico-sdk/src/rp2_common/hardware_sync/sync.c.obj
 *fill*         0x0000000020000a75        0x3 
 .data          0x0000000020000a78       0x48 CMakeFiles/usb-midi.dir/home/luka/pico/pico-sdk/src/rp2_common/hardware_irq/irq_handler_chain.S.obj
                0x0000000020000a78                irq_handler_chain_slots
                0x0000000020000aa8                irq_handler_chain_first_slot
                0x0000000020000ab2                irq_handler_chain_remove_tail
 .data.default_alarm_pool
                0x0000000020000ac0       0x18 CMakeFiles/usb-midi.dir/home/luka/pico/pico-sdk/src/common/pico_time/time.c.obj
 .data.default_alarm_pool_heap
                0x0000000020000ad8       0x10 CMakeFiles/usb-midi.dir/home/luka/pico/pico-sdk/src/common/pico_time/time.c.obj
 *fill*         0x0000000020000ae8        0x8 
 .data.aeabi_bits_funcs
                0x0000000020000af0       0x10 CMakeFiles/usb-midi.dir/home/luka/pico/pico-sdk/src/rp2_common/pico_bit_ops/bit_ops_aeabi.S.obj
                0x0000000020000af0                aeabi_bits_funcs
                0x0000000020000b00                aeabi_bits_funcs_end
 .data.aeabi_mem_funcs
                0x0000000020000b00       0x10 CMakeFiles/usb-midi.dir/home/luka/pico/pico-sdk/src/rp2_common/pico_mem_ops/mem_ops_aeabi.S.obj
                0x0000000020000b00                aeabi_mem_funcs
                0x0000000020000b10                aeabi_mem_funcs_end
 .data.stdio_uart
                0x0000000020000b10       0x18 CMakeFiles/usb-midi.dir/home/luka/pico/pico-sdk/src/rp2_common/pico_stdio_uart/stdio_uart.c.obj
                0x0000000020000b10                stdio_uart
 .data.ep_dir_string
                0x0000000020000b28        0x8 CMakeFiles/usb-midi.dir/home/luka/pico/pico-sdk/lib/tinyusb/src/portable/raspberrypi/rp2040/rp2040_usb.c.obj
                0x0000000020000b28                ep_dir_string
 .data._usbd_qdef
                0x0000000020000b30       0x1c CMakeFiles/usb-midi.dir/home/luka/pico/pico-sdk/lib/tinyusb/src/device/usbd.c.obj
                0x0000000020000b30                _usbd_qdef
 .data._usbd_rhport
                0x0000000020000b4c        0x1 CMakeFiles/usb-midi.dir/home/luka/pico/pico-sdk/lib/tinyusb/src/device/usbd.c.obj
                0x0000000020000b50                . = ALIGN (0x4)
 *fill*         0x0000000020000b4d        0x3 
 *(.after_data.*)
                0x0000000020000b50                . = ALIGN (0x4)
                0x0000000020000b50                PROVIDE (__mutex_array_start = .)
 *(SORT_BY_NAME(.mutex_array.*))
 *(.mutex_array)
 .mutex_array   0x0000000020000b50        0x8 CMakeFiles/usb-midi.dir/home/luka/pico/pico-sdk/src/rp2_common/pico_stdio/stdio.c.obj
                0x0000000020000b58                PROVIDE (__mutex_array_end = .)
                0x0000000020000b58                . = ALIGN (0x4)
                0x0000000020000b58                PROVIDE (__preinit_array_start = .)
 *(SORT_BY_NAME(.preinit_array.*))
 .preinit_array.00001
                0x0000000020000b58        0x4 CMakeFiles/usb-midi.dir/home/luka/pico/pico-sdk/src/rp2_common/pico_mem_ops/mem_ops_aeabi.S.obj
 .preinit_array.00010
                0x0000000020000b5c        0x4 CMakeFiles/usb-midi.dir/home/luka/pico/pico-sdk/src/rp2_common/pico_bit_ops/bit_ops_aeabi.S.obj
 .preinit_array.00020
                0x0000000020000b60        0x4 CMakeFiles/usb-midi.dir/home/luka/pico/pico-sdk/src/rp2_common/pico_double/double_aeabi.S.obj
 .preinit_array.00020
                0x0000000020000b64        0x4 CMakeFiles/usb-midi.dir/home/luka/pico/pico-sdk/src/rp2_common/pico_float/float_aeabi.S.obj
 *(.preinit_array)
                0x0000000020000b68                PROVIDE (__preinit_array_end = .)
                0x0000000020000b68                . = ALIGN (0x4)
                0x0000000020000b68                PROVIDE (__init_array_start = .)
 *(SORT_BY_NAME(.init_array.*))
 *(.init_array)
 .init_array    0x0000000020000b68        0x4 /usr/lib/gcc/arm-none-eabi/10.3.1/thumb/v6-m/nofp/crtbegin.o
                0x0000000020000b6c                PROVIDE (__init_array_end = .)
                0x0000000020000b6c                . = ALIGN (0x4)
                0x0000000020000b6c                PROVIDE (__fini_array_start = .)
 *(SORT_BY_NAME(.fini_array.*))
 *(.fini_array)
                0x0000000020000b6c                PROVIDE (__fini_array_end = .)
 *(.jcr)
                0x0000000020000b6c                . = ALIGN (0x4)
                0x0000000020000b6c                __data_end__ = .

.tm_clone_table
                0x0000000020000b6c        0x0 load address 0x000000001000856c
 .tm_clone_table
                0x0000000020000b6c        0x0 /usr/lib/gcc/arm-none-eabi/10.3.1/thumb/v6-m/nofp/crtbegin.o
 .tm_clone_table
                0x0000000020000b6c        0x0 /usr/lib/gcc/arm-none-eabi/10.3.1/thumb/v6-m/nofp/crtend.o

.igot.plt       0x0000000020000b6c        0x0 load address 0x000000001000856c
 .igot.plt      0x0000000020000b6c        0x0 /usr/lib/gcc/arm-none-eabi/10.3.1/thumb/v6-m/nofp/crtbegin.o

.uninitialized_data
                0x0000000020000b6c        0x0 load address 0x000000001000856c
                0x0000000020000b6c                . = ALIGN (0x4)
 *(.uninitialized_data*)

.scratch_x      0x0000000020040000        0x0 load address 0x000000001000856c
                0x0000000020040000                __scratch_x_start__ = .
 *(.scratch_x.*)
                0x0000000020040000                . = ALIGN (0x4)
                0x0000000020040000                __scratch_x_end__ = .
                0x000000001000856c                __scratch_x_source__ = LOADADDR (.scratch_x)

.scratch_y      0x0000000020041000        0x0 load address 0x000000001000856c
                0x0000000020041000                __scratch_y_start__ = .
 *(.scratch_y.*)
                0x0000000020041000                . = ALIGN (0x4)
                0x0000000020041000                __scratch_y_end__ = .
                0x000000001000856c                __scratch_y_source__ = LOADADDR (.scratch_y)

.bss            0x0000000020000b70      0xaf0
                0x0000000020000b70                . = ALIGN (0x4)
                0x0000000020000b70                __bss_start__ = .
 *(SORT_BY_ALIGNMENT(SORT_BY_NAME(.bss*)))
 .bss.default_alarm_pool_entries
                0x0000000020000b70      0x100 CMakeFiles/usb-midi.dir/home/luka/pico/pico-sdk/src/common/pico_time/time.c.obj
 .bss           0x0000000020000c70       0x1c /usr/lib/gcc/arm-none-eabi/10.3.1/thumb/v6-m/nofp/crtbegin.o
 .bss._app_driver
                0x0000000020000c8c        0x4 CMakeFiles/usb-midi.dir/home/luka/pico/pico-sdk/lib/tinyusb/src/device/usbd.c.obj
 .bss._ctrl_xfer
                0x0000000020000c90       0x14 CMakeFiles/usb-midi.dir/home/luka/pico/pico-sdk/lib/tinyusb/src/device/usbd_control.c.obj
 .bss._desc_str
                0x0000000020000ca4       0x40 CMakeFiles/usb-midi.dir/usb_descriptors.c.obj
 .bss._midid_itf
                0x0000000020000ce4      0x148 CMakeFiles/usb-midi.dir/home/luka/pico/pico-sdk/lib/tinyusb/src/class/midi/midi_device.c.obj
                0x0000000020000ce4                _midid_itf
 .bss._ubsd_mutexdef
                0x0000000020000e2c        0x8 CMakeFiles/usb-midi.dir/home/luka/pico/pico-sdk/lib/tinyusb/src/device/usbd.c.obj
 .bss._usbd_ctrl_buf
                0x0000000020000e34       0x40 CMakeFiles/usb-midi.dir/home/luka/pico/pico-sdk/lib/tinyusb/src/device/usbd_control.c.obj
 .bss._usbd_dev
                0x0000000020000e74       0x53 CMakeFiles/usb-midi.dir/home/luka/pico/pico-sdk/lib/tinyusb/src/device/usbd.c.obj
 *fill*         0x0000000020000ec7        0x1 
 .bss._usbd_mutex
                0x0000000020000ec8        0x4 CMakeFiles/usb-midi.dir/home/luka/pico/pico-sdk/lib/tinyusb/src/device/usbd.c.obj
 .bss._usbd_q   0x0000000020000ecc        0x4 CMakeFiles/usb-midi.dir/home/luka/pico/pico-sdk/lib/tinyusb/src/device/usbd.c.obj
 .bss._usbd_qdef_buf
                0x0000000020000ed0       0xc0 CMakeFiles/usb-midi.dir/home/luka/pico/pico-sdk/lib/tinyusb/src/device/usbd.c.obj
                0x0000000020000ed0                _usbd_qdef_buf
 .bss.alarm_callbacks
                0x0000000020000f90       0x10 CMakeFiles/usb-midi.dir/home/luka/pico/pico-sdk/src/rp2_common/hardware_timer/timer.c.obj
 .bss.chars_available_callback
                0x0000000020000fa0        0x4 CMakeFiles/usb-midi.dir/home/luka/pico/pico-sdk/src/rp2_common/pico_stdio_uart/stdio_uart.c.obj
 .bss.chars_available_param
                0x0000000020000fa4        0x4 CMakeFiles/usb-midi.dir/home/luka/pico/pico-sdk/src/rp2_common/pico_stdio_uart/stdio_uart.c.obj
 .bss.claimed   0x0000000020000fa8        0x4 CMakeFiles/usb-midi.dir/home/luka/pico/pico-sdk/src/rp2_common/hardware_sync/sync.c.obj
 .bss.configured_freq
                0x0000000020000fac       0x28 CMakeFiles/usb-midi.dir/home/luka/pico/pico-sdk/src/rp2_common/hardware_clocks/clocks.c.obj
 .bss.default_alarm_pool_entry_ids_high
                0x0000000020000fd4       0x10 CMakeFiles/usb-midi.dir/home/luka/pico/pico-sdk/src/common/pico_time/time.c.obj
 .bss.default_alarm_pool_heap_nodes
                0x0000000020000fe4       0x30 CMakeFiles/usb-midi.dir/home/luka/pico/pico-sdk/src/common/pico_time/time.c.obj
 .bss.drivers   0x0000000020001014        0x4 CMakeFiles/usb-midi.dir/home/luka/pico/pico-sdk/src/rp2_common/pico_stdio/stdio.c.obj
 .bss.e15_last_sof
                0x0000000020001018        0x4 CMakeFiles/usb-midi.dir/home/luka/pico/pico-sdk/lib/tinyusb/src/portable/raspberrypi/rp2040/rp2040_usb.c.obj
                0x0000000020001018                e15_last_sof
 .bss.filter    0x000000002000101c        0x4 CMakeFiles/usb-midi.dir/home/luka/pico/pico-sdk/src/rp2_common/pico_stdio/stdio.c.obj
 .bss.hw_endpoints
                0x0000000020001020      0x400 CMakeFiles/usb-midi.dir/home/luka/pico/pico-sdk/lib/tinyusb/src/portable/raspberrypi/rp2040/dcd_rp2040.c.obj
 .bss.next_buffer_ptr
                0x0000000020001420        0x4 CMakeFiles/usb-midi.dir/home/luka/pico/pico-sdk/lib/tinyusb/src/portable/raspberrypi/rp2040/dcd_rp2040.c.obj
 .bss.pools     0x0000000020001424       0x10 CMakeFiles/usb-midi.dir/home/luka/pico/pico-sdk/src/common/pico_time/time.c.obj
 .bss.sd_table  0x0000000020001434      0x100 CMakeFiles/usb-midi.dir/home/luka/pico/pico-sdk/src/rp2_common/pico_double/double_init_rom.c.obj
                0x0000000020001434                sd_table
 .bss.sf_clz_func
                0x0000000020001534        0x4 CMakeFiles/usb-midi.dir/home/luka/pico/pico-sdk/src/rp2_common/pico_double/double_init_rom.c.obj
                0x0000000020001534                sf_clz_func
 .bss.sf_table  0x0000000020001538      0x100 CMakeFiles/usb-midi.dir/home/luka/pico/pico-sdk/src/rp2_common/pico_float/float_init_rom.c.obj
                0x0000000020001538                sf_table
 .bss.sleep_notifier
                0x0000000020001638        0x4 CMakeFiles/usb-midi.dir/home/luka/pico/pico-sdk/src/common/pico_time/time.c.obj
 .bss.target_hi
                0x000000002000163c       0x10 CMakeFiles/usb-midi.dir/home/luka/pico/pico-sdk/src/rp2_common/hardware_timer/timer.c.obj
 .bss.uart_char_to_line_feed
                0x000000002000164c        0x4 CMakeFiles/usb-midi.dir/home/luka/pico/pico-sdk/src/rp2_common/hardware_uart/uart.c.obj
                0x000000002000164c                uart_char_to_line_feed
 .bss.uart_inst
                0x0000000020001650        0x4 CMakeFiles/usb-midi.dir/home/luka/pico/pico-sdk/lib/tinyusb/hw/bsp/rp2040/family.c.obj
 .bss.uart_instance
                0x0000000020001654        0x4 CMakeFiles/usb-midi.dir/home/luka/pico/pico-sdk/src/rp2_common/pico_stdio_uart/stdio_uart.c.obj
 .bss._app_driver_count
                0x0000000020001658        0x1 CMakeFiles/usb-midi.dir/home/luka/pico/pico-sdk/lib/tinyusb/src/device/usbd.c.obj
 .bss._sof_enable
                0x0000000020001659        0x1 CMakeFiles/usb-midi.dir/home/luka/pico/pico-sdk/lib/tinyusb/src/portable/raspberrypi/rp2040/dcd_rp2040.c.obj
 .bss.claimed   0x000000002000165a        0x1 CMakeFiles/usb-midi.dir/home/luka/pico/pico-sdk/src/rp2_common/hardware_timer/timer.c.obj
 .bss.irq_hander_chain_free_slot_head
                0x000000002000165b        0x1 CMakeFiles/usb-midi.dir/home/luka/pico/pico-sdk/src/rp2_common/hardware_irq/irq.c.obj
 .bss.timer_callbacks_pending
                0x000000002000165c        0x1 CMakeFiles/usb-midi.dir/home/luka/pico/pico-sdk/src/rp2_common/hardware_timer/timer.c.obj
 *(COMMON)
                0x0000000020001660                . = ALIGN (0x4)
 *fill*         0x000000002000165d        0x3 
                0x0000000020001660                __bss_end__ = .

.heap           0x0000000020001660      0x800
                0x0000000020001660                __end__ = .
                0x0000000020001660                end = __end__
 *(.heap*)
 .heap          0x0000000020001660      0x800 CMakeFiles/usb-midi.dir/home/luka/pico/pico-sdk/src/rp2_common/pico_standard_link/crt0.S.obj
                0x0000000020001e60                __HeapLimit = .

.stack1_dummy   0x0000000020040000        0x0
 *(.stack1*)

.stack_dummy    0x0000000020041000      0x800
 *(.stack*)
 .stack         0x0000000020041000      0x800 CMakeFiles/usb-midi.dir/home/luka/pico/pico-sdk/src/rp2_common/pico_standard_link/crt0.S.obj

.flash_end      0x000000001000856c        0x0
                0x000000001000856c                __flash_binary_end = .
                0x0000000020040000                __StackLimit = (ORIGIN (RAM) + LENGTH (RAM))
                0x0000000020041000                __StackOneTop = (ORIGIN (SCRATCH_X) + LENGTH (SCRATCH_X))
                0x0000000020042000                __StackTop = (ORIGIN (SCRATCH_Y) + LENGTH (SCRATCH_Y))
                0x0000000020041000                __StackOneBottom = (__StackOneTop - SIZEOF (.stack1_dummy))
                0x0000000020041800                __StackBottom = (__StackTop - SIZEOF (.stack_dummy))
                0x0000000020042000                PROVIDE (__stack = __StackTop)
                0x0000000000000001                ASSERT ((__StackLimit >= __HeapLimit), region RAM overflowed)
                0x0000000000000001                ASSERT (((__binary_info_header_end - __logical_binary_start) <= 0x100), Binary info must be in first 256 bytes of the binary)
LOAD CMakeFiles/usb-midi.dir/usb_midi.c.obj
LOAD CMakeFiles/usb-midi.dir/usb_descriptors.c.obj
LOAD CMakeFiles/usb-midi.dir/home/luka/pico/pico-sdk/src/rp2_common/pico_stdlib/stdlib.c.obj
LOAD CMakeFiles/usb-midi.dir/home/luka/pico/pico-sdk/src/rp2_common/hardware_gpio/gpio.c.obj
LOAD CMakeFiles/usb-midi.dir/home/luka/pico/pico-sdk/src/rp2_common/pico_platform/platform.c.obj
LOAD CMakeFiles/usb-midi.dir/home/luka/pico/pico-sdk/src/rp2_common/hardware_claim/claim.c.obj
LOAD CMakeFiles/usb-midi.dir/home/luka/pico/pico-sdk/src/rp2_common/hardware_sync/sync.c.obj
LOAD CMakeFiles/usb-midi.dir/home/luka/pico/pico-sdk/src/rp2_common/hardware_irq/irq.c.obj
LOAD CMakeFiles/usb-midi.dir/home/luka/pico/pico-sdk/src/rp2_common/hardware_irq/irq_handler_chain.S.obj
LOAD CMakeFiles/usb-midi.dir/home/luka/pico/pico-sdk/src/common/pico_sync/sem.c.obj
LOAD CMakeFiles/usb-midi.dir/home/luka/pico/pico-sdk/src/common/pico_sync/lock_core.c.obj
LOAD CMakeFiles/usb-midi.dir/home/luka/pico/pico-sdk/src/common/pico_sync/mutex.c.obj
LOAD CMakeFiles/usb-midi.dir/home/luka/pico/pico-sdk/src/common/pico_sync/critical_section.c.obj