Archive member included to satisfy reference by file (symbol)

/usr/lib/gcc/arm-none-eabi/10.3.1/thumb/v6-m/nofp/libgcc.a(_dvmd_tls.o)
                              CMakeFiles/pwm_test.dir/home/luka/pico/pico-sdk/src/rp2_common/pico_divider/divider.S.obj (__aeabi_idiv0)
/usr/lib/gcc/arm-none-eabi/10.3.1/../../../arm-none-eabi/lib/thumb/v6-m/nofp/libg.a(lib_a-atexit.o)
                              /usr/lib/gcc/arm-none-eabi/10.3.1/../../../arm-none-eabi/lib/thumb/v6-m/nofp/crt0.o (atexit)
/usr/lib/gcc/arm-none-eabi/10.3.1/../../../arm-none-eabi/lib/thumb/v6-m/nofp/libg.a(lib_a-calloc.o)
                              CMakeFiles/pwm_test.dir/home/luka/pico/pico-sdk/src/rp2_common/pico_malloc/pico_malloc.c.obj (calloc)
/usr/lib/gcc/arm-none-eabi/10.3.1/../../../arm-none-eabi/lib/thumb/v6-m/nofp/libg.a(lib_a-callocr.o)
                              /usr/lib/gcc/arm-none-eabi/10.3.1/../../../arm-none-eabi/lib/thumb/v6-m/nofp/libg.a(lib_a-calloc.o) (_calloc_r)
/usr/lib/gcc/arm-none-eabi/10.3.1/../../../arm-none-eabi/lib/thumb/v6-m/nofp/libg.a(lib_a-fini.o)
                              /usr/lib/gcc/arm-none-eabi/10.3.1/../../../arm-none-eabi/lib/thumb/v6-m/nofp/crt0.o (__libc_fini_array)
/usr/lib/gcc/arm-none-eabi/10.3.1/../../../arm-none-eabi/lib/thumb/v6-m/nofp/libg.a(lib_a-impure.o)
                              /usr/lib/gcc/arm-none-eabi/10.3.1/../../../arm-none-eabi/lib/thumb/v6-m/nofp/libg.a(lib_a-calloc.o) (_impure_ptr)
/usr/lib/gcc/arm-none-eabi/10.3.1/../../../arm-none-eabi/lib/thumb/v6-m/nofp/libg.a(lib_a-init.o)
                              /usr/lib/gcc/arm-none-eabi/10.3.1/../../../arm-none-eabi/lib/thumb/v6-m/nofp/crt0.o (__libc_init_array)
/usr/lib/gcc/arm-none-eabi/10.3.1/../../../arm-none-eabi/lib/thumb/v6-m/nofp/libg.a(lib_a-malloc.o)
                              CMakeFiles/pwm_test.dir/home/luka/pico/pico-sdk/src/rp2_common/pico_malloc/pico_malloc.c.obj (malloc)
/usr/lib/gcc/arm-none-eabi/10.3.1/../../../arm-none-eabi/lib/thumb/v6-m/nofp/libg.a(lib_a-mallocr.o)
                              /usr/lib/gcc/arm-none-eabi/10.3.1/../../../arm-none-eabi/lib/thumb/v6-m/nofp/libg.a(lib_a-callocr.o) (_malloc_r)
/usr/lib/gcc/arm-none-eabi/10.3.1/../../../arm-none-eabi/lib/thumb/v6-m/nofp/libg.a(lib_a-mlock.o)
                              /usr/lib/gcc/arm-none-eabi/10.3.1/../../../arm-none-eabi/lib/thumb/v6-m/nofp/libg.a(lib_a-mallocr.o) (__malloc_lock)
/usr/lib/gcc/arm-none-eabi/10.3.1/../../../arm-none-eabi/lib/thumb/v6-m/nofp/libg.a(lib_a-realloc.o)
                              CMakeFiles/pwm_test.dir/home/luka/pico/pico-sdk/src/rp2_common/pico_malloc/pico_malloc.c.obj (realloc)
/usr/lib/gcc/arm-none-eabi/10.3.1/../../../arm-none-eabi/lib/thumb/v6-m/nofp/libg.a(lib_a-reallocr.o)
                              /usr/lib/gcc/arm-none-eabi/10.3.1/../../../arm-none-eabi/lib/thumb/v6-m/nofp/libg.a(lib_a-realloc.o) (_realloc_r)
/usr/lib/gcc/arm-none-eabi/10.3.1/../../../arm-none-eabi/lib/thumb/v6-m/nofp/libg.a(lib_a-sbrkr.o)
                              /usr/lib/gcc/arm-none-eabi/10.3.1/../../../arm-none-eabi/lib/thumb/v6-m/nofp/libg.a(lib_a-mallocr.o) (_sbrk_r)
/usr/lib/gcc/arm-none-eabi/10.3.1/../../../arm-none-eabi/lib/thumb/v6-m/nofp/libg.a(lib_a-strlen-stub.o)
                              CMakeFiles/pwm_test.dir/home/luka/pico/pico-sdk/src/rp2_common/pico_stdio/stdio.c.obj (strlen)
/usr/lib/gcc/arm-none-eabi/10.3.1/../../../arm-none-eabi/lib/thumb/v6-m/nofp/libg.a(lib_a-__atexit.o)
                              /usr/lib/gcc/arm-none-eabi/10.3.1/../../../arm-none-eabi/lib/thumb/v6-m/nofp/libg.a(lib_a-atexit.o) (__register_exitproc)
/usr/lib/gcc/arm-none-eabi/10.3.1/../../../arm-none-eabi/lib/thumb/v6-m/nofp/libg.a(lib_a-freer.o)
                              /usr/lib/gcc/arm-none-eabi/10.3.1/../../../arm-none-eabi/lib/thumb/v6-m/nofp/libg.a(lib_a-malloc.o) (_free_r)
/usr/lib/gcc/arm-none-eabi/10.3.1/../../../arm-none-eabi/lib/thumb/v6-m/nofp/libg.a(lib_a-memmove.o)
                              /usr/lib/gcc/arm-none-eabi/10.3.1/../../../arm-none-eabi/lib/thumb/v6-m/nofp/libg.a(lib_a-reallocr.o) (memmove)
/usr/lib/gcc/arm-none-eabi/10.3.1/../../../arm-none-eabi/lib/thumb/v6-m/nofp/libg.a(lib_a-reent.o)
                              /usr/lib/gcc/arm-none-eabi/10.3.1/../../../arm-none-eabi/lib/thumb/v6-m/nofp/libg.a(lib_a-sbrkr.o) (errno)

Discarded input sections

 .text          0x0000000000000000        0x0 /usr/lib/gcc/arm-none-eabi/10.3.1/thumb/v6-m/nofp/crti.o
 .data          0x0000000000000000        0x0 /usr/lib/gcc/arm-none-eabi/10.3.1/thumb/v6-m/nofp/crti.o
 .bss           0x0000000000000000        0x0 /usr/lib/gcc/arm-none-eabi/10.3.1/thumb/v6-m/nofp/crti.o
 .data          0x0000000000000000        0x4 /usr/lib/gcc/arm-none-eabi/10.3.1/thumb/v6-m/nofp/crtbegin.o
 .rodata        0x0000000000000000       0x24 /usr/lib/gcc/arm-none-eabi/10.3.1/thumb/v6-m/nofp/crtbegin.o
 .fini_array    0x0000000000000000        0x4 /usr/lib/gcc/arm-none-eabi/10.3.1/thumb/v6-m/nofp/crtbegin.o
[...]
Memory Configuration

Name             Origin             Length             Attributes
FLASH            0x0000000010000000 0x0000000000200000 xr
RAM              0x0000000020000000 0x0000000000040000 xrw
SCRATCH_X        0x0000000020040000 0x0000000000001000 xrw
SCRATCH_Y        0x0000000020041000 0x0000000000001000 xrw
*default*        0x0000000000000000 0xffffffffffffffff

Linker script and memory map

LOAD /usr/lib/gcc/arm-none-eabi/10.3.1/thumb/v6-m/nofp/crti.o
LOAD /usr/lib/gcc/arm-none-eabi/10.3.1/thumb/v6-m/nofp/crtbegin.o
LOAD /usr/lib/gcc/arm-none-eabi/10.3.1/../../../arm-none-eabi/lib/thumb/v6-m/nofp/crt0.o

.flash_begin    0x0000000010000000        0x0
                0x0000000010000000                __flash_binary_start = .

.boot2          0x0000000010000000      0x100
                0x0000000010000000                __boot2_start__ = .
 *(.boot2)
 .boot2         0x0000000010000000      0x100 /tmp/ccwckIwm.o
                0x0000000010000100                __boot2_end__ = .
                0x0000000000000001                ASSERT (((__boot2_end__ - __boot2_start__) == 0x100), ERROR: Pico second stage bootloader must be 256 bytes in size)

.text           0x0000000010000100     0x4288
                0x0000000010000100                __logical_binary_start = .
 *(.vectors)
 .vectors       0x0000000010000100       0xd4 CMakeFiles/pwm_test.dir/home/luka/pico/pico-sdk/src/rp2_common/pico_standard_link/crt0.S.obj
                0x0000000010000100                __vectors
                0x0000000010000100                __VECTOR_TABLE
                0x00000000100001c0                isr_invalid
                0x00000000100001c0                __default_isrs_start
                0x00000000100001c2                isr_nmi
                0x00000000100001c4                isr_hardfault
                0x00000000100001c6                isr_svcall
                0x00000000100001c8                isr_pendsv
                0x00000000100001ca                isr_systick
                0x00000000100001cc                isr_irq30
                0x00000000100001cc                __unhandled_user_irq
                0x00000000100001cc                isr_irq13
                0x00000000100001cc                isr_irq27
                0x00000000100001cc                isr_irq31
                0x00000000100001cc                isr_irq5
                0x00000000100001cc                isr_irq11
                0x00000000100001cc                isr_irq23
                0x00000000100001cc                isr_irq18
                0x00000000100001cc                isr_irq28
                0x00000000100001cc                isr_irq19
                0x00000000100001cc                isr_irq0
                0x00000000100001cc                isr_irq6
                0x00000000100001cc                isr_irq22
                0x00000000100001cc                isr_irq17
                0x00000000100001cc                isr_irq14
                0x00000000100001cc                isr_irq2
                0x00000000100001cc                isr_irq10
                0x00000000100001cc                isr_irq8
                0x00000000100001cc                isr_irq24
                0x00000000100001cc                isr_irq1
                0x00000000100001cc                isr_irq7
                0x00000000100001cc                isr_irq21
                0x00000000100001cc                isr_irq20
                0x00000000100001cc                isr_irq15
                0x00000000100001cc                isr_irq25
                0x00000000100001cc                isr_irq4
                0x00000000100001cc                isr_irq16
                0x00000000100001cc                isr_irq29
                0x00000000100001cc                isr_irq26
                0x00000000100001cc                __default_isrs_end
                0x00000000100001cc                isr_irq3
                0x00000000100001cc                isr_irq12
                0x00000000100001cc                isr_irq9
                0x00000000100001d2                unhandled_user_irq_num_in_r0
 *(.binary_info_header)
 .binary_info_header
                0x00000000100001d4       0x14 CMakeFiles/pwm_test.dir/home/luka/pico/pico-sdk/src/rp2_common/pico_standard_link/crt0.S.obj
                0x00000000100001e8                __binary_info_header_end = .
 *(.reset)
 .reset         0x00000000100001e8       0xa0 CMakeFiles/pwm_test.dir/home/luka/pico/pico-sdk/src/rp2_common/pico_standard_link/crt0.S.obj
                0x00000000100001e8                _entry_point
 .reset         0x0000000010000288       0x30 CMakeFiles/pwm_test.dir/home/luka/pico/pico-sdk/src/rp2_common/pico_standard_link/binary_info.c.obj
 *(.init)
 .init          0x00000000100002b8        0x4 /usr/lib/gcc/arm-none-eabi/10.3.1/thumb/v6-m/nofp/crti.o
                0x00000000100002b8                _init
 *(EXCLUDE_FILE(*libm.a: *libc.a:*lib_a-mem*.o *libgcc.a:) .text*)
 .text          0x00000000100002bc       0x98 /usr/lib/gcc/arm-none-eabi/10.3.1/thumb/v6-m/nofp/crtbegin.o
 .text.main     0x0000000010000354      0x1d8 CMakeFiles/pwm_test.dir/pwm_test.c.obj
                0x0000000010000354                main
 .text.gpio_set_function
                0x000000001000052c       0x30 CMakeFiles/pwm_test.dir/home/luka/pico/pico-sdk/src/rp2_common/hardware_gpio/gpio.c.obj
                0x000000001000052c                gpio_set_function
 .text.gpio_set_pulls
                0x000000001000055c       0x34 CMakeFiles/pwm_test.dir/home/luka/pico/pico-sdk/src/rp2_common/hardware_gpio/gpio.c.obj
                0x000000001000055c                gpio_set_pulls
 .text.gpio_set_input_enabled
                0x0000000010000590       0x30 CMakeFiles/pwm_test.dir/home/luka/pico/pico-sdk/src/rp2_common/hardware_gpio/gpio.c.obj
                0x0000000010000590                gpio_set_input_enabled
 .text.gpio_init
                0x00000000100005c0       0x16 CMakeFiles/pwm_test.dir/home/luka/pico/pico-sdk/src/rp2_common/hardware_gpio/gpio.c.obj
                0x00000000100005c0                gpio_init
 *fill*         0x00000000100005d6        0x2 
 .text.running_on_fpga
                0x00000000100005d8       0x14 CMakeFiles/pwm_test.dir/home/luka/pico/pico-sdk/src/rp2_common/pico_platform/platform.c.obj
                0x00000000100005d8                running_on_fpga
 .text.hw_claim_lock
                0x00000000100005ec       0x18 CMakeFiles/pwm_test.dir/home/luka/pico/pico-sdk/src/rp2_common/hardware_claim/claim.c.obj
                0x00000000100005ec                hw_claim_lock
 .text.hw_claim_unlock
                0x0000000010000604       0x14 CMakeFiles/pwm_test.dir/home/luka/pico/pico-sdk/src/rp2_common/hardware_claim/claim.c.obj
                0x0000000010000604                hw_claim_unlock
 .text.hw_claim_or_assert
                0x0000000010000618       0x32 CMakeFiles/pwm_test.dir/home/luka/pico/pico-sdk/src/rp2_common/hardware_claim/claim.c.obj
                0x0000000010000618                hw_claim_or_assert
 *fill*         0x000000001000064a        0x2 
 .text.spin_locks_reset
                0x000000001000064c       0x20 CMakeFiles/pwm_test.dir/home/luka/pico/pico-sdk/src/rp2_common/hardware_sync/sync.c.obj
                0x000000001000064c                spin_locks_reset
 .text.next_striped_spin_lock_num
                0x000000001000066c       0x1c CMakeFiles/pwm_test.dir/home/luka/pico/pico-sdk/src/rp2_common/hardware_sync/sync.c.obj
                0x000000001000066c                next_striped_spin_lock_num
 .text.set_raw_irq_handler_and_unlock
                0x0000000010000688       0x28 CMakeFiles/pwm_test.dir/home/luka/pico/pico-sdk/src/rp2_common/hardware_irq/irq.c.obj
 .text.make_branch
                0x00000000100006b0       0x48 CMakeFiles/pwm_test.dir/home/luka/pico/pico-sdk/src/rp2_common/hardware_irq/irq.c.obj
 .text.insert_branch_and_link
                0x00000000100006f8       0x40 CMakeFiles/pwm_test.dir/home/luka/pico/pico-sdk/src/rp2_common/hardware_irq/irq.c.obj
 .text.irq_is_enabled
                0x0000000010000738       0x18 CMakeFiles/pwm_test.dir/home/luka/pico/pico-sdk/src/rp2_common/hardware_irq/irq.c.obj
                0x0000000010000738                irq_is_enabled
 .text.irq_set_mask_enabled
                0x0000000010000750       0x20 CMakeFiles/pwm_test.dir/home/luka/pico/pico-sdk/src/rp2_common/hardware_irq/irq.c.obj
                0x0000000010000750                irq_set_mask_enabled
 .text.irq_set_enabled
                0x0000000010000770        0xe CMakeFiles/pwm_test.dir/home/luka/pico/pico-sdk/src/rp2_common/hardware_irq/irq.c.obj
                0x0000000010000770                irq_set_enabled
 *fill*         0x000000001000077e        0x2 
 .text.irq_get_vtable_handler
                0x0000000010000780       0x10 CMakeFiles/pwm_test.dir/home/luka/pico/pico-sdk/src/rp2_common/hardware_irq/irq.c.obj
                0x0000000010000780                irq_get_vtable_handler
 .text.irq_set_exclusive_handler
                0x0000000010000790       0x54 CMakeFiles/pwm_test.dir/home/luka/pico/pico-sdk/src/rp2_common/hardware_irq/irq.c.obj
                0x0000000010000790                irq_set_exclusive_handler
 .text.irq_remove_handler
                0x00000000100007e4      0x1ac CMakeFiles/pwm_test.dir/home/luka/pico/pico-sdk/src/rp2_common/hardware_irq/irq.c.obj
                0x00000000100007e4                irq_remove_handler
 .text.irq_add_tail_to_free_list
                0x0000000010000990       0xf0 CMakeFiles/pwm_test.dir/home/luka/pico/pico-sdk/src/rp2_common/hardware_irq/irq.c.obj
                0x0000000010000990                irq_add_tail_to_free_list
 .text.irq_init_priorities
                0x0000000010000a80       0x1c CMakeFiles/pwm_test.dir/home/luka/pico/pico-sdk/src/rp2_common/hardware_irq/irq.c.obj
                0x0000000010000a80                irq_init_priorities
 .text.lock_init
                0x0000000010000a9c       0x10 CMakeFiles/pwm_test.dir/home/luka/pico/pico-sdk/src/common/pico_sync/lock_core.c.obj
                0x0000000010000a9c                lock_init
 .text.mutex_init
                0x0000000010000aac       0x1a CMakeFiles/pwm_test.dir/home/luka/pico/pico-sdk/src/common/pico_sync/mutex.c.obj
                0x0000000010000aac                mutex_init
 .text.recursive_mutex_init
                0x0000000010000ac6       0x1e CMakeFiles/pwm_test.dir/home/luka/pico/pico-sdk/src/common/pico_sync/mutex.c.obj
                0x0000000010000ac6                recursive_mutex_init
 .text.alarm_pool_post_alloc_init
                0x0000000010000ae4       0x40 CMakeFiles/pwm_test.dir/home/luka/pico/pico-sdk/src/common/pico_time/time.c.obj
 .text.sleep_until_callback
                0x0000000010000b24       0x30 CMakeFiles/pwm_test.dir/home/luka/pico/pico-sdk/src/common/pico_time/time.c.obj
 .text.timer_pool_entry_comparator
                0x0000000010000b54       0x7c CMakeFiles/pwm_test.dir/home/luka/pico/pico-sdk/src/common/pico_time/time.c.obj
                0x0000000010000b54                timer_pool_entry_comparator
 .text.ph_add_child_node
                0x0000000010000bd0       0xa4 CMakeFiles/pwm_test.dir/home/luka/pico/pico-sdk/src/common/pico_time/time.c.obj
 .text.ph_merge_nodes
                0x0000000010000c74       0x3e CMakeFiles/pwm_test.dir/home/luka/pico/pico-sdk/src/common/pico_time/time.c.obj
 *fill*         0x0000000010000cb2        0x2 
 .text.add_alarm_under_lock
                0x0000000010000cb4      0x174 CMakeFiles/pwm_test.dir/home/luka/pico/pico-sdk/src/common/pico_time/time.c.obj
 .text.alarm_pool_alarm_callback
                0x0000000010000e28      0x33c CMakeFiles/pwm_test.dir/home/luka/pico/pico-sdk/src/common/pico_time/time.c.obj
 .text.alarm_pool_init_default
                0x0000000010001164       0x40 CMakeFiles/pwm_test.dir/home/luka/pico/pico-sdk/src/common/pico_time/time.c.obj
                0x0000000010001164                alarm_pool_init_default
 .text.alarm_pool_get_default
                0x00000000100011a4       0x2c CMakeFiles/pwm_test.dir/home/luka/pico/pico-sdk/src/common/pico_time/time.c.obj
                0x00000000100011a4                alarm_pool_get_default
 .text.alarm_pool_add_alarm_at
                0x00000000100011d0      0x168 CMakeFiles/pwm_test.dir/home/luka/pico/pico-sdk/src/common/pico_time/time.c.obj
                0x00000000100011d0                alarm_pool_add_alarm_at
 .text.alarm_pool_cancel_alarm
                0x0000000010001338       0xf0 CMakeFiles/pwm_test.dir/home/luka/pico/pico-sdk/src/common/pico_time/time.c.obj
                0x0000000010001338                alarm_pool_cancel_alarm
 .text.best_effort_wfe_or_timeout
                0x0000000010001428       0xac CMakeFiles/pwm_test.dir/home/luka/pico/pico-sdk/src/common/pico_time/time.c.obj
                0x0000000010001428                best_effort_wfe_or_timeout
 .text.hardware_alarm_irq_handler
                0x00000000100014d4       0x90 CMakeFiles/pwm_test.dir/home/luka/pico/pico-sdk/src/rp2_common/hardware_timer/timer.c.obj
 .text.hardware_alarm_claim
                0x0000000010001564       0x18 CMakeFiles/pwm_test.dir/home/luka/pico/pico-sdk/src/rp2_common/hardware_timer/timer.c.obj
                0x0000000010001564                hardware_alarm_claim
 .text.time_us_64
                0x000000001000157c       0x18 CMakeFiles/pwm_test.dir/home/luka/pico/pico-sdk/src/rp2_common/hardware_timer/timer.c.obj
                0x000000001000157c                time_us_64
 .text.hardware_alarm_set_callback
                0x0000000010001594       0x90 CMakeFiles/pwm_test.dir/home/luka/pico/pico-sdk/src/rp2_common/hardware_timer/timer.c.obj
                0x0000000010001594                hardware_alarm_set_callback
 .text.hardware_alarm_set_target
                0x0000000010001624       0xe8 CMakeFiles/pwm_test.dir/home/luka/pico/pico-sdk/src/rp2_common/hardware_timer/timer.c.obj
                0x0000000010001624                hardware_alarm_set_target
 .text.hardware_alarm_cancel
                0x000000001000170c       0x40 CMakeFiles/pwm_test.dir/home/luka/pico/pico-sdk/src/rp2_common/hardware_timer/timer.c.obj
                0x000000001000170c                hardware_alarm_cancel
 .text.ph_add_child_node
                0x000000001000174c       0xa4 CMakeFiles/pwm_test.dir/home/luka/pico/pico-sdk/src/common/pico_util/pheap.c.obj
 .text.ph_merge_nodes
                0x00000000100017f0       0x3e CMakeFiles/pwm_test.dir/home/luka/pico/pico-sdk/src/common/pico_util/pheap.c.obj
 *fill*         0x000000001000182e        0x2 
 .text.ph_clear
                0x0000000010001830       0x70 CMakeFiles/pwm_test.dir/home/luka/pico/pico-sdk/src/common/pico_util/pheap.c.obj
                0x0000000010001830                ph_clear
 .text.ph_post_alloc_init
                0x00000000100018a0        0xe CMakeFiles/pwm_test.dir/home/luka/pico/pico-sdk/src/common/pico_util/pheap.c.obj
                0x00000000100018a0                ph_post_alloc_init
 *fill*         0x00000000100018ae        0x2 
 .text.ph_merge_two_pass
                0x00000000100018b0       0xa8 CMakeFiles/pwm_test.dir/home/luka/pico/pico-sdk/src/common/pico_util/pheap.c.obj
                0x00000000100018b0                ph_merge_two_pass
 .text.ph_remove_any_head
                0x0000000010001958      0x128 CMakeFiles/pwm_test.dir/home/luka/pico/pico-sdk/src/common/pico_util/pheap.c.obj
 .text.ph_remove_head
                0x0000000010001a80       0x14 CMakeFiles/pwm_test.dir/home/luka/pico/pico-sdk/src/common/pico_util/pheap.c.obj
                0x0000000010001a80                ph_remove_head
 .text.ph_remove_and_free_node
                0x0000000010001a94       0xf8 CMakeFiles/pwm_test.dir/home/luka/pico/pico-sdk/src/common/pico_util/pheap.c.obj
                0x0000000010001a94                ph_remove_and_free_node
 .text.clock_configure
                0x0000000010001b8c      0x104 CMakeFiles/pwm_test.dir/home/luka/pico/pico-sdk/src/rp2_common/hardware_clocks/clocks.c.obj
                0x0000000010001b8c                clock_configure
 .text.clocks_init
                0x0000000010001c90      0x100 CMakeFiles/pwm_test.dir/home/luka/pico/pico-sdk/src/rp2_common/hardware_clocks/clocks.c.obj
                0x0000000010001c90                clocks_init
 .text.pll_init
                0x0000000010001d90      0x12c CMakeFiles/pwm_test.dir/home/luka/pico/pico-sdk/src/rp2_common/hardware_pll/pll.c.obj
                0x0000000010001d90                pll_init
 .text.watchdog_start_tick
                0x0000000010001ebc       0x10 CMakeFiles/pwm_test.dir/home/luka/pico/pico-sdk/src/rp2_common/hardware_watchdog/watchdog.c.obj
                0x0000000010001ebc                watchdog_start_tick
 .text.xosc_init
                0x0000000010001ecc       0x28 CMakeFiles/pwm_test.dir/home/luka/pico/pico-sdk/src/rp2_common/hardware_xosc/xosc.c.obj
                0x0000000010001ecc                xosc_init
 .text._exit    0x0000000010001ef4        0x4 CMakeFiles/pwm_test.dir/home/luka/pico/pico-sdk/src/rp2_common/pico_runtime/runtime.c.obj
                0x0000000010001ef4                _exit
 .text.exit     0x0000000010001ef8        0x6 CMakeFiles/pwm_test.dir/home/luka/pico/pico-sdk/src/rp2_common/pico_runtime/runtime.c.obj
                0x0000000010001ef8                exit
 *fill*         0x0000000010001efe        0x2 
 .text.__assert_func
                0x0000000010001f00       0x3c CMakeFiles/pwm_test.dir/home/luka/pico/pico-sdk/src/rp2_common/pico_runtime/runtime.c.obj
                0x0000000010001f00                __assert_func
 .text.runtime_init
                0x0000000010001f3c       0xf8 CMakeFiles/pwm_test.dir/home/luka/pico/pico-sdk/src/rp2_common/pico_runtime/runtime.c.obj
                0x0000000010001f3c                runtime_init
 .text.panic    0x0000000010002034       0x30 CMakeFiles/pwm_test.dir/home/luka/pico/pico-sdk/src/rp2_common/pico_runtime/runtime.c.obj
                0x0000000010002034                panic
 .text._out_null
                0x0000000010002064        0x2 CMakeFiles/pwm_test.dir/home/luka/pico/pico-sdk/src/rp2_common/pico_printf/printf.c.obj
 .text._out_fct
                0x0000000010002066        0xe CMakeFiles/pwm_test.dir/home/luka/pico/pico-sdk/src/rp2_common/pico_printf/printf.c.obj
 .text._atoi    0x0000000010002074       0x24 CMakeFiles/pwm_test.dir/home/luka/pico/pico-sdk/src/rp2_common/pico_printf/printf.c.obj
 .text._out_rev
                0x0000000010002098       0xae CMakeFiles/pwm_test.dir/home/luka/pico/pico-sdk/src/rp2_common/pico_printf/printf.c.obj
 .text._ntoa_format
                0x0000000010002146      0x112 CMakeFiles/pwm_test.dir/home/luka/pico/pico-sdk/src/rp2_common/pico_printf/printf.c.obj
 .text._ntoa_long
                0x0000000010002258       0xbc CMakeFiles/pwm_test.dir/home/luka/pico/pico-sdk/src/rp2_common/pico_printf/printf.c.obj
 .text._ntoa_long_long
                0x0000000010002314       0xe2 CMakeFiles/pwm_test.dir/home/luka/pico/pico-sdk/src/rp2_common/pico_printf/printf.c.obj
 *fill*         0x00000000100023f6        0x2 
 .text._etoa    0x00000000100023f8      0x414 CMakeFiles/pwm_test.dir/home/luka/pico/pico-sdk/src/rp2_common/pico_printf/printf.c.obj
 .text._ftoa    0x000000001000280c      0x354 CMakeFiles/pwm_test.dir/home/luka/pico/pico-sdk/src/rp2_common/pico_printf/printf.c.obj
 .text._vsnprintf
                0x0000000010002b60      0x624 CMakeFiles/pwm_test.dir/home/luka/pico/pico-sdk/src/rp2_common/pico_printf/printf.c.obj
 .text.vfctprintf
                0x0000000010003184       0x20 CMakeFiles/pwm_test.dir/home/luka/pico/pico-sdk/src/rp2_common/pico_printf/printf.c.obj
                0x0000000010003184                vfctprintf
 .text          0x00000000100031a4       0x10 CMakeFiles/pwm_test.dir/home/luka/pico/pico-sdk/src/rp2_common/pico_bit_ops/bit_ops_aeabi.S.obj
 .text.rom_func_lookup
                0x00000000100031b4       0x10 CMakeFiles/pwm_test.dir/home/luka/pico/pico-sdk/src/rp2_common/pico_bootrom/bootrom.c.obj
                0x00000000100031b4                rom_func_lookup
 .text.rom_data_lookup
                0x00000000100031c4       0x10 CMakeFiles/pwm_test.dir/home/luka/pico/pico-sdk/src/rp2_common/pico_bootrom/bootrom.c.obj
                0x00000000100031c4                rom_data_lookup
 .text.rom_funcs_lookup
                0x00000000100031d4       0x36 CMakeFiles/pwm_test.dir/home/luka/pico/pico-sdk/src/rp2_common/pico_bootrom/bootrom.c.obj
                0x00000000100031d4                rom_funcs_lookup
 *fill*         0x000000001000320a        0x2 
 .text.__wrap___aeabi_idiv
                0x000000001000320c       0x50 CMakeFiles/pwm_test.dir/home/luka/pico/pico-sdk/src/rp2_common/pico_divider/divider.S.obj
                0x000000001000320c                __wrap___aeabi_idivmod
                0x000000001000320c                divmod_s32s32
                0x000000001000320c                div_s32s32
                0x000000001000320c                __wrap___aeabi_idiv
                0x0000000010003214                divmod_s32s32_unsafe
                0x0000000010003240                divmod_s32s32_savestate
 .text.__wrap___aeabi_uidiv
                0x000000001000325c       0x4c CMakeFiles/pwm_test.dir/home/luka/pico/pico-sdk/src/rp2_common/pico_divider/divider.S.obj
                0x000000001000325c                __wrap___aeabi_uidiv
                0x000000001000325c                __wrap___aeabi_uidivmod
                0x000000001000325c                div_u32u32
                0x000000001000325c                divmod_u32u32
                0x0000000010003264                divmod_u32u32_unsafe
                0x000000001000328c                divmod_u32u32_savestate
 .text.__wrap___aeabi_ldiv
                0x00000000100032a8      0x424 CMakeFiles/pwm_test.dir/home/luka/pico/pico-sdk/src/rp2_common/pico_divider/divider.S.obj
                0x00000000100032a8                div_s64s64
                0x00000000100032a8                divmod_s64s64
                0x00000000100032a8                __wrap___aeabi_ldivmod
                0x00000000100032d8                div_u64u64
                0x00000000100032d8                divmod_u64u64
                0x00000000100032d8                __wrap___aeabi_uldivmod
                0x00000000100032e8                divmod_u64u64_savestate
                0x0000000010003308                divmod_s64s64_unsafe
                0x0000000010003390                divmod_u64u64_unsafe
 .text.__wrap___aeabi_darithmetic
                0x00000000100036cc       0x80 CMakeFiles/pwm_test.dir/home/luka/pico/pico-sdk/src/rp2_common/pico_double/double_aeabi.S.obj
                0x00000000100036cc                __wrap___aeabi_drsub
                0x00000000100036d2                __wrap___aeabi_dsub
                0x00000000100036e4                __wrap___aeabi_dadd
                0x00000000100036f6                __wrap___aeabi_ddiv
                0x0000000010003732                __wrap___aeabi_dmul
 .text.__wrap___aeabi_cdcmple
                0x000000001000374c       0x6c CMakeFiles/pwm_test.dir/home/luka/pico/pico-sdk/src/rp2_common/pico_double/double_aeabi.S.obj
                0x000000001000374c                __wrap___aeabi_cdrcmple
                0x000000001000375c                __wrap___aeabi_cdcmple
                0x000000001000375c                __wrap___aeabi_cdcmpeq
 .text.__wrap___aeabi_dcmplt
                0x00000000100037b8        0xc CMakeFiles/pwm_test.dir/home/luka/pico/pico-sdk/src/rp2_common/pico_double/double_aeabi.S.obj
                0x00000000100037b8                __wrap___aeabi_dcmplt
 .text.__wrap___aeabi_dcmple
                0x00000000100037c4       0x10 CMakeFiles/pwm_test.dir/home/luka/pico/pico-sdk/src/rp2_common/pico_double/double_aeabi.S.obj
                0x00000000100037c4                __wrap___aeabi_dcmple
 .text.__wrap___aeabi_dcmpge
                0x00000000100037d4       0x10 CMakeFiles/pwm_test.dir/home/luka/pico/pico-sdk/src/rp2_common/pico_double/double_aeabi.S.obj
                0x00000000100037d4                __wrap___aeabi_dcmpge
 .text.__wrap___aeabi_dcmpgt
                0x00000000100037e4        0xa CMakeFiles/pwm_test.dir/home/luka/pico/pico-sdk/src/rp2_common/pico_double/double_aeabi.S.obj
                0x00000000100037e4                __wrap___aeabi_dcmpgt
 .text.__wrap___aeabi_dcmpun
                0x00000000100037ee       0x1c CMakeFiles/pwm_test.dir/home/luka/pico/pico-sdk/src/rp2_common/pico_double/double_aeabi.S.obj
                0x00000000100037ee                __wrap___aeabi_dcmpun
 *fill*         0x000000001000380a        0x2 
 .text.__wrap___aeabi_i2d
                0x000000001000380c       0x38 CMakeFiles/pwm_test.dir/home/luka/pico/pico-sdk/src/rp2_common/pico_double/double_aeabi.S.obj
                0x000000001000380c                __wrap___aeabi_ui2d
                0x0000000010003814                __wrap___aeabi_i2d
 .text.__wrap___aeabi_d2iz
                0x0000000010003844       0x48 CMakeFiles/pwm_test.dir/home/luka/pico/pico-sdk/src/rp2_common/pico_double/double_aeabi.S.obj
                0x0000000010003844                __wrap___aeabi_d2iz
                0x0000000010003844                double2int_z
 .text.__wrap___aeabi_d2uiz
                0x000000001000388c       0x18 CMakeFiles/pwm_test.dir/home/luka/pico/pico-sdk/src/rp2_common/pico_double/double_aeabi.S.obj
                0x000000001000388c                double2uint
                0x000000001000388c                __wrap___aeabi_d2uiz
 .text.__aeabi_double_init
                0x00000000100038a4       0xc8 CMakeFiles/pwm_test.dir/home/luka/pico/pico-sdk/src/rp2_common/pico_double/double_init_rom.c.obj
                0x00000000100038a4                __aeabi_double_init
 .text.double_table_shim_on_use_helper
                0x000000001000396c       0x34 CMakeFiles/pwm_test.dir/home/luka/pico/pico-sdk/src/rp2_common/pico_double/double_v1_rom_shim.S.obj
                0x000000001000396c                double_table_shim_on_use_helper
 .text.__wrap___aeabi_dsub
                0x00000000100039a0       0x10 CMakeFiles/pwm_test.dir/home/luka/pico/pico-sdk/src/rp2_common/pico_double/double_v1_rom_shim.S.obj
                0x00000000100039a0                drsub_shim
                0x00000000100039a6                dsub_shim
 .text.dadd_shim
                0x00000000100039b0      0x15c CMakeFiles/pwm_test.dir/home/luka/pico/pico-sdk/src/rp2_common/pico_double/double_v1_rom_shim.S.obj
                0x00000000100039b0                dadd_shim
 .text.dmul_shim
                0x0000000010003b0c      0x15c CMakeFiles/pwm_test.dir/home/luka/pico/pico-sdk/src/rp2_common/pico_double/double_v1_rom_shim.S.obj
                0x0000000010003b0c                dmul_shim
 .text.ddiv_shim
                0x0000000010003c68      0x1b0 CMakeFiles/pwm_test.dir/home/luka/pico/pico-sdk/src/rp2_common/pico_double/double_v1_rom_shim.S.obj
                0x0000000010003c68                ddiv_shim
 .text.double2uint_shim
                0x0000000010003e18        0xe CMakeFiles/pwm_test.dir/home/luka/pico/pico-sdk/src/rp2_common/pico_double/double_v1_rom_shim.S.obj
                0x0000000010003e18                double2uint_shim
                0x0000000010003e1a                double2ufix_shim
 *fill*         0x0000000010003e26        0x2 
 .text.double2uint64_shim
                0x0000000010003e28       0x70 CMakeFiles/pwm_test.dir/home/luka/pico/pico-sdk/src/rp2_common/pico_double/double_v1_rom_shim.S.obj
                0x0000000010003e28                double2uint64_shim
                0x0000000010003e2a                double2ufix64_shim
                0x0000000010003e4a                d2fix_a
 .text.dunpacks
                0x0000000010003e98       0x3c CMakeFiles/pwm_test.dir/home/luka/pico/pico-sdk/src/rp2_common/pico_double/double_v1_rom_shim.S.obj
                0x0000000010003e98                dunpacks
 .text.__aeabi_float_init
                0x0000000010003ed4       0xfc CMakeFiles/pwm_test.dir/home/luka/pico/pico-sdk/src/rp2_common/pico_float/float_init_rom.c.obj
                0x0000000010003ed4                __aeabi_float_init
 .text.float_table_shim_on_use_helper
                0x0000000010003fd0       0x34 CMakeFiles/pwm_test.dir/home/luka/pico/pico-sdk/src/rp2_common/pico_float/float_v1_rom_shim.S.obj
                0x0000000010003fd0                float_table_shim_on_use_helper
 .text          0x0000000010004004       0x10 CMakeFiles/pwm_test.dir/home/luka/pico/pico-sdk/src/rp2_common/pico_mem_ops/mem_ops_aeabi.S.obj
                0x0000000010004004                __aeabi_mem_init
 .text.memcpy   0x0000000010004014        0xc CMakeFiles/pwm_test.dir/home/luka/pico/pico-sdk/src/rp2_common/pico_mem_ops/mem_ops_aeabi.S.obj
                0x0000000010004014                __wrap___aeabi_memcpy
                0x0000000010004014                __wrap_memcpy
 .text.stdio_out_chars_no_crlf
                0x0000000010004020        0xe CMakeFiles/pwm_test.dir/home/luka/pico/pico-sdk/src/rp2_common/pico_stdio/stdio.c.obj
 *fill*         0x000000001000402e        0x2 
 .text.stdio_out_chars_crlf
                0x0000000010004030       0x80 CMakeFiles/pwm_test.dir/home/luka/pico/pico-sdk/src/rp2_common/pico_stdio/stdio.c.obj
 .text.stdio_stack_buffer_flush
                0x00000000100040b0       0x44 CMakeFiles/pwm_test.dir/home/luka/pico/pico-sdk/src/rp2_common/pico_stdio/stdio.c.obj
 .text.stdio_buffered_printer
                0x00000000100040f4       0x20 CMakeFiles/pwm_test.dir/home/luka/pico/pico-sdk/src/rp2_common/pico_stdio/stdio.c.obj
 .text.stdout_serialize_begin
                0x0000000010004114       0x5c CMakeFiles/pwm_test.dir/home/luka/pico/pico-sdk/src/rp2_common/pico_stdio/stdio.c.obj
                0x0000000010004114                stdout_serialize_begin
 .text.stdout_serialize_end
                0x0000000010004170       0x10 CMakeFiles/pwm_test.dir/home/luka/pico/pico-sdk/src/rp2_common/pico_stdio/stdio.c.obj
                0x0000000010004170                stdout_serialize_end
 .text.stdio_put_string
                0x0000000010004180       0x98 CMakeFiles/pwm_test.dir/home/luka/pico/pico-sdk/src/rp2_common/pico_stdio/stdio.c.obj
 .text.stdio_flush
                0x0000000010004218       0x20 CMakeFiles/pwm_test.dir/home/luka/pico/pico-sdk/src/rp2_common/pico_stdio/stdio.c.obj
                0x0000000010004218                stdio_flush
 .text.__wrap_puts
                0x0000000010004238       0x1e CMakeFiles/pwm_test.dir/home/luka/pico/pico-sdk/src/rp2_common/pico_stdio/stdio.c.obj
                0x0000000010004238                __wrap_puts
 *fill*         0x0000000010004256        0x2 
 .text.__wrap_vprintf
                0x0000000010004258       0x40 CMakeFiles/pwm_test.dir/home/luka/pico/pico-sdk/src/rp2_common/pico_stdio/stdio.c.obj
                0x0000000010004258                __wrap_vprintf
 .text.__wrap_printf
                0x0000000010004298       0x18 CMakeFiles/pwm_test.dir/home/luka/pico/pico-sdk/src/rp2_common/pico_stdio/stdio.c.obj
                0x0000000010004298                __wrap_printf
 .text.adc_init
                0x00000000100042b0       0x34 CMakeFiles/pwm_test.dir/home/luka/pico/pico-sdk/src/rp2_common/hardware_adc/adc.c.obj
                0x00000000100042b0                adc_init
 .text          0x00000000100042e4       0x5c /usr/lib/gcc/arm-none-eabi/10.3.1/../../../arm-none-eabi/lib/thumb/v6-m/nofp/libg.a(lib_a-strlen-stub.o)
                0x00000000100042e4                strlen
 *(.fini)
 .fini          0x0000000010004340        0x4 /usr/lib/gcc/arm-none-eabi/10.3.1/thumb/v6-m/nofp/crti.o
                0x0000000010004340                _fini
 *fill*         0x0000000010004344        0x4 
 .fini.__stub   0x0000000010004348       0x40 linker stubs
 *crtbegin.o(.ctors)
 *crtbegin?.o(.ctors)
 *(EXCLUDE_FILE(*crtend.o *crtend?.o) .ctors)
 *(SORT_BY_NAME(.ctors.*))
 *(.ctors)
 *crtbegin.o(.dtors)
 *crtbegin?.o(.dtors)
 *(EXCLUDE_FILE(*crtend.o *crtend?.o) .dtors)
 *(SORT_BY_NAME(.dtors.*))
 *(.dtors)
 *(.eh_frame*)
 .eh_frame      0x0000000010004388        0x0 /usr/lib/gcc/arm-none-eabi/10.3.1/thumb/v6-m/nofp/crtbegin.o
                0x0000000010004388                . = ALIGN (0x4)

.glue_7         0x0000000010004388        0x0
 .glue_7        0x0000000010004388        0x0 linker stubs

.glue_7t        0x0000000010004388        0x0
 .glue_7t       0x0000000010004388        0x0 linker stubs

.vfp11_veneer   0x0000000010004388        0x0
 .vfp11_veneer  0x0000000010004388        0x0 linker stubs

.v4_bx          0x0000000010004388        0x0
 .v4_bx         0x0000000010004388        0x0 linker stubs

.iplt           0x0000000010004388        0x0
 .iplt          0x0000000010004388        0x0 /usr/lib/gcc/arm-none-eabi/10.3.1/thumb/v6-m/nofp/crtbegin.o

.rodata         0x0000000010004388      0xe88
 *(EXCLUDE_FILE(*libm.a: *libc.a:*lib_a-mem*.o *libgcc.a:) .rodata*)
 .rodata.make_branch.str1.4
                0x0000000010004388       0x6b CMakeFiles/pwm_test.dir/home/luka/pico/pico-sdk/src/rp2_common/hardware_irq/irq.c.obj
 *fill*         0x00000000100043f3        0x1 
 .rodata.insert_branch_and_link.str1.4
                0x00000000100043f4       0x10 CMakeFiles/pwm_test.dir/home/luka/pico/pico-sdk/src/rp2_common/hardware_irq/irq.c.obj
 .rodata.irq_set_exclusive_handler.str1.4
                0x0000000010004404       0x36 CMakeFiles/pwm_test.dir/home/luka/pico/pico-sdk/src/rp2_common/hardware_irq/irq.c.obj
 *fill*         0x000000001000443a        0x2 
 .rodata.irq_add_shared_handler.str1.4
                0x000000001000443c       0xd9 CMakeFiles/pwm_test.dir/home/luka/pico/pico-sdk/src/rp2_common/hardware_irq/irq.c.obj
 *fill*         0x0000000010004515        0x3 
 .rodata.irq_remove_handler.str1.4
                0x0000000010004518       0x3a CMakeFiles/pwm_test.dir/home/luka/pico/pico-sdk/src/rp2_common/hardware_irq/irq.c.obj
 *fill*         0x0000000010004552        0x2 
 .rodata.irq_add_tail_to_free_list.str1.4
                0x0000000010004554       0x3a CMakeFiles/pwm_test.dir/home/luka/pico/pico-sdk/src/rp2_common/hardware_irq/irq.c.obj
 *fill*         0x000000001000458e        0x2 
 .rodata.__func__.0
                0x0000000010004590       0x1a CMakeFiles/pwm_test.dir/home/luka/pico/pico-sdk/src/rp2_common/hardware_irq/irq.c.obj
 *fill*         0x00000000100045aa        0x2 
 .rodata.__func__.1
                0x00000000100045ac       0x17 CMakeFiles/pwm_test.dir/home/luka/pico/pico-sdk/src/rp2_common/hardware_irq/irq.c.obj
 *fill*         0x00000000100045c3        0x1 
 .rodata.__func__.2
                0x00000000100045c4       0x13 CMakeFiles/pwm_test.dir/home/luka/pico/pico-sdk/src/rp2_common/hardware_irq/irq.c.obj
 *fill*         0x00000000100045d7        0x1 
 .rodata.__func__.3
                0x00000000100045d8        0xc CMakeFiles/pwm_test.dir/home/luka/pico/pico-sdk/src/rp2_common/hardware_irq/irq.c.obj
 .rodata.__func__.4
                0x00000000100045e4        0xf CMakeFiles/pwm_test.dir/home/luka/pico/pico-sdk/src/rp2_common/hardware_irq/irq.c.obj
 *fill*         0x00000000100045f3        0x1 
 .rodata.__func__.6
                0x00000000100045f4       0x1a CMakeFiles/pwm_test.dir/home/luka/pico/pico-sdk/src/rp2_common/hardware_irq/irq.c.obj
 *fill*         0x000000001000460e        0x2 
 .rodata.str1.4
                0x0000000010004610       0xe9 CMakeFiles/pwm_test.dir/home/luka/pico/pico-sdk/src/common/pico_sync/mutex.c.obj
 *fill*         0x00000000100046f9        0x3 
 .rodata.__func__.1
                0x00000000100046fc        0xb CMakeFiles/pwm_test.dir/home/luka/pico/pico-sdk/src/common/pico_sync/mutex.c.obj
 *fill*         0x0000000010004707        0x1 
 .rodata.__func__.3
                0x0000000010004708       0x18 CMakeFiles/pwm_test.dir/home/luka/pico/pico-sdk/src/common/pico_sync/mutex.c.obj
 .rodata.repeating_timer_callback.str1.4
                0x0000000010004720       0x49 CMakeFiles/pwm_test.dir/home/luka/pico/pico-sdk/src/common/pico_time/time.c.obj
 *fill*         0x0000000010004769        0x3 
 .rodata.timer_pool_entry_comparator.str1.4
                0x000000001000476c       0x22 CMakeFiles/pwm_test.dir/home/luka/pico/pico-sdk/src/common/pico_time/time.c.obj
 *fill*         0x000000001000478e        0x2 
 .rodata.ph_add_child_node.str1.4
                0x0000000010004790       0x92 CMakeFiles/pwm_test.dir/home/luka/pico/pico-sdk/src/common/pico_time/time.c.obj
 *fill*         0x0000000010004822        0x2 
 .rodata.add_alarm_under_lock.str1.4
                0x0000000010004824       0x28 CMakeFiles/pwm_test.dir/home/luka/pico/pico-sdk/src/common/pico_time/time.c.obj
                                         0x2b (size before relaxing)
 .rodata.alarm_pool_alarm_callback.str1.4
                0x000000001000484c       0x98 CMakeFiles/pwm_test.dir/home/luka/pico/pico-sdk/src/common/pico_time/time.c.obj
                                         0xf8 (size before relaxing)
 .rodata.alarm_pool_get_default.str1.4
                0x00000000100048e4       0x21 CMakeFiles/pwm_test.dir/home/luka/pico/pico-sdk/src/common/pico_time/time.c.obj
 *fill*         0x0000000010004905        0x3 
 .rodata.alarm_pool_cancel_alarm.str1.4
                0x0000000010004908       0x27 CMakeFiles/pwm_test.dir/home/luka/pico/pico-sdk/src/common/pico_time/time.c.obj
 *fill*         0x000000001000492f        0x1 
 .rodata.__func__.1
                0x0000000010004930       0x18 CMakeFiles/pwm_test.dir/home/luka/pico/pico-sdk/src/common/pico_time/time.c.obj
 .rodata.__func__.10
                0x0000000010004948       0x15 CMakeFiles/pwm_test.dir/home/luka/pico/pico-sdk/src/common/pico_time/time.c.obj
 *fill*         0x000000001000495d        0x3 
 .rodata.__func__.11
                0x0000000010004960       0x1a CMakeFiles/pwm_test.dir/home/luka/pico/pico-sdk/src/common/pico_time/time.c.obj
 *fill*         0x000000001000497a        0x2 
 .rodata.__func__.12
                0x000000001000497c        0xa CMakeFiles/pwm_test.dir/home/luka/pico/pico-sdk/src/common/pico_time/time.c.obj
 *fill*         0x0000000010004986        0x2 
 .rodata.__func__.3
                0x0000000010004988       0x17 CMakeFiles/pwm_test.dir/home/luka/pico/pico-sdk/src/common/pico_time/time.c.obj
 *fill*         0x000000001000499f        0x1 
 .rodata.__func__.4
                0x00000000100049a0       0x12 CMakeFiles/pwm_test.dir/home/luka/pico/pico-sdk/src/common/pico_time/time.c.obj
 *fill*         0x00000000100049b2        0x2 
 .rodata.__func__.5
                0x00000000100049b4        0xd CMakeFiles/pwm_test.dir/home/luka/pico/pico-sdk/src/common/pico_time/time.c.obj
 *fill*         0x00000000100049c1        0x3 
 .rodata.__func__.6
                0x00000000100049c4       0x12 CMakeFiles/pwm_test.dir/home/luka/pico/pico-sdk/src/common/pico_time/time.c.obj
 *fill*         0x00000000100049d6        0x2 
 .rodata.__func__.7
                0x00000000100049d8        0xf CMakeFiles/pwm_test.dir/home/luka/pico/pico-sdk/src/common/pico_time/time.c.obj
 *fill*         0x00000000100049e7        0x1 
 .rodata.__func__.8
                0x00000000100049e8        0xc CMakeFiles/pwm_test.dir/home/luka/pico/pico-sdk/src/common/pico_time/time.c.obj
 .rodata.__func__.9
                0x00000000100049f4       0x15 CMakeFiles/pwm_test.dir/home/luka/pico/pico-sdk/src/common/pico_time/time.c.obj
 *fill*         0x0000000010004a09        0x3 
 .rodata.hardware_alarm_claim.str1.4
                0x0000000010004a0c       0x22 CMakeFiles/pwm_test.dir/home/luka/pico/pico-sdk/src/rp2_common/hardware_timer/timer.c.obj
 *fill*         0x0000000010004a2e        0x2 
 .rodata.hardware_alarm_set_target.str1.4
                0x0000000010004a30       0x63 CMakeFiles/pwm_test.dir/home/luka/pico/pico-sdk/src/rp2_common/hardware_timer/timer.c.obj
 *fill*         0x0000000010004a93        0x1 
 .rodata.__func__.0
                0x0000000010004a94       0x1a CMakeFiles/pwm_test.dir/home/luka/pico/pico-sdk/src/rp2_common/hardware_timer/timer.c.obj
 .rodata.ph_add_child_node.str1.4
                0x0000000010004aae       0x92 CMakeFiles/pwm_test.dir/home/luka/pico/pico-sdk/src/common/pico_util/pheap.c.obj
 *fill*         0x0000000010004aae        0x2 
 .rodata.ph_remove_any_head.str1.4
                0x0000000010004ab0       0x8c CMakeFiles/pwm_test.dir/home/luka/pico/pico-sdk/src/common/pico_util/pheap.c.obj
                                         0xa0 (size before relaxing)
 .rodata.ph_remove_and_free_node.str1.4
                0x0000000010004b3c       0x1e CMakeFiles/pwm_test.dir/home/luka/pico/pico-sdk/src/common/pico_util/pheap.c.obj
                                         0x26 (size before relaxing)
 *fill*         0x0000000010004b5a        0x2 
 .rodata.__func__.0
                0x0000000010004b5c       0x18 CMakeFiles/pwm_test.dir/home/luka/pico/pico-sdk/src/common/pico_util/pheap.c.obj
 .rodata.__func__.1
                0x0000000010004b74       0x13 CMakeFiles/pwm_test.dir/home/luka/pico/pico-sdk/src/common/pico_util/pheap.c.obj
 *fill*         0x0000000010004b87        0x1 
 .rodata.__func__.2
                0x0000000010004b88       0x12 CMakeFiles/pwm_test.dir/home/luka/pico/pico-sdk/src/common/pico_util/pheap.c.obj
 *fill*         0x0000000010004b9a        0x2 
 .rodata.__func__.3
                0x0000000010004b9c        0xc CMakeFiles/pwm_test.dir/home/luka/pico/pico-sdk/src/common/pico_util/pheap.c.obj
 .rodata.clock_configure.str1.4
                0x0000000010004ba8       0x55 CMakeFiles/pwm_test.dir/home/luka/pico/pico-sdk/src/rp2_common/hardware_clocks/clocks.c.obj
 *fill*         0x0000000010004bfd        0x3 
 .rodata.__func__.1
                0x0000000010004c00       0x10 CMakeFiles/pwm_test.dir/home/luka/pico/pico-sdk/src/rp2_common/hardware_clocks/clocks.c.obj
 .rodata.pll_init.str1.4
                0x0000000010004c10      0x11f CMakeFiles/pwm_test.dir/home/luka/pico/pico-sdk/src/rp2_common/hardware_pll/pll.c.obj
 *fill*         0x0000000010004d2f        0x1 
 .rodata.__func__.0
                0x0000000010004d30        0x9 CMakeFiles/pwm_test.dir/home/luka/pico/pico-sdk/src/rp2_common/hardware_pll/pll.c.obj
 *fill*         0x0000000010004d39        0x3 
 .rodata.__assert_func.str1.4
                0x0000000010004d3c       0x3f CMakeFiles/pwm_test.dir/home/luka/pico/pico-sdk/src/rp2_common/pico_runtime/runtime.c.obj
                                         0x43 (size before relaxing)
 *fill*         0x0000000010004d7b        0x1 
 .rodata.runtime_init.str1.4
                0x0000000010004d7c       0x5f CMakeFiles/pwm_test.dir/home/luka/pico/pico-sdk/src/rp2_common/pico_runtime/runtime.c.obj
 *fill*         0x0000000010004ddb        0x1 
 .rodata.panic.str1.4
                0x0000000010004ddc       0x12 CMakeFiles/pwm_test.dir/home/luka/pico/pico-sdk/src/rp2_common/pico_runtime/runtime.c.obj
 *fill*         0x0000000010004dee        0x2 
 .rodata.__func__.2
                0x0000000010004df0        0xd CMakeFiles/pwm_test.dir/home/luka/pico/pico-sdk/src/rp2_common/pico_runtime/runtime.c.obj
 *fill*         0x0000000010004dfd        0x3 
 .rodata._ftoa.str1.4
                0x0000000010004e00       0x15 CMakeFiles/pwm_test.dir/home/luka/pico/pico-sdk/src/rp2_common/pico_printf/printf.c.obj
 *fill*         0x0000000010004e15        0x3 
 .rodata._vsnprintf
                0x0000000010004e18      0x1e0 CMakeFiles/pwm_test.dir/home/luka/pico/pico-sdk/src/rp2_common/pico_printf/printf.c.obj
 .rodata.pow10.0
                0x0000000010004ff8       0x50 CMakeFiles/pwm_test.dir/home/luka/pico/pico-sdk/src/rp2_common/pico_printf/printf.c.obj
 .rodata.__aeabi_double_init.str1.4
                0x0000000010005048       0xa6 CMakeFiles/pwm_test.dir/home/luka/pico/pico-sdk/src/rp2_common/pico_double/double_init_rom.c.obj
 *fill*         0x00000000100050ee        0x2 
 .rodata.__func__.0
                0x00000000100050f0       0x14 CMakeFiles/pwm_test.dir/home/luka/pico/pico-sdk/src/rp2_common/pico_double/double_init_rom.c.obj
 .rodata.__aeabi_float_init.str1.4
                0x0000000010005104       0x78 CMakeFiles/pwm_test.dir/home/luka/pico/pico-sdk/src/rp2_common/pico_float/float_init_rom.c.obj
                                         0x7c (size before relaxing)
 .rodata.__func__.0
                0x000000001000517c       0x13 CMakeFiles/pwm_test.dir/home/luka/pico/pico-sdk/src/rp2_common/pico_float/float_init_rom.c.obj
 *fill*         0x000000001000518f        0x1 
 .rodata.str1.4
                0x0000000010005190       0x40 CMakeFiles/pwm_test.dir/home/luka/pico/pico-sdk/src/rp2_common/pico_standard_link/binary_info.c.obj
 .rodata.__bi_44
                0x00000000100051d0        0xc CMakeFiles/pwm_test.dir/home/luka/pico/pico-sdk/src/rp2_common/pico_standard_link/binary_info.c.obj
 .rodata.__bi_75
                0x00000000100051dc        0xc CMakeFiles/pwm_test.dir/home/luka/pico/pico-sdk/src/rp2_common/pico_standard_link/binary_info.c.obj
 .rodata.__bi_81
                0x00000000100051e8        0xc CMakeFiles/pwm_test.dir/home/luka/pico/pico-sdk/src/rp2_common/pico_standard_link/binary_info.c.obj
 .rodata.stdout_serialize_begin.str1.4
                0x00000000100051f4       0x5f CMakeFiles/pwm_test.dir/home/luka/pico/pico-sdk/src/rp2_common/pico_stdio/stdio.c.obj
 .rodata.__func__.3
                0x00000000100051f4       0x15 CMakeFiles/pwm_test.dir/home/luka/pico/pico-sdk/src/rp2_common/pico_stdio/stdio.c.obj
 *fill*         0x0000000010005209        0x3 
 .rodata.crlf_str.2
                0x000000001000520c        0x2 CMakeFiles/pwm_test.dir/home/luka/pico/pico-sdk/src/rp2_common/pico_stdio/stdio.c.obj
                0x0000000010005210                . = ALIGN (0x4)
 *fill*         0x000000001000520e        0x2 
 *(SORT_BY_ALIGNMENT(SORT_BY_NAME(.flashdata*)))
                0x0000000010005210                . = ALIGN (0x4)

.rel.dyn        0x0000000010005210        0x0
 .rel.iplt      0x0000000010005210        0x0 /usr/lib/gcc/arm-none-eabi/10.3.1/thumb/v6-m/nofp/crtbegin.o

.ARM.extab
 *(.ARM.extab* .gnu.linkonce.armextab.*)
                0x0000000010005210                __exidx_start = .

.ARM.exidx
 *(.ARM.exidx* .gnu.linkonce.armexidx.*)
                0x0000000010005210                __exidx_end = .
                0x0000000010005210                . = ALIGN (0x4)
                0x0000000010005210                __binary_info_start = .

.binary_info    0x0000000010005210       0x1c
 *(.binary_info.keep.*)
 .binary_info.keep.__bi_ptr22
                0x0000000010005210        0x4 CMakeFiles/pwm_test.dir/home/luka/pico/pico-sdk/src/rp2_common/pico_standard_link/binary_info.c.obj
 .binary_info.keep.__bi_ptr30
                0x0000000010005214        0x4 CMakeFiles/pwm_test.dir/home/luka/pico/pico-sdk/src/rp2_common/pico_standard_link/binary_info.c.obj
 .binary_info.keep.__bi_ptr38
                0x0000000010005218        0x4 CMakeFiles/pwm_test.dir/home/luka/pico/pico-sdk/src/rp2_common/pico_standard_link/binary_info.c.obj
 .binary_info.keep.__bi_ptr44
                0x000000001000521c        0x4 CMakeFiles/pwm_test.dir/home/luka/pico/pico-sdk/src/rp2_common/pico_standard_link/binary_info.c.obj
 .binary_info.keep.__bi_ptr50
                0x0000000010005220        0x4 CMakeFiles/pwm_test.dir/home/luka/pico/pico-sdk/src/rp2_common/pico_standard_link/binary_info.c.obj
 .binary_info.keep.__bi_ptr75
                0x0000000010005224        0x4 CMakeFiles/pwm_test.dir/home/luka/pico/pico-sdk/src/rp2_common/pico_standard_link/binary_info.c.obj
 .binary_info.keep.__bi_ptr81
                0x0000000010005228        0x4 CMakeFiles/pwm_test.dir/home/luka/pico/pico-sdk/src/rp2_common/pico_standard_link/binary_info.c.obj
 *(.binary_info.*)
                0x000000001000522c                __binary_info_end = .
                0x000000001000522c                . = ALIGN (0x4)
                0x000000001000522c                __etext = .

.ram_vector_table
                0x0000000020000000       0xc0
 *(.ram_vector_table)
 .ram_vector_table
                0x0000000020000000       0xc0 CMakeFiles/pwm_test.dir/home/luka/pico/pico-sdk/src/rp2_common/pico_runtime/runtime.c.obj
                0x0000000020000000                ram_vector_table

.data           0x00000000200000c0      0x22c load address 0x000000001000522c
                0x00000000200000c0                __data_start__ = .
 *(vtable)
 *(.time_critical*)
 .time_critical.mutex_try_enter
                0x00000000200000c0       0x46 CMakeFiles/pwm_test.dir/home/luka/pico/pico-sdk/src/common/pico_sync/mutex.c.obj
                0x00000000200000c0                mutex_try_enter
 *fill*         0x0000000020000106        0x2 
 .time_critical.mutex_enter_block_until
                0x0000000020000108       0x8c CMakeFiles/pwm_test.dir/home/luka/pico/pico-sdk/src/common/pico_sync/mutex.c.obj
                0x0000000020000108                mutex_enter_block_until
 .time_critical.mutex_try_enter_block_until
                0x0000000020000194       0x34 CMakeFiles/pwm_test.dir/home/luka/pico/pico-sdk/src/common/pico_sync/mutex.c.obj
                0x0000000020000194                mutex_try_enter_block_until
 .time_critical.mutex_exit
                0x00000000200001c8       0x4c CMakeFiles/pwm_test.dir/home/luka/pico/pico-sdk/src/common/pico_sync/mutex.c.obj
                0x00000000200001c8                mutex_exit
 *(.text*)
 .text          0x0000000020000214        0x4 /usr/lib/gcc/arm-none-eabi/10.3.1/thumb/v6-m/nofp/libgcc.a(_dvmd_tls.o)
                0x0000000020000214                __aeabi_ldiv0
                0x0000000020000214                __aeabi_idiv0
 .text.__stub   0x0000000020000218       0x20 linker stubs
                0x0000000020000238                . = ALIGN (0x4)
 *(.rodata*)
                0x0000000020000238                . = ALIGN (0x4)
 *(.data*)
 .data.striped_spin_lock_num
                0x0000000020000238        0x1 CMakeFiles/pwm_test.dir/home/luka/pico/pico-sdk/src/rp2_common/hardware_sync/sync.c.obj
 *fill*         0x0000000020000239        0x3 
 .data          0x000000002000023c       0x48 CMakeFiles/pwm_test.dir/home/luka/pico/pico-sdk/src/rp2_common/hardware_irq/irq_handler_chain.S.obj
                0x000000002000023c                irq_handler_chain_slots
                0x000000002000026c                irq_handler_chain_first_slot
                0x0000000020000276                irq_handler_chain_remove_tail
 .data.default_alarm_pool
                0x0000000020000284       0x18 CMakeFiles/pwm_test.dir/home/luka/pico/pico-sdk/src/common/pico_time/time.c.obj
 .data.default_alarm_pool_heap
                0x000000002000029c       0x10 CMakeFiles/pwm_test.dir/home/luka/pico/pico-sdk/src/common/pico_time/time.c.obj
 *fill*         0x00000000200002ac        0x4 
 .data.aeabi_bits_funcs
                0x00000000200002b0       0x10 CMakeFiles/pwm_test.dir/home/luka/pico/pico-sdk/src/rp2_common/pico_bit_ops/bit_ops_aeabi.S.obj
                0x00000000200002b0                aeabi_bits_funcs
                0x00000000200002c0                aeabi_bits_funcs_end
 .data.aeabi_mem_funcs
                0x00000000200002c0       0x10 CMakeFiles/pwm_test.dir/home/luka/pico/pico-sdk/src/rp2_common/pico_mem_ops/mem_ops_aeabi.S.obj
                0x00000000200002c0                aeabi_mem_funcs
                0x00000000200002d0                aeabi_mem_funcs_end
                0x00000000200002d0                . = ALIGN (0x4)
 *(.after_data.*)
                0x00000000200002d0                . = ALIGN (0x4)
                0x00000000200002d0                PROVIDE (__mutex_array_start = .)
 *(SORT_BY_NAME(.mutex_array.*))
 *(.mutex_array)
 .mutex_array   0x00000000200002d0        0x8 CMakeFiles/pwm_test.dir/home/luka/pico/pico-sdk/src/rp2_common/pico_stdio/stdio.c.obj
                0x00000000200002d8                PROVIDE (__mutex_array_end = .)
                0x00000000200002d8                . = ALIGN (0x4)
                0x00000000200002d8                PROVIDE (__preinit_array_start = .)
 *(SORT_BY_NAME(.preinit_array.*))
 .preinit_array.00001
                0x00000000200002d8        0x4 CMakeFiles/pwm_test.dir/home/luka/pico/pico-sdk/src/rp2_common/pico_mem_ops/mem_ops_aeabi.S.obj
 .preinit_array.00010
                0x00000000200002dc        0x4 CMakeFiles/pwm_test.dir/home/luka/pico/pico-sdk/src/rp2_common/pico_bit_ops/bit_ops_aeabi.S.obj
 .preinit_array.00020
                0x00000000200002e0        0x4 CMakeFiles/pwm_test.dir/home/luka/pico/pico-sdk/src/rp2_common/pico_double/double_aeabi.S.obj
 .preinit_array.00020
                0x00000000200002e4        0x4 CMakeFiles/pwm_test.dir/home/luka/pico/pico-sdk/src/rp2_common/pico_float/float_aeabi.S.obj
 *(.preinit_array)
                0x00000000200002e8                PROVIDE (__preinit_array_end = .)
                0x00000000200002e8                . = ALIGN (0x4)
                0x00000000200002e8                PROVIDE (__init_array_start = .)
 *(SORT_BY_NAME(.init_array.*))
 *(.init_array)
 .init_array    0x00000000200002e8        0x4 /usr/lib/gcc/arm-none-eabi/10.3.1/thumb/v6-m/nofp/crtbegin.o
                0x00000000200002ec                PROVIDE (__init_array_end = .)
                0x00000000200002ec                . = ALIGN (0x4)
                0x00000000200002ec                PROVIDE (__fini_array_start = .)
 *(SORT_BY_NAME(.fini_array.*))
 *(.fini_array)
                0x00000000200002ec                PROVIDE (__fini_array_end = .)
 *(.jcr)
                0x00000000200002ec                . = ALIGN (0x4)
                0x00000000200002ec                __data_end__ = .

.tm_clone_table
                0x00000000200002ec        0x0 load address 0x0000000010005458
 .tm_clone_table
                0x00000000200002ec        0x0 /usr/lib/gcc/arm-none-eabi/10.3.1/thumb/v6-m/nofp/crtbegin.o
 .tm_clone_table
                0x00000000200002ec        0x0 /usr/lib/gcc/arm-none-eabi/10.3.1/thumb/v6-m/nofp/crtend.o

.igot.plt       0x00000000200002ec        0x0 load address 0x0000000010005458
 .igot.plt      0x00000000200002ec        0x0 /usr/lib/gcc/arm-none-eabi/10.3.1/thumb/v6-m/nofp/crtbegin.o

.uninitialized_data
                0x00000000200002ec        0x0 load address 0x0000000010005458
                0x00000000200002ec                . = ALIGN (0x4)
 *(.uninitialized_data*)

.scratch_x      0x0000000020040000        0x0 load address 0x0000000010005458
                0x0000000020040000                __scratch_x_start__ = .
 *(.scratch_x.*)
                0x0000000020040000                . = ALIGN (0x4)
                0x0000000020040000                __scratch_x_end__ = .
                0x0000000010005458                __scratch_x_source__ = LOADADDR (.scratch_x)

.scratch_y      0x0000000020041000        0x0 load address 0x0000000010005458
                0x0000000020041000                __scratch_y_start__ = .
 *(.scratch_y.*)
                0x0000000020041000                . = ALIGN (0x4)
                0x0000000020041000                __scratch_y_end__ = .
                0x0000000010005458                __scratch_y_source__ = LOADADDR (.scratch_y)

.bss            0x00000000200002f0      0x3c8
                0x00000000200002f0                . = ALIGN (0x4)
                0x00000000200002f0                __bss_start__ = .
 *(SORT_BY_ALIGNMENT(SORT_BY_NAME(.bss*)))
 .bss.default_alarm_pool_entries
                0x00000000200002f0      0x100 CMakeFiles/pwm_test.dir/home/luka/pico/pico-sdk/src/common/pico_time/time.c.obj
 .bss           0x00000000200003f0       0x1c /usr/lib/gcc/arm-none-eabi/10.3.1/thumb/v6-m/nofp/crtbegin.o
 .bss.alarm_callbacks
                0x000000002000040c       0x10 CMakeFiles/pwm_test.dir/home/luka/pico/pico-sdk/src/rp2_common/hardware_timer/timer.c.obj
 .bss.configured_freq
                0x000000002000041c       0x28 CMakeFiles/pwm_test.dir/home/luka/pico/pico-sdk/src/rp2_common/hardware_clocks/clocks.c.obj
 .bss.default_alarm_pool_entry_ids_high
                0x0000000020000444       0x10 CMakeFiles/pwm_test.dir/home/luka/pico/pico-sdk/src/common/pico_time/time.c.obj
 .bss.default_alarm_pool_heap_nodes
                0x0000000020000454       0x30 CMakeFiles/pwm_test.dir/home/luka/pico/pico-sdk/src/common/pico_time/time.c.obj
 .bss.drivers   0x0000000020000484        0x4 CMakeFiles/pwm_test.dir/home/luka/pico/pico-sdk/src/rp2_common/pico_stdio/stdio.c.obj
 .bss.filter    0x0000000020000488        0x4 CMakeFiles/pwm_test.dir/home/luka/pico/pico-sdk/src/rp2_common/pico_stdio/stdio.c.obj
 .bss.pools     0x000000002000048c       0x10 CMakeFiles/pwm_test.dir/home/luka/pico/pico-sdk/src/common/pico_time/time.c.obj
 .bss.sd_table  0x000000002000049c      0x100 CMakeFiles/pwm_test.dir/home/luka/pico/pico-sdk/src/rp2_common/pico_double/double_init_rom.c.obj
                0x000000002000049c                sd_table
 .bss.sf_clz_func
                0x000000002000059c        0x4 CMakeFiles/pwm_test.dir/home/luka/pico/pico-sdk/src/rp2_common/pico_double/double_init_rom.c.obj
                0x000000002000059c                sf_clz_func
 .bss.sf_table  0x00000000200005a0      0x100 CMakeFiles/pwm_test.dir/home/luka/pico/pico-sdk/src/rp2_common/pico_float/float_init_rom.c.obj
                0x00000000200005a0                sf_table
 .bss.sleep_notifier
                0x00000000200006a0        0x4 CMakeFiles/pwm_test.dir/home/luka/pico/pico-sdk/src/common/pico_time/time.c.obj
 .bss.target_hi
                0x00000000200006a4       0x10 CMakeFiles/pwm_test.dir/home/luka/pico/pico-sdk/src/rp2_common/hardware_timer/timer.c.obj
 .bss.claimed   0x00000000200006b4        0x1 CMakeFiles/pwm_test.dir/home/luka/pico/pico-sdk/src/rp2_common/hardware_timer/timer.c.obj
 .bss.irq_hander_chain_free_slot_head
                0x00000000200006b5        0x1 CMakeFiles/pwm_test.dir/home/luka/pico/pico-sdk/src/rp2_common/hardware_irq/irq.c.obj
 .bss.timer_callbacks_pending
                0x00000000200006b6        0x1 CMakeFiles/pwm_test.dir/home/luka/pico/pico-sdk/src/rp2_common/hardware_timer/timer.c.obj
 *(COMMON)
                0x00000000200006b8                . = ALIGN (0x4)
 *fill*         0x00000000200006b7        0x1 
                0x00000000200006b8                __bss_end__ = .

.heap           0x00000000200006b8      0x800
                0x00000000200006b8                __end__ = .
                0x00000000200006b8                end = __end__
 *(.heap*)
 .heap          0x00000000200006b8      0x800 CMakeFiles/pwm_test.dir/home/luka/pico/pico-sdk/src/rp2_common/pico_standard_link/crt0.S.obj
                0x0000000020000eb8                __HeapLimit = .

.stack1_dummy   0x0000000020040000        0x0
 *(.stack1*)

.stack_dummy    0x0000000020041000      0x800
 *(.stack*)
 .stack         0x0000000020041000      0x800 CMakeFiles/pwm_test.dir/home/luka/pico/pico-sdk/src/rp2_common/pico_standard_link/crt0.S.obj

.flash_end      0x0000000010005458        0x0
                0x0000000010005458                __flash_binary_end = .
                0x0000000020040000                __StackLimit = (ORIGIN (RAM) + LENGTH (RAM))
                0x0000000020041000                __StackOneTop = (ORIGIN (SCRATCH_X) + LENGTH (SCRATCH_X))
                0x0000000020042000                __StackTop = (ORIGIN (SCRATCH_Y) + LENGTH (SCRATCH_Y))
                0x0000000020041000                __StackOneBottom = (__StackOneTop - SIZEOF (.stack1_dummy))
                0x0000000020041800                __StackBottom = (__StackTop - SIZEOF (.stack_dummy))
                0x0000000020042000                PROVIDE (__stack = __StackTop)
                0x0000000000000001                ASSERT ((__StackLimit >= __HeapLimit), region RAM overflowed)
                0x0000000000000001                ASSERT (((__binary_info_header_end - __logical_binary_start) <= 0x100), Binary info must be in first 256 bytes of the binary)
LOAD CMakeFiles/pwm_test.dir/pwm_test.c.obj
LOAD CMakeFiles/pwm_test.dir/home/luka/pico/pico-sdk/src/rp2_common/pico_stdlib/stdlib.c.obj
LOAD CMakeFiles/pwm_test.dir/home/luka/pico/pico-sdk/src/rp2_common/hardware_gpio/gpio.c.obj
LOAD CMakeFiles/pwm_test.dir/home/luka/pico/pico-sdk/src/rp2_common/pico_platform/platform.c.obj
LOAD CMakeFiles/pwm_test.dir/home/luka/pico/pico-sdk/src/rp2_common/hardware_claim/claim.c.obj
LOAD CMakeFiles/pwm_test.dir/home/luka/pico/pico-sdk/src/rp2_common/hardware_sync/sync.c.obj
LOAD CMakeFiles/pwm_test.dir/home/luka/pico/pico-sdk/src/rp2_common/hardware_irq/irq.c.obj
LOAD CMakeFiles/pwm_test.dir/home/luka/pico/pico-sdk/src/rp2_common/hardware_irq/irq_handler_chain.S.obj
LOAD CMakeFiles/pwm_test.dir/home/luka/pico/pico-sdk/src/common/pico_sync/sem.c.obj
LOAD CMakeFiles/pwm_test.dir/home/luka/pico/pico-sdk/src/common/pico_sync/lock_core.c.obj
LOAD CMakeFiles/pwm_test.dir/home/luka/pico/pico-sdk/src/common/pico_sync/mutex.c.obj
LOAD CMakeFiles/pwm_test.dir/home/luka/pico/pico-sdk/src/common/pico_sync/critical_section.c.obj
LOAD CMakeFiles/pwm_test.dir/home/luka/pico/pico-sdk/src/common/pico_time/time.c.obj
LOAD CMakeFiles/pwm_test.dir/home/luka/pico/pico-sdk/src/common/pico_time/timeout_helper.c.obj
LOAD CMakeFiles/pwm_test.dir/home/luka/pico/pico-sdk/src/rp2_common/hardware_timer/timer.c.obj
LOAD CMakeFiles/pwm_test.dir/home/luka/pico/pico-sdk/src/common/pico_util/datetime.c.obj
LOAD CMakeFiles/pwm_test.dir/home/luka/pico/pico-sdk/src/common/pico_util/pheap.c.obj
LOAD CMakeFiles/pwm_test.dir/home/luka/pico/pico-sdk/src/common/pico_util/queue.c.obj
LOAD CMakeFiles/pwm_test.dir/home/luka/pico/pico-sdk/src/rp2_common/hardware_uart/uart.c.obj
LOAD CMakeFiles/pwm_test.dir/home/luka/pico/pico-sdk/src/rp2_common/hardware_clocks/clocks.c.obj
LOAD CMakeFiles/pwm_test.dir/home/luka/pico/pico-sdk/src/rp2_common/hardware_pll/pll.c.obj
LOAD CMakeFiles/pwm_test.dir/home/luka/pico/pico-sdk/src/rp2_common/hardware_vreg/vreg.c.obj
LOAD CMakeFiles/pwm_test.dir/home/luka/pico/pico-sdk/src/rp2_common/hardware_watchdog/watchdog.c.obj
LOAD CMakeFiles/pwm_test.dir/home/luka/pico/pico-sdk/src/rp2_common/hardware_xosc/xosc.c.obj
LOAD CMakeFiles/pwm_test.dir/home/luka/pico/pico-sdk/src/rp2_common/hardware_divider/divider.S.obj
LOAD CMakeFiles/pwm_test.dir/home/luka/pico/pico-sdk/src/rp2_common/pico_runtime/runtime.c.obj
LOAD CMakeFiles/pwm_test.dir/home/luka/pico/pico-sdk/src/rp2_common/pico_printf/printf.c.obj
LOAD CMakeFiles/pwm_test.dir/home/luka/pico/pico-sdk/src/rp2_common/pico_bit_ops/bit_ops_aeabi.S.obj
LOAD CMakeFiles/pwm_test.dir/home/luka/pico/pico-sdk/src/rp2_common/pico_bootrom/bootrom.c.obj
LOAD CMakeFiles/pwm_test.dir/home/luka/pico/pico-sdk/src/rp2_common/pico_divider/divider.S.obj
LOAD CMakeFiles/pwm_test.dir/home/luka/pico/pico-sdk/src/rp2_common/pico_double/double_aeabi.S.obj
LOAD CMakeFiles/pwm_test.dir/home/luka/pico/pico-sdk/src/rp2_common/pico_double/double_init_rom.c.obj
LOAD CMakeFiles/pwm_test.dir/home/luka/pico/pico-sdk/src/rp2_common/pico_double/double_math.c.obj
LOAD CMakeFiles/pwm_test.dir/home/luka/pico/pico-sdk/src/rp2_common/pico_double/double_v1_rom_shim.S.obj
LOAD CMakeFiles/pwm_test.dir/home/luka/pico/pico-sdk/src/rp2_common/pico_int64_ops/pico_int64_ops_aeabi.S.obj
LOAD CMakeFiles/pwm_test.dir/home/luka/pico/pico-sdk/src/rp2_common/pico_float/float_aeabi.S.obj
LOAD CMakeFiles/pwm_test.dir/home/luka/pico/pico-sdk/src/rp2_common/pico_float/float_init_rom.c.obj
LOAD CMakeFiles/pwm_test.dir/home/luka/pico/pico-sdk/src/rp2_common/pico_float/float_math.c.obj
LOAD CMakeFiles/pwm_test.dir/home/luka/pico/pico-sdk/src/rp2_common/pico_float/float_v1_rom_shim.S.obj
LOAD CMakeFiles/pwm_test.dir/home/luka/pico/pico-sdk/src/rp2_common/pico_malloc/pico_malloc.c.obj
LOAD CMakeFiles/pwm_test.dir/home/luka/pico/pico-sdk/src/rp2_common/pico_mem_ops/mem_ops_aeabi.S.obj
LOAD CMakeFiles/pwm_test.dir/home/luka/pico/pico-sdk/src/rp2_common/pico_standard_link/crt0.S.obj
LOAD CMakeFiles/pwm_test.dir/home/luka/pico/pico-sdk/src/rp2_common/pico_standard_link/new_delete.cpp.obj
LOAD CMakeFiles/pwm_test.dir/home/luka/pico/pico-sdk/src/rp2_common/pico_standard_link/binary_info.c.obj
LOAD CMakeFiles/pwm_test.dir/home/luka/pico/pico-sdk/src/rp2_common/pico_stdio/stdio.c.obj
LOAD CMakeFiles/pwm_test.dir/home/luka/pico/pico-sdk/src/rp2_common/pico_stdio_uart/stdio_uart.c.obj
LOAD CMakeFiles/pwm_test.dir/home/luka/pico/pico-sdk/src/rp2_common/hardware_adc/adc.c.obj
LOAD /tmp/ccwckIwm.o
LOAD /usr/lib/gcc/arm-none-eabi/10.3.1/../../../arm-none-eabi/lib/thumb/v6-m/nofp/libstdc++.a
LOAD /usr/lib/gcc/arm-none-eabi/10.3.1/../../../arm-none-eabi/lib/thumb/v6-m/nofp/libm.a
START GROUP
LOAD /usr/lib/gcc/arm-none-eabi/10.3.1/thumb/v6-m/nofp/libgcc.a
LOAD /usr/lib/gcc/arm-none-eabi/10.3.1/../../../arm-none-eabi/lib/thumb/v6-m/nofp/libg.a
LOAD /usr/lib/gcc/arm-none-eabi/10.3.1/../../../arm-none-eabi/lib/thumb/v6-m/nofp/libc.a
END GROUP
START GROUP
LOAD /usr/lib/gcc/arm-none-eabi/10.3.1/thumb/v6-m/nofp/libgcc.a
LOAD /usr/lib/gcc/arm-none-eabi/10.3.1/../../../arm-none-eabi/lib/thumb/v6-m/nofp/libc.a
LOAD /usr/lib/gcc/arm-none-eabi/10.3.1/../../../arm-none-eabi/lib/thumb/v6-m/nofp/libnosys.a
END GROUP
LOAD /usr/lib/gcc/arm-none-eabi/10.3.1/thumb/v6-m/nofp/crtend.o
LOAD /usr/lib/gcc/arm-none-eabi/10.3.1/thumb/v6-m/nofp/crtn.o
OUTPUT(pwm_test.elf elf32-littlearm)
LOAD linker stubs

.ARM.attributes
                0x0000000000000000       0x28
 .ARM.attributes
                0x0000000000000000       0x1e /usr/lib/gcc/arm-none-eabi/10.3.1/thumb/v6-m/nofp/crti.o
 .ARM.attributes
                0x000000000000001e       0x2c /usr/lib/gcc/arm-none-eabi/10.3.1/thumb/v6-m/nofp/crtbegin.o
 .ARM.attributes
                0x000000000000004a       0x2c CMakeFiles/pwm_test.dir/pwm_test.c.obj
 .ARM.attributes
                0x0000000000000076       0x2c CMakeFiles/pwm_test.dir/home/luka/pico/pico-sdk/src/rp2_common/hardware_gpio/gpio.c.obj
 .ARM.attributes
                0x00000000000000a2       0x2c CMakeFiles/pwm_test.dir/home/luka/pico/pico-sdk/src/rp2_common/pico_platform/platform.c.obj
 .ARM.attributes
                0x00000000000000ce       0x2c CMakeFiles/pwm_test.dir/home/luka/pico/pico-sdk/src/rp2_common/hardware_claim/claim.c.obj
 .ARM.attributes
                0x00000000000000fa       0x2c CMakeFiles/pwm_test.dir/home/luka/pico/pico-sdk/src/rp2_common/hardware_sync/sync.c.obj
 .ARM.attributes
                0x0000000000000126       0x2c CMakeFiles/pwm_test.dir/home/luka/pico/pico-sdk/src/rp2_common/hardware_irq/irq.c.obj
 .ARM.attributes
                0x0000000000000152       0x22 CMakeFiles/pwm_test.dir/home/luka/pico/pico-sdk/src/rp2_common/hardware_irq/irq_handler_chain.S.obj
 .ARM.attributes
                0x0000000000000174       0x2c CMakeFiles/pwm_test.dir/home/luka/pico/pico-sdk/src/common/pico_sync/lock_core.c.obj
 .ARM.attributes
                0x00000000000001a0       0x2c CMakeFiles/pwm_test.dir/home/luka/pico/pico-sdk/src/common/pico_sync/mutex.c.obj
 .ARM.attributes
                0x00000000000001cc       0x2c CMakeFiles/pwm_test.dir/home/luka/pico/pico-sdk/src/common/pico_time/time.c.obj
 .ARM.attributes
                0x00000000000001f8       0x2c CMakeFiles/pwm_test.dir/home/luka/pico/pico-sdk/src/rp2_common/hardware_timer/timer.c.obj
 .ARM.attributes
                0x0000000000000224       0x2c CMakeFiles/pwm_test.dir/home/luka/pico/pico-sdk/src/common/pico_util/pheap.c.obj
 .ARM.attributes
                0x0000000000000250       0x2c CMakeFiles/pwm_test.dir/home/luka/pico/pico-sdk/src/rp2_common/hardware_clocks/clocks.c.obj
 .ARM.attributes
                0x000000000000027c       0x2c CMakeFiles/pwm_test.dir/home/luka/pico/pico-sdk/src/rp2_common/hardware_pll/pll.c.obj
 .ARM.attributes
                0x00000000000002a8       0x2c CMakeFiles/pwm_test.dir/home/luka/pico/pico-sdk/src/rp2_common/hardware_watchdog/watchdog.c.obj
 .ARM.attributes
                0x00000000000002d4       0x2c CMakeFiles/pwm_test.dir/home/luka/pico/pico-sdk/src/rp2_common/hardware_xosc/xosc.c.obj
 .ARM.attributes
                0x0000000000000300       0x2c CMakeFiles/pwm_test.dir/home/luka/pico/pico-sdk/src/rp2_common/pico_runtime/runtime.c.obj
 .ARM.attributes
                0x000000000000032c       0x2c CMakeFiles/pwm_test.dir/home/luka/pico/pico-sdk/src/rp2_common/pico_printf/printf.c.obj
 .ARM.attributes
                0x0000000000000358       0x22 CMakeFiles/pwm_test.dir/home/luka/pico/pico-sdk/src/rp2_common/pico_bit_ops/bit_ops_aeabi.S.obj
 .ARM.attributes
                0x000000000000037a       0x2c CMakeFiles/pwm_test.dir/home/luka/pico/pico-sdk/src/rp2_common/pico_bootrom/bootrom.c.obj
 .ARM.attributes
                0x00000000000003a6       0x22 CMakeFiles/pwm_test.dir/home/luka/pico/pico-sdk/src/rp2_common/pico_divider/divider.S.obj
 .ARM.attributes
                0x00000000000003c8       0x22 CMakeFiles/pwm_test.dir/home/luka/pico/pico-sdk/src/rp2_common/pico_double/double_aeabi.S.obj
 .ARM.attributes
                0x00000000000003ea       0x2c CMakeFiles/pwm_test.dir/home/luka/pico/pico-sdk/src/rp2_common/pico_double/double_init_rom.c.obj
 .ARM.attributes
                0x0000000000000416       0x22 CMakeFiles/pwm_test.dir/home/luka/pico/pico-sdk/src/rp2_common/pico_double/double_v1_rom_shim.S.obj
 .ARM.attributes
                0x0000000000000438       0x22 CMakeFiles/pwm_test.dir/home/luka/pico/pico-sdk/src/rp2_common/pico_float/float_aeabi.S.obj
 .ARM.attributes
                0x000000000000045a       0x2c CMakeFiles/pwm_test.dir/home/luka/pico/pico-sdk/src/rp2_common/pico_float/float_init_rom.c.obj
 .ARM.attributes
                0x0000000000000486       0x22 CMakeFiles/pwm_test.dir/home/luka/pico/pico-sdk/src/rp2_common/pico_float/float_v1_rom_shim.S.obj
 .ARM.attributes
                0x00000000000004a8       0x22 CMakeFiles/pwm_test.dir/home/luka/pico/pico-sdk/src/rp2_common/pico_mem_ops/mem_ops_aeabi.S.obj
 .ARM.attributes
                0x00000000000004ca       0x22 CMakeFiles/pwm_test.dir/home/luka/pico/pico-sdk/src/rp2_common/pico_standard_link/crt0.S.obj
 .ARM.attributes
                0x00000000000004ec       0x32 CMakeFiles/pwm_test.dir/home/luka/pico/pico-sdk/src/rp2_common/pico_standard_link/binary_info.c.obj
 .ARM.attributes
                0x000000000000051e       0x2c CMakeFiles/pwm_test.dir/home/luka/pico/pico-sdk/src/rp2_common/pico_stdio/stdio.c.obj
 .ARM.attributes
                0x000000000000054a       0x2c CMakeFiles/pwm_test.dir/home/luka/pico/pico-sdk/src/rp2_common/hardware_adc/adc.c.obj
 .ARM.attributes
                0x0000000000000576       0x22 /tmp/ccwckIwm.o
 .ARM.attributes
                0x0000000000000598       0x1e /usr/lib/gcc/arm-none-eabi/10.3.1/thumb/v6-m/nofp/libgcc.a(_dvmd_tls.o)
 .ARM.attributes
                0x00000000000005b6       0x2c /usr/lib/gcc/arm-none-eabi/10.3.1/../../../arm-none-eabi/lib/thumb/v6-m/nofp/libg.a(lib_a-strlen-stub.o)
 .ARM.attributes
                0x00000000000005e2       0x2c /usr/lib/gcc/arm-none-eabi/10.3.1/thumb/v6-m/nofp/crtend.o

.comment        0x0000000000000000       0x33
 .comment       0x0000000000000000       0x33 /usr/lib/gcc/arm-none-eabi/10.3.1/thumb/v6-m/nofp/crtbegin.o
                                         0x34 (size before relaxing)
 .comment       0x0000000000000033       0x34 CMakeFiles/pwm_test.dir/pwm_test.c.obj
 .comment       0x0000000000000033       0x34 CMakeFiles/pwm_test.dir/home/luka/pico/pico-sdk/src/rp2_common/hardware_gpio/gpio.c.obj
 .comment       0x0000000000000033       0x34 CMakeFiles/pwm_test.dir/home/luka/pico/pico-sdk/src/rp2_common/pico_platform/platform.c.obj
 .comment       0x0000000000000033       0x34 CMakeFiles/pwm_test.dir/home/luka/pico/pico-sdk/src/rp2_common/hardware_claim/claim.c.obj
 .comment       0x0000000000000033       0x34 CMakeFiles/pwm_test.dir/home/luka/pico/pico-sdk/src/rp2_common/hardware_sync/sync.c.obj
 .comment       0x0000000000000033       0x34 CMakeFiles/pwm_test.dir/home/luka/pico/pico-sdk/src/rp2_common/hardware_irq/irq.c.obj
 .comment       0x0000000000000033       0x34 CMakeFiles/pwm_test.dir/home/luka/pico/pico-sdk/src/common/pico_sync/lock_core.c.obj
 .comment       0x0000000000000033       0x34 CMakeFiles/pwm_test.dir/home/luka/pico/pico-sdk/src/common/pico_sync/mutex.c.obj
 .comment       0x0000000000000033       0x34 CMakeFiles/pwm_test.dir/home/luka/pico/pico-sdk/src/common/pico_time/time.c.obj
 .comment       0x0000000000000033       0x34 CMakeFiles/pwm_test.dir/home/luka/pico/pico-sdk/src/rp2_common/hardware_timer/timer.c.obj
 .comment       0x0000000000000033       0x34 CMakeFiles/pwm_test.dir/home/luka/pico/pico-sdk/src/common/pico_util/pheap.c.obj
 .comment       0x0000000000000033       0x34 CMakeFiles/pwm_test.dir/home/luka/pico/pico-sdk/src/rp2_common/hardware_clocks/clocks.c.obj
 .comment       0x0000000000000033       0x34 CMakeFiles/pwm_test.dir/home/luka/pico/pico-sdk/src/rp2_common/hardware_pll/pll.c.obj
 .comment       0x0000000000000033       0x34 CMakeFiles/pwm_test.dir/home/luka/pico/pico-sdk/src/rp2_common/hardware_watchdog/watchdog.c.obj
 .comment       0x0000000000000033       0x34 CMakeFiles/pwm_test.dir/home/luka/pico/pico-sdk/src/rp2_common/hardware_xosc/xosc.c.obj
 .comment       0x0000000000000033       0x34 CMakeFiles/pwm_test.dir/home/luka/pico/pico-sdk/src/rp2_common/pico_runtime/runtime.c.obj
 .comment       0x0000000000000033       0x34 CMakeFiles/pwm_test.dir/home/luka/pico/pico-sdk/src/rp2_common/pico_printf/printf.c.obj
 .comment       0x0000000000000033       0x34 CMakeFiles/pwm_test.dir/home/luka/pico/pico-sdk/src/rp2_common/pico_bootrom/bootrom.c.obj
 .comment       0x0000000000000033       0x34 CMakeFiles/pwm_test.dir/home/luka/pico/pico-sdk/src/rp2_common/pico_double/double_init_rom.c.obj
 .comment       0x0000000000000033       0x34 CMakeFiles/pwm_test.dir/home/luka/pico/pico-sdk/src/rp2_common/pico_float/float_init_rom.c.obj
 .comment       0x0000000000000033       0x34 CMakeFiles/pwm_test.dir/home/luka/pico/pico-sdk/src/rp2_common/pico_standard_link/binary_info.c.obj
 .comment       0x0000000000000033       0x34 CMakeFiles/pwm_test.dir/home/luka/pico/pico-sdk/src/rp2_common/pico_stdio/stdio.c.obj
 .comment       0x0000000000000033       0x34 CMakeFiles/pwm_test.dir/home/luka/pico/pico-sdk/src/rp2_common/hardware_adc/adc.c.obj
 .comment       0x0000000000000033       0x34 /usr/lib/gcc/arm-none-eabi/10.3.1/../../../arm-none-eabi/lib/thumb/v6-m/nofp/libg.a(lib_a-strlen-stub.o)
 .comment       0x0000000000000033       0x34 /usr/lib/gcc/arm-none-eabi/10.3.1/thumb/v6-m/nofp/crtend.o

.debug_info     0x0000000000000000    0x14eb8
 .debug_info    0x0000000000000000     0x1888 CMakeFiles/pwm_test.dir/pwm_test.c.obj
 .debug_info    0x0000000000001888     0x16b4 CMakeFiles/pwm_test.dir/home/luka/pico/pico-sdk/src/rp2_common/hardware_gpio/gpio.c.obj
 .debug_info    0x0000000000002f3c      0x1cb CMakeFiles/pwm_test.dir/home/luka/pico/pico-sdk/src/rp2_common/pico_platform/platform.c.obj
 .debug_info    0x0000000000003107      0x6a4 CMakeFiles/pwm_test.dir/home/luka/pico/pico-sdk/src/rp2_common/hardware_claim/claim.c.obj
 .debug_info    0x00000000000037ab      0x576 CMakeFiles/pwm_test.dir/home/luka/pico/pico-sdk/src/rp2_common/hardware_sync/sync.c.obj
 .debug_info    0x0000000000003d21     0x1c54 CMakeFiles/pwm_test.dir/home/luka/pico/pico-sdk/src/rp2_common/hardware_irq/irq.c.obj
 .debug_info    0x0000000000005975      0x198 CMakeFiles/pwm_test.dir/home/luka/pico/pico-sdk/src/common/pico_sync/lock_core.c.obj
 .debug_info    0x0000000000005b0d     0x2097 CMakeFiles/pwm_test.dir/home/luka/pico/pico-sdk/src/common/pico_sync/mutex.c.obj
 .debug_info    0x0000000000007ba4     0x402a CMakeFiles/pwm_test.dir/home/luka/pico/pico-sdk/src/common/pico_time/time.c.obj
 .debug_info    0x000000000000bbce     0x13b2 CMakeFiles/pwm_test.dir/home/luka/pico/pico-sdk/src/rp2_common/hardware_timer/timer.c.obj
 .debug_info    0x000000000000cf80     0x123b CMakeFiles/pwm_test.dir/home/luka/pico/pico-sdk/src/common/pico_util/pheap.c.obj
 .debug_info    0x000000000000e1bb      0xf5d CMakeFiles/pwm_test.dir/home/luka/pico/pico-sdk/src/rp2_common/hardware_clocks/clocks.c.obj
 .debug_info    0x000000000000f118      0x503 CMakeFiles/pwm_test.dir/home/luka/pico/pico-sdk/src/rp2_common/hardware_pll/pll.c.obj
 .debug_info    0x000000000000f61b      0x4ee CMakeFiles/pwm_test.dir/home/luka/pico/pico-sdk/src/rp2_common/hardware_watchdog/watchdog.c.obj
 .debug_info    0x000000000000fb09      0x1c0 CMakeFiles/pwm_test.dir/home/luka/pico/pico-sdk/src/rp2_common/hardware_xosc/xosc.c.obj
 .debug_info    0x000000000000fcc9     0x1028 CMakeFiles/pwm_test.dir/home/luka/pico/pico-sdk/src/rp2_common/pico_runtime/runtime.c.obj
 .debug_info    0x0000000000010cf1     0x1a47 CMakeFiles/pwm_test.dir/home/luka/pico/pico-sdk/src/rp2_common/pico_printf/printf.c.obj
 .debug_info    0x0000000000012738       0x22 CMakeFiles/pwm_test.dir/home/luka/pico/pico-sdk/src/rp2_common/pico_bit_ops/bit_ops_aeabi.S.obj
 .debug_info    0x000000000001275a      0x258 CMakeFiles/pwm_test.dir/home/luka/pico/pico-sdk/src/rp2_common/pico_bootrom/bootrom.c.obj
 .debug_info    0x00000000000129b2       0x22 CMakeFiles/pwm_test.dir/home/luka/pico/pico-sdk/src/rp2_common/pico_divider/divider.S.obj
 .debug_info    0x00000000000129d4       0x22 CMakeFiles/pwm_test.dir/home/luka/pico/pico-sdk/src/rp2_common/pico_double/double_aeabi.S.obj
 .debug_info    0x00000000000129f6      0x2a1 CMakeFiles/pwm_test.dir/home/luka/pico/pico-sdk/src/rp2_common/pico_double/double_init_rom.c.obj
 .debug_info    0x0000000000012c97       0x22 CMakeFiles/pwm_test.dir/home/luka/pico/pico-sdk/src/rp2_common/pico_double/double_v1_rom_shim.S.obj
 .debug_info    0x0000000000012cb9       0x22 CMakeFiles/pwm_test.dir/home/luka/pico/pico-sdk/src/rp2_common/pico_float/float_aeabi.S.obj
 .debug_info    0x0000000000012cdb      0x2bb CMakeFiles/pwm_test.dir/home/luka/pico/pico-sdk/src/rp2_common/pico_float/float_init_rom.c.obj
 .debug_info    0x0000000000012f96       0x22 CMakeFiles/pwm_test.dir/home/luka/pico/pico-sdk/src/rp2_common/pico_float/float_v1_rom_shim.S.obj
 .debug_info    0x0000000000012fb8       0x22 CMakeFiles/pwm_test.dir/home/luka/pico/pico-sdk/src/rp2_common/pico_mem_ops/mem_ops_aeabi.S.obj
 .debug_info    0x0000000000012fda       0x22 CMakeFiles/pwm_test.dir/home/luka/pico/pico-sdk/src/rp2_common/pico_standard_link/crt0.S.obj
 .debug_info    0x0000000000012ffc      0x2c6 CMakeFiles/pwm_test.dir/home/luka/pico/pico-sdk/src/rp2_common/pico_standard_link/binary_info.c.obj
 .debug_info    0x00000000000132c2     0x1821 CMakeFiles/pwm_test.dir/home/luka/pico/pico-sdk/src/rp2_common/pico_stdio/stdio.c.obj
 .debug_info    0x0000000000014ae3      0x2c1 CMakeFiles/pwm_test.dir/home/luka/pico/pico-sdk/src/rp2_common/hardware_adc/adc.c.obj
 .debug_info    0x0000000000014da4       0x26 /usr/lib/gcc/arm-none-eabi/10.3.1/thumb/v6-m/nofp/libgcc.a(_dvmd_tls.o)
 .debug_info    0x0000000000014dca       0xee /usr/lib/gcc/arm-none-eabi/10.3.1/../../../arm-none-eabi/lib/thumb/v6-m/nofp/libg.a(lib_a-strlen-stub.o)

.debug_abbrev   0x0000000000000000     0x3d29
 .debug_abbrev  0x0000000000000000      0x262 CMakeFiles/pwm_test.dir/pwm_test.c.obj
 .debug_abbrev  0x0000000000000262      0x339 CMakeFiles/pwm_test.dir/home/luka/pico/pico-sdk/src/rp2_common/hardware_gpio/gpio.c.obj
 .debug_abbrev  0x000000000000059b       0xeb CMakeFiles/pwm_test.dir/home/luka/pico/pico-sdk/src/rp2_common/pico_platform/platform.c.obj
 .debug_abbrev  0x0000000000000686      0x2e9 CMakeFiles/pwm_test.dir/home/luka/pico/pico-sdk/src/rp2_common/hardware_claim/claim.c.obj
 .debug_abbrev  0x000000000000096f      0x21b CMakeFiles/pwm_test.dir/home/luka/pico/pico-sdk/src/rp2_common/hardware_sync/sync.c.obj
 .debug_abbrev  0x0000000000000b8a      0x4e7 CMakeFiles/pwm_test.dir/home/luka/pico/pico-sdk/src/rp2_common/hardware_irq/irq.c.obj
 .debug_abbrev  0x0000000000001071      0x116 CMakeFiles/pwm_test.dir/home/luka/pico/pico-sdk/src/common/pico_sync/lock_core.c.obj
 .debug_abbrev  0x0000000000001187      0x397 CMakeFiles/pwm_test.dir/home/luka/pico/pico-sdk/src/common/pico_sync/mutex.c.obj
 .debug_abbrev  0x000000000000151e      0x571 CMakeFiles/pwm_test.dir/home/luka/pico/pico-sdk/src/common/pico_time/time.c.obj
 .debug_abbrev  0x0000000000001a8f      0x3b8 CMakeFiles/pwm_test.dir/home/luka/pico/pico-sdk/src/rp2_common/hardware_timer/timer.c.obj
 .debug_abbrev  0x0000000000001e47      0x297 CMakeFiles/pwm_test.dir/home/luka/pico/pico-sdk/src/common/pico_util/pheap.c.obj
 .debug_abbrev  0x00000000000020de      0x3a5 CMakeFiles/pwm_test.dir/home/luka/pico/pico-sdk/src/rp2_common/hardware_clocks/clocks.c.obj
 .debug_abbrev  0x0000000000002483      0x1ea CMakeFiles/pwm_test.dir/home/luka/pico/pico-sdk/src/rp2_common/hardware_pll/pll.c.obj
 .debug_abbrev  0x000000000000266d      0x1a8 CMakeFiles/pwm_test.dir/home/luka/pico/pico-sdk/src/rp2_common/hardware_watchdog/watchdog.c.obj
 .debug_abbrev  0x0000000000002815      0x109 CMakeFiles/pwm_test.dir/home/luka/pico/pico-sdk/src/rp2_common/hardware_xosc/xosc.c.obj
 .debug_abbrev  0x000000000000291e      0x4ba CMakeFiles/pwm_test.dir/home/luka/pico/pico-sdk/src/rp2_common/pico_runtime/runtime.c.obj
 .debug_abbrev  0x0000000000002dd8      0x384 CMakeFiles/pwm_test.dir/home/luka/pico/pico-sdk/src/rp2_common/pico_printf/printf.c.obj
 .debug_abbrev  0x000000000000315c       0x12 CMakeFiles/pwm_test.dir/home/luka/pico/pico-sdk/src/rp2_common/pico_bit_ops/bit_ops_aeabi.S.obj
 .debug_abbrev  0x000000000000316e      0x13b CMakeFiles/pwm_test.dir/home/luka/pico/pico-sdk/src/rp2_common/pico_bootrom/bootrom.c.obj
 .debug_abbrev  0x00000000000032a9       0x12 CMakeFiles/pwm_test.dir/home/luka/pico/pico-sdk/src/rp2_common/pico_divider/divider.S.obj
 .debug_abbrev  0x00000000000032bb       0x12 CMakeFiles/pwm_test.dir/home/luka/pico/pico-sdk/src/rp2_common/pico_double/double_aeabi.S.obj
 .debug_abbrev  0x00000000000032cd      0x179 CMakeFiles/pwm_test.dir/home/luka/pico/pico-sdk/src/rp2_common/pico_double/double_init_rom.c.obj
 .debug_abbrev  0x0000000000003446       0x12 CMakeFiles/pwm_test.dir/home/luka/pico/pico-sdk/src/rp2_common/pico_double/double_v1_rom_shim.S.obj
 .debug_abbrev  0x0000000000003458       0x12 CMakeFiles/pwm_test.dir/home/luka/pico/pico-sdk/src/rp2_common/pico_float/float_aeabi.S.obj
 .debug_abbrev  0x000000000000346a      0x18c CMakeFiles/pwm_test.dir/home/luka/pico/pico-sdk/src/rp2_common/pico_float/float_init_rom.c.obj
 .debug_abbrev  0x00000000000035f6       0x12 CMakeFiles/pwm_test.dir/home/luka/pico/pico-sdk/src/rp2_common/pico_float/float_v1_rom_shim.S.obj
 .debug_abbrev  0x0000000000003608       0x12 CMakeFiles/pwm_test.dir/home/luka/pico/pico-sdk/src/rp2_common/pico_mem_ops/mem_ops_aeabi.S.obj
 .debug_abbrev  0x000000000000361a       0x12 CMakeFiles/pwm_test.dir/home/luka/pico/pico-sdk/src/rp2_common/pico_standard_link/crt0.S.obj
 .debug_abbrev  0x000000000000362c       0xad CMakeFiles/pwm_test.dir/home/luka/pico/pico-sdk/src/rp2_common/pico_standard_link/binary_info.c.obj
 .debug_abbrev  0x00000000000036d9      0x4a5 CMakeFiles/pwm_test.dir/home/luka/pico/pico-sdk/src/rp2_common/pico_stdio/stdio.c.obj
 .debug_abbrev  0x0000000000003b7e      0x108 CMakeFiles/pwm_test.dir/home/luka/pico/pico-sdk/src/rp2_common/hardware_adc/adc.c.obj
 .debug_abbrev  0x0000000000003c86       0x14 /usr/lib/gcc/arm-none-eabi/10.3.1/thumb/v6-m/nofp/libgcc.a(_dvmd_tls.o)
 .debug_abbrev  0x0000000000003c9a       0x8f /usr/lib/gcc/arm-none-eabi/10.3.1/../../../arm-none-eabi/lib/thumb/v6-m/nofp/libg.a(lib_a-strlen-stub.o)

.debug_loc      0x0000000000000000     0xe7ac
 .debug_loc     0x0000000000000000      0xd23 CMakeFiles/pwm_test.dir/pwm_test.c.obj
 .debug_loc     0x0000000000000d23     0x118d CMakeFiles/pwm_test.dir/home/luka/pico/pico-sdk/src/rp2_common/hardware_gpio/gpio.c.obj
 .debug_loc     0x0000000000001eb0       0xe9 CMakeFiles/pwm_test.dir/home/luka/pico/pico-sdk/src/rp2_common/pico_platform/platform.c.obj
 .debug_loc     0x0000000000001f99      0x45f CMakeFiles/pwm_test.dir/home/luka/pico/pico-sdk/src/rp2_common/hardware_claim/claim.c.obj
 .debug_loc     0x00000000000023f8      0x233 CMakeFiles/pwm_test.dir/home/luka/pico/pico-sdk/src/rp2_common/hardware_sync/sync.c.obj
 .debug_loc     0x000000000000262b     0x13f5 CMakeFiles/pwm_test.dir/home/luka/pico/pico-sdk/src/rp2_common/hardware_irq/irq.c.obj
 .debug_loc     0x0000000000003a20       0x60 CMakeFiles/pwm_test.dir/home/luka/pico/pico-sdk/src/common/pico_sync/lock_core.c.obj
 .debug_loc     0x0000000000003a80     0x152e CMakeFiles/pwm_test.dir/home/luka/pico/pico-sdk/src/common/pico_sync/mutex.c.obj
 .debug_loc     0x0000000000004fae     0x31cb CMakeFiles/pwm_test.dir/home/luka/pico/pico-sdk/src/common/pico_time/time.c.obj
 .debug_loc     0x0000000000008179      0xacb CMakeFiles/pwm_test.dir/home/luka/pico/pico-sdk/src/rp2_common/hardware_timer/timer.c.obj
 .debug_loc     0x0000000000008c44     0x1446 CMakeFiles/pwm_test.dir/home/luka/pico/pico-sdk/src/common/pico_util/pheap.c.obj
 .debug_loc     0x000000000000a08a      0x81d CMakeFiles/pwm_test.dir/home/luka/pico/pico-sdk/src/rp2_common/hardware_clocks/clocks.c.obj
 .debug_loc     0x000000000000a8a7      0x2f3 CMakeFiles/pwm_test.dir/home/luka/pico/pico-sdk/src/rp2_common/hardware_pll/pll.c.obj
 .debug_loc     0x000000000000ab9a      0x2ec CMakeFiles/pwm_test.dir/home/luka/pico/pico-sdk/src/rp2_common/hardware_watchdog/watchdog.c.obj
 .debug_loc     0x000000000000ae86       0x71 CMakeFiles/pwm_test.dir/home/luka/pico/pico-sdk/src/rp2_common/hardware_xosc/xosc.c.obj
 .debug_loc     0x000000000000aef7      0x674 CMakeFiles/pwm_test.dir/home/luka/pico/pico-sdk/src/rp2_common/pico_runtime/runtime.c.obj
 .debug_loc     0x000000000000b56b     0x2095 CMakeFiles/pwm_test.dir/home/luka/pico/pico-sdk/src/rp2_common/pico_printf/printf.c.obj
 .debug_loc     0x000000000000d600      0x1a1 CMakeFiles/pwm_test.dir/home/luka/pico/pico-sdk/src/rp2_common/pico_bootrom/bootrom.c.obj
 .debug_loc     0x000000000000d7a1       0x59 CMakeFiles/pwm_test.dir/home/luka/pico/pico-sdk/src/rp2_common/pico_double/double_init_rom.c.obj
 .debug_loc     0x000000000000d7fa       0x73 CMakeFiles/pwm_test.dir/home/luka/pico/pico-sdk/src/rp2_common/pico_float/float_init_rom.c.obj
 .debug_loc     0x000000000000d86d      0xe23 CMakeFiles/pwm_test.dir/home/luka/pico/pico-sdk/src/rp2_common/pico_stdio/stdio.c.obj
 .debug_loc     0x000000000000e690       0x8c CMakeFiles/pwm_test.dir/home/luka/pico/pico-sdk/src/rp2_common/hardware_adc/adc.c.obj
 .debug_loc     0x000000000000e71c       0x90 /usr/lib/gcc/arm-none-eabi/10.3.1/../../../arm-none-eabi/lib/thumb/v6-m/nofp/libg.a(lib_a-strlen-stub.o)

.debug_aranges  0x0000000000000000      0xdf8
 .debug_aranges
                0x0000000000000000       0x20 CMakeFiles/pwm_test.dir/pwm_test.c.obj
 .debug_aranges
                0x0000000000000020      0x100 CMakeFiles/pwm_test.dir/home/luka/pico/pico-sdk/src/rp2_common/hardware_gpio/gpio.c.obj
 .debug_aranges
                0x0000000000000120       0x28 CMakeFiles/pwm_test.dir/home/luka/pico/pico-sdk/src/rp2_common/pico_platform/platform.c.obj
 .debug_aranges
                0x0000000000000148       0x48 CMakeFiles/pwm_test.dir/home/luka/pico/pico-sdk/src/rp2_common/hardware_claim/claim.c.obj
 .debug_aranges
                0x0000000000000190       0x58 CMakeFiles/pwm_test.dir/home/luka/pico/pico-sdk/src/rp2_common/hardware_sync/sync.c.obj
 .debug_aranges
                0x00000000000001e8       0xc8 CMakeFiles/pwm_test.dir/home/luka/pico/pico-sdk/src/rp2_common/hardware_irq/irq.c.obj
 .debug_aranges
                0x00000000000002b0       0x20 CMakeFiles/pwm_test.dir/home/luka/pico/pico-sdk/src/common/pico_sync/lock_core.c.obj
 .debug_aranges
                0x00000000000002d0       0x90 CMakeFiles/pwm_test.dir/home/luka/pico/pico-sdk/src/common/pico_sync/mutex.c.obj
 .debug_aranges
                0x0000000000000360       0xe8 CMakeFiles/pwm_test.dir/home/luka/pico/pico-sdk/src/common/pico_time/time.c.obj
 .debug_aranges
                0x0000000000000448       0x88 CMakeFiles/pwm_test.dir/home/luka/pico/pico-sdk/src/rp2_common/hardware_timer/timer.c.obj
 .debug_aranges
                0x00000000000004d0       0x78 CMakeFiles/pwm_test.dir/home/luka/pico/pico-sdk/src/common/pico_util/pheap.c.obj
 .debug_aranges
                0x0000000000000548       0x70 CMakeFiles/pwm_test.dir/home/luka/pico/pico-sdk/src/rp2_common/hardware_clocks/clocks.c.obj
 .debug_aranges
                0x00000000000005b8       0x28 CMakeFiles/pwm_test.dir/home/luka/pico/pico-sdk/src/rp2_common/hardware_pll/pll.c.obj
 .debug_aranges
                0x00000000000005e0       0x58 CMakeFiles/pwm_test.dir/home/luka/pico/pico-sdk/src/rp2_common/hardware_watchdog/watchdog.c.obj
 .debug_aranges
                0x0000000000000638       0x30 CMakeFiles/pwm_test.dir/home/luka/pico/pico-sdk/src/rp2_common/hardware_xosc/xosc.c.obj
 .debug_aranges
                0x0000000000000668       0x88 CMakeFiles/pwm_test.dir/home/luka/pico/pico-sdk/src/rp2_common/pico_runtime/runtime.c.obj
 .debug_aranges
                0x00000000000006f0       0x90 CMakeFiles/pwm_test.dir/home/luka/pico/pico-sdk/src/rp2_common/pico_printf/printf.c.obj
 .debug_aranges
                0x0000000000000780       0x68 CMakeFiles/pwm_test.dir/home/luka/pico/pico-sdk/src/rp2_common/pico_bit_ops/bit_ops_aeabi.S.obj
 .debug_aranges
                0x00000000000007e8       0x30 CMakeFiles/pwm_test.dir/home/luka/pico/pico-sdk/src/rp2_common/pico_bootrom/bootrom.c.obj
 .debug_aranges
                0x0000000000000818       0x40 CMakeFiles/pwm_test.dir/home/luka/pico/pico-sdk/src/rp2_common/pico_divider/divider.S.obj
 .debug_aranges
                0x0000000000000858      0x140 CMakeFiles/pwm_test.dir/home/luka/pico/pico-sdk/src/rp2_common/pico_double/double_aeabi.S.obj
 .debug_aranges
                0x0000000000000998       0x20 CMakeFiles/pwm_test.dir/home/luka/pico/pico-sdk/src/rp2_common/pico_double/double_init_rom.c.obj
 .debug_aranges
                0x00000000000009b8       0xc8 CMakeFiles/pwm_test.dir/home/luka/pico/pico-sdk/src/rp2_common/pico_double/double_v1_rom_shim.S.obj
 .debug_aranges
                0x0000000000000a80      0x130 CMakeFiles/pwm_test.dir/home/luka/pico/pico-sdk/src/rp2_common/pico_float/float_aeabi.S.obj
 .debug_aranges
                0x0000000000000bb0       0x20 CMakeFiles/pwm_test.dir/home/luka/pico/pico-sdk/src/rp2_common/pico_float/float_init_rom.c.obj
 .debug_aranges
                0x0000000000000bd0       0x50 CMakeFiles/pwm_test.dir/home/luka/pico/pico-sdk/src/rp2_common/pico_float/float_v1_rom_shim.S.obj
 .debug_aranges
                0x0000000000000c20       0x38 CMakeFiles/pwm_test.dir/home/luka/pico/pico-sdk/src/rp2_common/pico_mem_ops/mem_ops_aeabi.S.obj
 .debug_aranges
                0x0000000000000c58       0x28 CMakeFiles/pwm_test.dir/home/luka/pico/pico-sdk/src/rp2_common/pico_standard_link/crt0.S.obj
 .debug_aranges
                0x0000000000000c80       0x18 CMakeFiles/pwm_test.dir/home/luka/pico/pico-sdk/src/rp2_common/pico_standard_link/binary_info.c.obj
 .debug_aranges
                0x0000000000000c98      0x100 CMakeFiles/pwm_test.dir/home/luka/pico/pico-sdk/src/rp2_common/pico_stdio/stdio.c.obj
 .debug_aranges
                0x0000000000000d98       0x20 CMakeFiles/pwm_test.dir/home/luka/pico/pico-sdk/src/rp2_common/hardware_adc/adc.c.obj
 .debug_aranges
                0x0000000000000db8       0x20 /usr/lib/gcc/arm-none-eabi/10.3.1/thumb/v6-m/nofp/libgcc.a(_dvmd_tls.o)
 .debug_aranges
                0x0000000000000dd8       0x20 /usr/lib/gcc/arm-none-eabi/10.3.1/../../../arm-none-eabi/lib/thumb/v6-m/nofp/libg.a(lib_a-strlen-stub.o)

.debug_ranges   0x0000000000000000     0x31d8
 .debug_ranges  0x0000000000000000      0x240 CMakeFiles/pwm_test.dir/pwm_test.c.obj
 .debug_ranges  0x0000000000000240      0x150 CMakeFiles/pwm_test.dir/home/luka/pico/pico-sdk/src/rp2_common/hardware_gpio/gpio.c.obj
 .debug_ranges  0x0000000000000390       0x18 CMakeFiles/pwm_test.dir/home/luka/pico/pico-sdk/src/rp2_common/pico_platform/platform.c.obj
 .debug_ranges  0x00000000000003a8       0xd8 CMakeFiles/pwm_test.dir/home/luka/pico/pico-sdk/src/rp2_common/hardware_claim/claim.c.obj
 .debug_ranges  0x0000000000000480       0xf0 CMakeFiles/pwm_test.dir/home/luka/pico/pico-sdk/src/rp2_common/hardware_sync/sync.c.obj
 .debug_ranges  0x0000000000000570      0x400 CMakeFiles/pwm_test.dir/home/luka/pico/pico-sdk/src/rp2_common/hardware_irq/irq.c.obj
 .debug_ranges  0x0000000000000970       0x10 CMakeFiles/pwm_test.dir/home/luka/pico/pico-sdk/src/common/pico_sync/lock_core.c.obj
 .debug_ranges  0x0000000000000980      0xac0 CMakeFiles/pwm_test.dir/home/luka/pico/pico-sdk/src/common/pico_sync/mutex.c.obj
 .debug_ranges  0x0000000000001440      0xcb8 CMakeFiles/pwm_test.dir/home/luka/pico/pico-sdk/src/common/pico_time/time.c.obj
 .debug_ranges  0x00000000000020f8      0x3d0 CMakeFiles/pwm_test.dir/home/luka/pico/pico-sdk/src/rp2_common/hardware_timer/timer.c.obj
 .debug_ranges  0x00000000000024c8      0x248 CMakeFiles/pwm_test.dir/home/luka/pico/pico-sdk/src/common/pico_util/pheap.c.obj
 .debug_ranges  0x0000000000002710       0x60 CMakeFiles/pwm_test.dir/home/luka/pico/pico-sdk/src/rp2_common/hardware_clocks/clocks.c.obj
 .debug_ranges  0x0000000000002770       0x30 CMakeFiles/pwm_test.dir/home/luka/pico/pico-sdk/src/rp2_common/hardware_pll/pll.c.obj
 .debug_ranges  0x00000000000027a0       0x48 CMakeFiles/pwm_test.dir/home/luka/pico/pico-sdk/src/rp2_common/hardware_watchdog/watchdog.c.obj
 .debug_ranges  0x00000000000027e8       0x20 CMakeFiles/pwm_test.dir/home/luka/pico/pico-sdk/src/rp2_common/hardware_xosc/xosc.c.obj
 .debug_ranges  0x0000000000002808      0x168 CMakeFiles/pwm_test.dir/home/luka/pico/pico-sdk/src/rp2_common/pico_runtime/runtime.c.obj
 .debug_ranges  0x0000000000002970      0x108 CMakeFiles/pwm_test.dir/home/luka/pico/pico-sdk/src/rp2_common/pico_printf/printf.c.obj
 .debug_ranges  0x0000000000002a78       0x60 CMakeFiles/pwm_test.dir/home/luka/pico/pico-sdk/src/rp2_common/pico_bit_ops/bit_ops_aeabi.S.obj
 .debug_ranges  0x0000000000002ad8       0x38 CMakeFiles/pwm_test.dir/home/luka/pico/pico-sdk/src/rp2_common/pico_bootrom/bootrom.c.obj
 .debug_ranges  0x0000000000002b10       0x38 CMakeFiles/pwm_test.dir/home/luka/pico/pico-sdk/src/rp2_common/pico_divider/divider.S.obj
 .debug_ranges  0x0000000000002b48      0x138 CMakeFiles/pwm_test.dir/home/luka/pico/pico-sdk/src/rp2_common/pico_double/double_aeabi.S.obj
 .debug_ranges  0x0000000000002c80       0x30 CMakeFiles/pwm_test.dir/home/luka/pico/pico-sdk/src/rp2_common/pico_double/double_init_rom.c.obj